<?xml version="1.0" encoding="UTF-8"?>
<selftest xmlns="https://www.keenetic.com/ns/ndm" version="0.1">
    <!-- cat -->
    <file name="ndm:sharing-config">
        <![CDATA[
! $$$ Model: Keenetic Giga
! $$$ Version: 2.06.1
! $$$ Agent: http/rci
! $$$ Md5 checksum: 7a20baa4e3077897b3850460eac8b1b7
! $$$ Last change: Thu,  1 Jan 1970 00:13:38 GMT
! $$$ Username: admin

system
    set net.ipv4.ip_forward 1
    set net.ipv4.tcp_fin_timeout 30
    set net.ipv4.tcp_keepalive_time 120
    set net.ipv4.neigh.default.gc_thresh1 256
    set net.ipv4.neigh.default.gc_thresh2 1024
    set net.ipv4.neigh.default.gc_thresh3 2048
    set net.ipv6.neigh.default.gc_thresh1 256
    set net.ipv6.neigh.default.gc_thresh2 1024
    set net.ipv6.neigh.default.gc_thresh3 2048
    set net.netfilter.nf_conntrack_tcp_timeout_established 1200
    set net.netfilter.nf_conntrack_max 32768
    set vm.swappiness 60
    set vm.overcommit_memory 0
    set vm.vfs_cache_pressure 1000
    set dev.usb.force_usb2 0
    led FN_2 indicate SelectedWan
    domainname WORKGROUP
    hostname Keenetic-3760
    caption default
!
ntp server 0.pool.ntp.org
ntp server 1.pool.ntp.org
ntp server 2.pool.ntp.org
ntp server 3.pool.ntp.org
isolate-private
user admin
    password md5 ***
    password nt ***
    tag cli
    tag http
    tag cifs
    tag printers
    tag webdav
!
interface GigabitEthernet0
    up
!
interface GigabitEthernet0/0
    rename 1
    switchport mode access
    switchport access vlan 1
    up
!
interface GigabitEthernet0/1
    rename 2
    switchport mode access
    switchport access vlan 1
    up
!
interface GigabitEthernet0/2
    rename 3
    switchport mode access
    switchport access vlan 1
    up
!
interface GigabitEthernet0/3
    rename 4
    switchport mode access
    switchport access vlan 1
    up
!
interface GigabitEthernet0/Vlan1
    description "Home VLAN"
    security-level private
    ip dhcp client dns-routes
    ip dhcp client name-servers
    up
!
interface GigabitEthernet0/Vlan3
    description "Guest VLAN"
    security-level protected
    ip dhcp client dns-routes
    ip dhcp client name-servers
    up
!
interface GigabitEthernet1
    rename ISP
    description "Broadband connection"
    mac address factory wan
    security-level public
    ip address dhcp
    ip dhcp client dns-routes
    ip dhcp client name-servers
    ip global 700
    igmp upstream
    up
!
interface GigabitEthernet1/0
    rename 0
    up
!
interface WifiMaster0
    compatibility BGN+AX
    tx-burst
    rekey-interval 86400
    beamforming explicit
    vht
    downlink-mumimo
    uplink-mumimo
    spatial-reuse
    up
!
interface WifiMaster0/AccessPoint0
    rename AccessPoint
    description "Wi-Fi access point"
    mac access-list type none
    security-level private
    wps
    authentication wpa-psk ns3 ***
    encryption enable
    encryption wpa2
    ip dhcp client dns-routes
    ip dhcp client name-servers
    ssid Keenetic-3760
    wmm
    rrm
    ft mdid 9t
    ft enable
    up
!
interface WifiMaster0/AccessPoint1
    rename GuestWiFi
    description "Guest access point"
    mac access-list type none
    security-level private
    ip dhcp client dns-routes
    ip dhcp client name-servers
    ssid Guest
    wmm
    rrm
    ft mdid dt
    ft enable
    down
!
interface WifiMaster0/AccessPoint2
    mac access-list type none
    security-level private
    ip dhcp client dns-routes
    ip dhcp client name-servers
    down
!
interface WifiMaster0/AccessPoint3
    mac access-list type none
    security-level private
    ip dhcp client dns-routes
    ip dhcp client name-servers
    down
!
interface WifiMaster0/WifiStation0
    security-level public
    encryption disable
    ip dhcp client dns-routes
    ip dhcp client name-servers
    down
!
interface WifiMaster1
    compatibility AN+AC+AX
    tx-burst
    rekey-interval 86400
    beamforming explicit
    downlink-mumimo
    uplink-mumimo
    spatial-reuse
    up
!
interface WifiMaster1/AccessPoint0
    rename AccessPoint_5G
    description "5GHz Wi-Fi access point"
    mac access-list type none
    security-level private
    wps
    authentication wpa-psk ns3 ***
    encryption enable
    encryption wpa2
    ip dhcp client dns-routes
    ip dhcp client name-servers
    ssid Keenetic-3760
    wmm
    rrm
    ft mdid 9t
    ft enable
    follow AccessPoint
    up
!
interface WifiMaster1/AccessPoint1
    rename GuestWiFi_5G
    description "5GHz Guest access point"
    mac access-list type none
    security-level private
    encryption disable
    ip dhcp client dns-routes
    ip dhcp client name-servers
    ssid Guest
    rrm
    ft mdid dt
    ft enable
    follow GuestWiFi
    down
!
interface WifiMaster1/AccessPoint2
    mac access-list type none
    security-level private
    ip dhcp client dns-routes
    ip dhcp client name-servers
    down
!
interface WifiMaster1/AccessPoint3
    mac access-list type none
    security-level private
    ip dhcp client dns-routes
    ip dhcp client name-servers
    down
!
interface WifiMaster1/WifiStation0
    security-level public
    encryption disable
    ip dhcp client dns-routes
    ip dhcp client name-servers
    down
!
interface CdcEthernet0
    description "\xd0\x9f\xd0\xbe\xd0\xb4\xd0\xba\xd0\xbb\xd1\x8e\xd1\x87\xd0\xb5\xd0\xbd\xd0\xb8\xd0\xb5 4G/3G"
    usb device-id 19d2 1405
    security-level public
    ip address dhcp
    ip dhcp client dns-routes
    ip dhcp client name-servers
    ip global 33117
    ping-check profile default
    led wan
    up
!
interface Bridge0
    rename Home
    description "Home network"
    inherit GigabitEthernet0/Vlan1
    include AccessPoint
    include AccessPoint_5G
    mac access-list type none
    security-level private
    ip address 192.168.1.1 255.255.255.0
    ip dhcp client dns-routes
    ip dhcp client name-servers
    igmp downstream
    iapp key ns3 ***
    up
!
interface Bridge1
    rename Guest
    description "Guest network"
    traffic-shape rate 5120
    inherit GigabitEthernet0/Vlan3
    include GuestWiFi
    include GuestWiFi_5G
    mac access-list type none
    peer-isolation
    security-level protected
    ip address 10.1.30.1 255.255.255.0
    ip dhcp client dns-routes
    ip dhcp client name-servers
    iapp key ns3 ***
    up
!
ip dhcp pool _WEBADMIN
    range 192.168.1.33 192.168.1.152
    bind Home
    enable
!
ip dhcp pool _WEBADMIN_GUEST_AP
    range 10.1.30.33 10.1.30.152
    bind Guest
    enable
!
ip http security-level private
ip http lockout-policy 5 15 3
ip http ssl enable
ip http ssl redirect
ip http webdav
    security-level public
!
ip nat Home
ip nat Guest
ip telnet
    security-level private
    lockout-policy 5 15 3
!
ppe software
ppe hardware
upnp lan Home
service dhcp
service dns-proxy
service igmp-proxy
service http
service cifs
service telnet
service ntp-client
service upnp
cifs
    automount
    permissive
!
dns-proxy
    rebind-protect auto
!
easyconfig disable
components
    auto-update channel stable
!
cloud control2 security-level public
!

]]>
    </file>
    <file name="ndm:log">
        <![CDATA[
[I] Jan  1 00:00:04 kernel: Linux version 4.9-ndm-5 (developers@keenetic.com) (gcc version 11.2.0 (crosstool-NG 1.24.0-rc2-ndm-23 - NDMS Toolkit 1.0.0) ) #2 SMP Sat Jan 15 21:44:04 MSK 2022
[I] Jan  1 00:00:04 kernel: MediaTek SoC: MT7621A, RevID: 0104, RAM: DDR3, XTAL: 40MHz
[I] Jan  1 00:00:04 kernel: CPU/OCP/SYS frequency: 880/293/220 MHz
[I] Jan  1 00:00:04 kernel: SoC power status: power-on reset
[I] Jan  1 00:00:04 kernel: bootconsole [early0] enabled
[I] Jan  1 00:00:04 kernel: CPU0 revision is: 0001992f (MIPS 1004Kc)
[I] Jan  1 00:00:04 kernel: Determined physical RAM map:
[I] Jan  1 00:00:04 kernel:  memory: 1c000000 @ 00000000 (usable)
[I] Jan  1 00:00:04 kernel:  memory: 04000000 @ 20000000 (usable)
[I] Jan  1 00:00:04 kernel: VPE topology {2,2} total 4
[I] Jan  1 00:00:04 kernel: Primary instruction cache 32kB, VIPT, 4-way, linesize 32 bytes.
[I] Jan  1 00:00:04 kernel: Primary data cache 32kB, 4-way, PIPT, no aliases, linesize 32 bytes
[I] Jan  1 00:00:04 kernel: MIPS secondary cache 256kB, 8-way, linesize 32 bytes.
[I] Jan  1 00:00:04 kernel: Zone ranges:
[I] Jan  1 00:00:04 kernel:   DMA      [mem 0x0000000000000000-0x0000000000ffffff]
[I] Jan  1 00:00:04 kernel:   Normal   [mem 0x0000000001000000-0x000000001fffffff]
[I] Jan  1 00:00:04 kernel:   HighMem  [mem 0x0000000020000000-0x0000000023ffffff]
[I] Jan  1 00:00:04 kernel: Movable zone start for each node
[I] Jan  1 00:00:04 kernel: Early memory node ranges
[I] Jan  1 00:00:04 kernel:   node   0: [mem 0x0000000000000000-0x000000001bffffff]
[I] Jan  1 00:00:04 kernel:   node   0: [mem 0x0000000020000000-0x0000000023ffffff]
[I] Jan  1 00:00:04 kernel: Initmem setup node 0 [mem 0x0000000000000000-0x0000000023ffffff]
[I] Jan  1 00:00:04 kernel: On node 0 totalpages: 131072
[I] Jan  1 00:00:04 kernel: free_area_init_node: node 0, pgdat 814afbc0, node_mem_map 81504000
[I] Jan  1 00:00:04 kernel:   DMA zone: 32 pages used for memmap
[I] Jan  1 00:00:04 kernel:   DMA zone: 0 pages reserved
[I] Jan  1 00:00:04 kernel:   DMA zone: 4096 pages, LIFO batch:0
[I] Jan  1 00:00:04 kernel:   Normal zone: 992 pages used for memmap
[I] Jan  1 00:00:04 kernel:   Normal zone: 110592 pages, LIFO batch:31
[I] Jan  1 00:00:04 kernel:   HighMem zone: 16384 pages, LIFO batch:3
[I] Jan  1 00:00:04 kernel: percpu: Embedded 12 pages/cpu s18224 r8192 d22736 u49152
[I] Jan  1 00:00:04 kernel: pcpu-alloc: s18224 r8192 d22736 u49152 alloc=12*4096
[I] Jan  1 00:00:04 kernel: pcpu-alloc: [0] 0 [0] 1 [0] 2 [0] 3 
[I] Jan  1 00:00:04 kernel: Built 1 zonelists in Zone order, mobility grouping on.  Total pages: 130048
[I] Jan  1 00:00:04 kernel: Kernel command line: console=ttyS0,115200n8
[I] Jan  1 00:00:04 kernel: log_buf_len individual max cpu contribution: 4096 bytes
[I] Jan  1 00:00:04 kernel: log_buf_len total cpu_extra contributions: 12288 bytes
[I] Jan  1 00:00:04 kernel: log_buf_len min size: 16384 bytes
[I] Jan  1 00:00:04 kernel: log_buf_len: 32768 bytes
[I] Jan  1 00:00:04 kernel: early log buf free: 13864(84%)
[I] Jan  1 00:00:04 kernel: PID hash table entries: 2048 (order: 1, 8192 bytes)
[I] Jan  1 00:00:04 kernel: Dentry cache hash table entries: 65536 (order: 6, 262144 bytes)
[I] Jan  1 00:00:04 kernel: Inode-cache hash table entries: 32768 (order: 5, 131072 bytes)
[I] Jan  1 00:00:04 kernel: Writing ErrCtl register=0000e020
[I] Jan  1 00:00:04 kernel: Readback ErrCtl register=0000e020
[I] Jan  1 00:00:04 kernel: Memory: 513900K/524288K available (3927K kernel code, 169K rwdata, 692K rodata, 188K init, 117K bss, 10388K reserved, 0K cma-reserved, 65536K highmem)
[I] Jan  1 00:00:04 kernel: Hierarchical RCU implementation.
[I] Jan  1 00:00:04 kernel:  Build-time adjustment of leaf fanout to 32.
[I] Jan  1 00:00:04 kernel: NR_IRQS:79
[I] Jan  1 00:00:04 kernel: MIPS GIC RevID: 3.0
[I] Jan  1 00:00:04 kernel: clocksource: MIPS: mask: 0xffffffff max_cycles: 0xffffffff, max_idle_ns: 4343773742 ns
[I] Jan  1 00:00:04 kernel: sched_clock: 32 bits at 440MHz, resolution 2ns, wraps every 4880645118ns
[I] Jan  1 00:00:04 kernel: console [ttyS0] enabled
[I] Jan  1 00:00:04 kernel: bootconsole [early0] disabled
[I] Jan  1 00:00:04 kernel: Calibrating delay loop... 583.68 BogoMIPS (lpj=1167360)
[I] Jan  1 00:00:04 kernel: pid_max: default: 32768 minimum: 301
[I] Jan  1 00:00:04 kernel: Mount-cache hash table entries: 1024 (order: 0, 4096 bytes)
[I] Jan  1 00:00:04 kernel: Mountpoint-cache hash table entries: 1024 (order: 0, 4096 bytes)
[I] Jan  1 00:00:04 kernel: Primary instruction cache 32kB, VIPT, 4-way, linesize 32 bytes.
[I] Jan  1 00:00:04 kernel: Primary data cache 32kB, 4-way, PIPT, no aliases, linesize 32 bytes
[I] Jan  1 00:00:04 kernel: MIPS secondary cache 256kB, 8-way, linesize 32 bytes.
[I] Jan  1 00:00:04 kernel: CPU1 revision is: 0001992f (MIPS 1004Kc)
[I] Jan  1 00:00:04 kernel: Synchronize counters for CPU 1: done.
[I] Jan  1 00:00:04 kernel: Primary instruction cache 32kB, VIPT, 4-way, linesize 32 bytes.
[I] Jan  1 00:00:04 kernel: Primary data cache 32kB, 4-way, PIPT, no aliases, linesize 32 bytes
[I] Jan  1 00:00:04 kernel: MIPS secondary cache 256kB, 8-way, linesize 32 bytes.
[I] Jan  1 00:00:04 kernel: CPU2 revision is: 0001992f (MIPS 1004Kc)
[I] Jan  1 00:00:04 kernel: Synchronize counters for CPU 2: done.
[I] Jan  1 00:00:04 kernel: Primary instruction cache 32kB, VIPT, 4-way, linesize 32 bytes.
[I] Jan  1 00:00:04 kernel: Primary data cache 32kB, 4-way, PIPT, no aliases, linesize 32 bytes
[I] Jan  1 00:00:04 kernel: MIPS secondary cache 256kB, 8-way, linesize 32 bytes.
[I] Jan  1 00:00:04 kernel: CPU3 revision is: 0001992f (MIPS 1004Kc)
[I] Jan  1 00:00:04 kernel: Synchronize counters for CPU 3: done.
[I] Jan  1 00:00:04 kernel: Brought up 4 CPUs
[I] Jan  1 00:00:04 kernel: clocksource: jiffies: mask: 0xffffffff max_cycles: 0xffffffff, max_idle_ns: 7645041785100000 ns
[I] Jan  1 00:00:04 kernel: futex hash table entries: 1024 (order: 3, 32768 bytes)
[I] Jan  1 00:00:04 kernel: NET: Registered protocol family 16
[I] Jan  1 00:00:04 kernel: random: fast init done
[I] Jan  1 00:00:04 kernel: PCI host bridge to bus 0000:00
[I] Jan  1 00:00:04 kernel: pci_bus 0000:00: root bus resource [mem 0x60000000-0x6fffffff]
[I] Jan  1 00:00:04 kernel: pci_bus 0000:00: root bus resource [io  0x1e160000-0x1e16ffff]
[I] Jan  1 00:00:04 kernel: pci_bus 0000:00: root bus resource [??? 0x00000000 flags 0x0]
[I] Jan  1 00:00:04 kernel: pci_bus 0000:00: No busn resource found for root bus, will use [bus 00-ff]
[I] Jan  1 00:00:04 kernel: pci 0000:00:00.0: [0e8d:0801] type 01 class 0x060400
[I] Jan  1 00:00:04 kernel: pci 0000:00:00.0: reg 0x10: [mem 0x00000000-0x7fffffff]
[I] Jan  1 00:00:04 kernel: pci 0000:00:00.0: supports D1
[I] Jan  1 00:00:04 kernel: pci 0000:00:00.0: PME# supported from D0 D1 D3hot
[I] Jan  1 00:00:04 kernel: pci 0000:00:01.0: [0e8d:0801] type 01 class 0x060400
[I] Jan  1 00:00:04 kernel: pci 0000:00:01.0: reg 0x10: [mem 0x00000000-0x7fffffff]
[I] Jan  1 00:00:04 kernel: pci 0000:00:01.0: supports D1
[I] Jan  1 00:00:04 kernel: pci 0000:00:01.0: PME# supported from D0 D1 D3hot
[I] Jan  1 00:00:04 kernel: pci 0000:00:00.0: bridge configuration invalid ([bus 00-00]), reconfiguring
[I] Jan  1 00:00:04 kernel: pci 0000:00:01.0: bridge configuration invalid ([bus 00-00]), reconfiguring
[I] Jan  1 00:00:04 kernel: pci 0000:01:00.0: [14c3:7916] type 00 class 0x000280
[I] Jan  1 00:00:04 kernel: pci 0000:01:00.0: reg 0x10: [mem 0x00000000-0x000fffff 64bit pref]
[I] Jan  1 00:00:04 kernel: pci 0000:01:00.0: reg 0x18: [mem 0x00000000-0x00003fff 64bit pref]
[I] Jan  1 00:00:04 kernel: pci 0000:01:00.0: reg 0x20: [mem 0x00000000-0x00000fff 64bit pref]
[I] Jan  1 00:00:04 kernel: pci 0000:01:00.0: supports D1 D2
[I] Jan  1 00:00:04 kernel: pci 0000:01:00.0: PME# supported from D0 D1 D2 D3hot D3cold
[I] Jan  1 00:00:04 kernel: pci_bus 0000:01: busn_res: [bus 01-ff] end is updated to 01
[I] Jan  1 00:00:04 kernel: pci 0000:02:00.0: [14c3:7915] type 00 class 0x000280
[I] Jan  1 00:00:04 kernel: pci 0000:02:00.0: reg 0x10: [mem 0x00000000-0x000fffff 64bit pref]
[I] Jan  1 00:00:04 kernel: pci 0000:02:00.0: reg 0x18: [mem 0x00000000-0x00003fff 64bit pref]
[I] Jan  1 00:00:04 kernel: pci 0000:02:00.0: reg 0x20: [mem 0x00000000-0x00000fff 64bit pref]
[I] Jan  1 00:00:04 kernel: pci 0000:02:00.0: supports D1 D2
[I] Jan  1 00:00:04 kernel: pci 0000:02:00.0: PME# supported from D0 D1 D2 D3hot D3cold
[I] Jan  1 00:00:04 kernel: pci_bus 0000:02: busn_res: [bus 02-ff] end is updated to 02
[I] Jan  1 00:00:04 kernel: pci_bus 0000:00: busn_res: [bus 00-ff] end is updated to 02
[I] Jan  1 00:00:04 kernel: pci 0000:00:00.0: BAR 0: no space for [mem size 0x80000000]
[I] Jan  1 00:00:04 kernel: pci 0000:00:00.0: BAR 0: failed to assign [mem size 0x80000000]
[I] Jan  1 00:00:04 kernel: pci 0000:00:01.0: BAR 0: no space for [mem size 0x80000000]
[I] Jan  1 00:00:04 kernel: pci 0000:00:01.0: BAR 0: failed to assign [mem size 0x80000000]
[I] Jan  1 00:00:04 kernel: pci 0000:00:00.0: BAR 9: assigned [mem 0x60000000-0x601fffff pref]
[I] Jan  1 00:00:04 kernel: pci 0000:00:01.0: BAR 9: assigned [mem 0x60200000-0x603fffff pref]
[I] Jan  1 00:00:04 kernel: pci 0000:01:00.0: BAR 0: assigned [mem 0x60000000-0x600fffff 64bit pref]
[I] Jan  1 00:00:04 kernel: pci 0000:01:00.0: BAR 2: assigned [mem 0x60100000-0x60103fff 64bit pref]
[I] Jan  1 00:00:04 kernel: pci 0000:01:00.0: BAR 4: assigned [mem 0x60104000-0x60104fff 64bit pref]
[I] Jan  1 00:00:04 kernel: pci 0000:00:00.0: PCI bridge to [bus 01]
[I] Jan  1 00:00:04 kernel: pci 0000:00:00.0:   bridge window [mem 0x60000000-0x601fffff pref]
[I] Jan  1 00:00:04 kernel: pci 0000:02:00.0: BAR 0: assigned [mem 0x60200000-0x602fffff 64bit pref]
[I] Jan  1 00:00:04 kernel: pci 0000:02:00.0: BAR 2: assigned [mem 0x60300000-0x60303fff 64bit pref]
[I] Jan  1 00:00:04 kernel: pci 0000:02:00.0: BAR 4: assigned [mem 0x60304000-0x60304fff 64bit pref]
[I] Jan  1 00:00:04 kernel: pci 0000:00:01.0: PCI bridge to [bus 02]
[I] Jan  1 00:00:04 kernel: pci 0000:00:01.0:   bridge window [mem 0x60200000-0x603fffff pref]
[I] Jan  1 00:00:04 kernel: clocksource: Switched to clocksource MIPS
[I] Jan  1 00:00:04 kernel: NET: Registered protocol family 2
[I] Jan  1 00:00:04 kernel: IP idents hash table entries: 8192 (order: 4, 65536 bytes)
[I] Jan  1 00:00:04 kernel: TCP established hash table entries: 16384 (order: 4, 65536 bytes)
[I] Jan  1 00:00:04 kernel: TCP bind hash table entries: 16384 (order: 5, 131072 bytes)
[I] Jan  1 00:00:04 kernel: TCP: Hash tables configured (established 16384 bind 16384)
[I] Jan  1 00:00:04 kernel: UDP hash table entries: 256 (order: 1, 8192 bytes)
[I] Jan  1 00:00:04 kernel: UDP-Lite hash table entries: 256 (order: 1, 8192 bytes)
[I] Jan  1 00:00:04 kernel: NET: Registered protocol family 1
[I] Jan  1 00:00:04 kernel: PCI: CLS 0 bytes, default 32
[I] Jan  1 00:00:04 kernel: workingset: timestamp_bits=29 max_order=17 bucket_order=0
[I] Jan  1 00:00:04 kernel: squashfs: version 4.0 (2009/01/31) Phillip Lougher
[I] Jan  1 00:00:04 kernel: bounce: pool size: 64 pages
[I] Jan  1 00:00:04 kernel: io scheduler noop registered (default)
[I] Jan  1 00:00:04 kernel: PCI: Enabling device 0000:00:00.0 (0000 -> 0002)
[I] Jan  1 00:00:04 kernel: PCI: Enabling device 0000:00:01.0 (0000 -> 0002)
[I] Jan  1 00:00:04 kernel: Serial: 8250/16550 driver, 2 ports, IRQ sharing disabled
[I] Jan  1 00:00:04 kernel: serial8250: ttyS0 at MMIO 0x1e000c00 (irq = 41, base_baud = 3125000) is a 16550A
[I] Jan  1 00:00:04 kernel: serial8250: ttyS1 at MMIO 0x1e000d00 (irq = 42, base_baud = 3125000) is a 16550A
[I] Jan  1 00:00:04 kernel: ndmpart: registering the NDM partition parser...
[I] Jan  1 00:00:04 kernel: MediaTek NAND driver init, version v2.1
[I] Jan  1 00:00:04 kernel: MTK NFI: NAND ID [C2 F1, 80 91 03 03]
[I] Jan  1 00:00:04 kernel: MTK NFI: NAND chip found in the MTK table: MX30LF1G28AD
[I] Jan  1 00:00:04 kernel: nand: device found, Manufacturer ID: 0xc2, Chip ID: 0xf1
[I] Jan  1 00:00:04 kernel: nand: Macronix NAND 128MiB 3,3V 8-bit
[I] Jan  1 00:00:04 kernel: nand: 128 MiB, SLC, erase size: 128 KiB, page size: 2048, OOB size: 112
[I] Jan  1 00:00:04 kernel: Scanning device for bad blocks
[I] Jan  1 00:00:04 kernel: MTK NFI: success load FACT_BBT from block 1023
[I] Jan  1 00:00:04 kernel: ndmpart: di: active = 1, backup = 1, current = 1
[I] Jan  1 00:00:04 kernel: 17 ndmpart partitions found on MTD device MT7621-NAND
[I] Jan  1 00:00:04 kernel: mtd: creating 17 MTD partitions on "MT7621-NAND":
[I] Jan  1 00:00:04 kernel: 0x000000000000-0x000000080000 : "U-Boot"
[I] Jan  1 00:00:04 kernel: 0x000000080000-0x000000100000 : "U-Config"
[I] Jan  1 00:00:04 kernel: 0x000000100000-0x000000180000 : "RF-EEPROM"
[I] Jan  1 00:00:04 kernel: 0x000000180000-0x000000340000 : "Kernel_1"
[I] Jan  1 00:00:04 kernel: 0x000000340000-0x000002bc0000 : "RootFS_1"
[I] Jan  1 00:00:04 kernel: mtd: device 4 (RootFS_1) set to be root filesystem
[I] Jan  1 00:00:04 kernel: 0x000000180000-0x000002bc0000 : "Firmware_1"
[I] Jan  1 00:00:04 kernel: 0x000002bc0000-0x000002dc0000 : "Config_1"
[I] Jan  1 00:00:04 kernel: 0x000002dc0000-0x000002fc0000 : "Storage_Legacy"
[I] Jan  1 00:00:04 kernel: 0x000002fc0000-0x000003000000 : "Dump"
[I] Jan  1 00:00:04 kernel: 0x000003000000-0x000003fc0000 : "Storage_A"
[I] Jan  1 00:00:04 kernel: 0x000003fc0000-0x000004040000 : "U-State"
[I] Jan  1 00:00:04 kernel: 0x000004040000-0x0000040c0000 : "U-Config_res"
[I] Jan  1 00:00:04 kernel: 0x0000040c0000-0x000004140000 : "RF-EEPROM_res"
[I] Jan  1 00:00:04 kernel: 0x000004140000-0x000006b80000 : "Firmware_2"
[I] Jan  1 00:00:04 kernel: 0x000006b80000-0x000006d80000 : "Config_2"
[I] Jan  1 00:00:04 kernel: 0x000006d80000-0x000007f80000 : "Storage_B"
[I] Jan  1 00:00:04 kernel: 0x000000000000-0x000007f80000 : "Full"
[I] Jan  1 00:00:04 kernel: tun: Universal TUN/TAP device driver, 1.6
[I] Jan  1 00:00:04 kernel: tun: (C) 1999-2004 Max Krasnyansky <maxk@qualcomm.com>
[I] Jan  1 00:00:04 kernel: PPP generic driver version 2.4.2
[I] Jan  1 00:00:04 kernel: PPP MPPE Compression module registered
[I] Jan  1 00:00:04 kernel: NET: Registered protocol family 24
[I] Jan  1 00:00:04 kernel: PPTP driver version 0.8.5
[I] Jan  1 00:00:04 kernel: mips_wdt: watchdog timer activated with 30 second delay
[I] Jan  1 00:00:04 kernel: Netfilter messages via NETLINK v0.30.
[I] Jan  1 00:00:04 kernel: nf_conntrack version 0.5.0 (64512 buckets, 129024 max)
[I] Jan  1 00:00:04 kernel: ctnetlink v0.93: registering with nfnetlink.
[I] Jan  1 00:00:04 kernel: Fast NAT loaded
[I] Jan  1 00:00:04 kernel: ip_set: protocol 6
[I] Jan  1 00:00:04 kernel: ipip: IPv4 and MPLS over IPv4 tunneling driver
[I] Jan  1 00:00:04 kernel: gre: GRE over IPv4 demultiplexor driver
[I] Jan  1 00:00:04 kernel: ip_tables: (C) 2000-2006 Netfilter Core Team
[I] Jan  1 00:00:04 kernel: NET: Registered protocol family 10
[I] Jan  1 00:00:04 kernel: ip6_tables: (C) 2000-2006 Netfilter Core Team
[I] Jan  1 00:00:04 kernel: NET: Registered protocol family 17
[I] Jan  1 00:00:04 kernel: ubridge: Tiny bridge driver, 1.2
[I] Jan  1 00:00:04 kernel: 8021q: 802.1Q VLAN Support v1.8
[I] Jan  1 00:00:04 kernel: VFS: Mounted root (squashfs filesystem) readonly on device 31:4.
[I] Jan  1 00:00:04 kernel: Freeing unused kernel memory: 188K
[I] Jan  1 00:00:04 kernel: This architecture does not have kernel memory protection.
[I] Jan  1 00:00:04 kernel: RNG reseed started
[I] Jan  1 00:00:04 kernel: random: crng init done
[I] Jan  1 00:00:04 kernel: RNG reseeded
[I] Jan  1 00:00:04 ndm: Core::Main: *** 
[I] Jan  1 00:00:04 ndm: Core::Main: *** Network Device Manager 3.08.A.2.0-0. 
[I] Jan  1 00:00:04 ndm: Core::Main: *** Built Jan 15 2022 21:33:50. 
[I] Jan  1 00:00:04 ndm: Core::Main: *** 
[I] Jan  1 00:00:06 ndm: Core::System::DriverManager: loading /lib/modules/4.9-ndm-5/nf_nat_proto_gre.ko. 
[I] Jan  1 00:00:06 ndm: Core::System::DriverManager: loading /lib/modules/4.9-ndm-5/usb-common.ko. 
[I] Jan  1 00:00:06 ndm: Core::System::DriverManager: loading /lib/modules/4.9-ndm-5/tsmb.ko. 
[W] Jan  1 00:00:06 kernel: tsmb: loading out-of-tree module taints kernel.
[W] Jan  1 00:00:06 kernel: tsmb: module license 'Proprietary' taints kernel.
[W] Jan  1 00:00:06 kernel: Disabling lock debugging due to kernel taint
[I] Jan  1 00:00:06 kernel: Loading TSMB module version 3020.9.24.11.
[I] Jan  1 00:00:06 kernel: Built against headers 4.9-ndm-5 SMP mips
[I] Jan  1 00:00:06 kernel: Running on kernel 4.9-ndm-5 #2 SMP Sat Jan 15 21:44:04 MSK 2022 mips
[I] Jan  1 00:00:06 kernel: TSMB module version 3020.9.24.11 loaded.
[I] Jan  1 00:00:06 ndm: Core::System::DriverManager: loading /lib/modules/4.9-ndm-5/crypto_null.ko. 
[I] Jan  1 00:00:06 ndm: Core::System::DriverManager: loading /lib/modules/4.9-ndm-5/udp_tunnel.ko. 
[I] Jan  1 00:00:06 ndm: Core::System::DriverManager: loading /lib/modules/4.9-ndm-5/scsi_mod.ko. 
[I] Jan  1 00:00:06 kernel: SCSI subsystem initialized
[I] Jan  1 00:00:06 ndm: Core::System::DriverManager: loading /lib/modules/4.9-ndm-5/bluetooth.ko. 
[I] Jan  1 00:00:06 kernel: Bluetooth: Core ver 2.22
[I] Jan  1 00:00:06 kernel: NET: Registered protocol family 31
[I] Jan  1 00:00:06 kernel: Bluetooth: HCI device and connection manager initialized
[I] Jan  1 00:00:06 kernel: Bluetooth: HCI socket layer initialized
[I] Jan  1 00:00:06 kernel: Bluetooth: L2CAP socket layer initialized
[I] Jan  1 00:00:06 kernel: Bluetooth: SCO socket layer initialized
[I] Jan  1 00:00:06 ndm: Core::System::DriverManager: loading /lib/modules/4.9-ndm-5/zlib_inflate.ko. 
[I] Jan  1 00:00:06 ndm: Core::System::DriverManager: loading /lib/modules/4.9-ndm-5/ip_gre.ko. 
[I] Jan  1 00:00:06 kernel: ip_gre: GRE over IPv4 tunneling driver
[I] Jan  1 00:00:06 ndm: Core::System::DriverManager: loading /lib/modules/4.9-ndm-5/ndm_storage.ko. 
[I] Jan  1 00:00:06 kernel: Searching for suitable storage partitions...
[I] Jan  1 00:00:06 kernel: Found 1st storage partition of size 16515072 bytes
[I] Jan  1 00:00:06 kernel: Found 2nd storage partition of size 18874368 bytes
[I] Jan  1 00:00:06 kernel: Registering UBI data partitions parser
[W] Jan  1 00:00:06 kernel: Concatenating MTD devices:
[W] Jan  1 00:00:06 kernel: (0): "Storage_A"
[W] Jan  1 00:00:06 kernel: (1): "Storage_B"
[W] Jan  1 00:00:06 kernel: into device "NDM combined UBI partition"
[I] Jan  1 00:00:06 kernel: 1 ndmubipart partitions found on MTD device NDM combined UBI partition
[I] Jan  1 00:00:06 kernel: mtd: creating 1 MTD partitions on "NDM combined UBI partition":
[I] Jan  1 00:00:06 kernel: 0x000000000000-0x0000021c0000 : "Storage"
[I] Jan  1 00:00:06 kernel: Merging storage partitions OK
[I] Jan  1 00:00:06 ndm: Core::System::DriverManager: loading /lib/modules/4.9-ndm-5/nf_conntrack_rtsp.ko. 
[I] Jan  1 00:00:06 kernel: nf_conntrack_rtsp v0.7 loading
[I] Jan  1 00:00:06 ndm: Core::System::DriverManager: loading /lib/modules/4.9-ndm-5/mbcache.ko. 
[I] Jan  1 00:00:06 ndm: Core::System::DriverManager: loading /lib/modules/4.9-ndm-5/phr.ko. 
[I] Jan  1 00:00:06 kernel: phr: NDM I/O Peripheral Driver, v2.4.9
[I] Jan  1 00:00:06 kernel: phr: "KN-1011" profile driver loaded
[I] Jan  1 00:00:06 ndm: Core::System::DriverManager: loading /lib/modules/4.9-ndm-5/nf_conntrack_proto_gre.ko. 
[I] Jan  1 00:00:06 ndm: Core::System::DriverManager: loading /lib/modules/4.9-ndm-5/sch_cake.ko. 
[I] Jan  1 00:00:06 ndm: Core::System::DriverManager: loading /lib/modules/4.9-ndm-5/xxhash.ko. 
[I] Jan  1 00:00:07 ndm: Core::System::DriverManager: loading /lib/modules/4.9-ndm-5/ip6_udp_tunnel.ko. 
[I] Jan  1 00:00:07 ndm: Core::System::DriverManager: loading /lib/modules/4.9-ndm-5/nls_base.ko. 
[I] Jan  1 00:00:07 ndm: Core::System::DriverManager: loading /lib/modules/4.9-ndm-5/jbd2.ko. 
[I] Jan  1 00:00:07 ndm: Core::System::DriverManager: loading /lib/modules/4.9-ndm-5/zlib_deflate.ko. 
[I] Jan  1 00:00:07 ndm: Core::System::DriverManager: loading /lib/modules/4.9-ndm-5/nf_conntrack_h323.ko. 
[I] Jan  1 00:00:07 ndm: Core::System::DriverManager: loading /lib/modules/4.9-ndm-5/mtdoops_proc.ko. 
[I] Jan  1 00:00:07 kernel: mtdoops_proc: Attached to MTD device 8
[I] Jan  1 00:00:07 ndm: Core::System::DriverManager: loading /lib/modules/4.9-ndm-5/resetnds.ko. 
[I] Jan  1 00:00:07 kernel: resetnds: Module loaded.
[I] Jan  1 00:00:07 ndm: Core::System::DriverManager: loading /lib/modules/4.9-ndm-5/cdrom.ko. 
[I] Jan  1 00:00:07 ndm: Core::System::DriverManager: loading /lib/modules/4.9-ndm-5/crc32c_generic.ko. 
[I] Jan  1 00:00:07 ndm: Core::System::DriverManager: loading /lib/modules/4.9-ndm-5/nf_conntrack_pptp.ko. 
[I] Jan  1 00:00:07 ndm: Core::System::DriverManager: loading /lib/modules/4.9-ndm-5/usbcore.ko. 
[I] Jan  1 00:00:07 kernel: usbcore: registered new interface driver usbfs
[I] Jan  1 00:00:07 kernel: usbcore: registered new interface driver hub
[I] Jan  1 00:00:07 kernel: usbcore: registered new device driver usb
[I] Jan  1 00:00:07 ndm: Core::System::DriverManager: loading /lib/modules/4.9-ndm-5/nf_nat_h323.ko. 
[I] Jan  1 00:00:07 ndm: Core::System::DriverManager: loading /lib/modules/4.9-ndm-5/nf_nat_pptp.ko. 
[I] Jan  1 00:00:07 ndm: Core::System::DriverManager: loading /lib/modules/4.9-ndm-5/usbserial.ko. 
[I] Jan  1 00:00:07 kernel: usbcore: registered new interface driver usbserial
[I] Jan  1 00:00:07 ndm: Core::System::DriverManager: loading /lib/modules/4.9-ndm-5/aead.ko. 
[I] Jan  1 00:00:07 ndm: Core::System::DriverManager: loading /lib/modules/4.9-ndm-5/zstd_compress.ko. 
[I] Jan  1 00:00:07 ndm: Core::System::DriverManager: loading /lib/modules/4.9-ndm-5/l2tp_core.ko. 
[I] Jan  1 00:00:07 kernel: l2tp_core: L2TP core driver, V2.0
[I] Jan  1 00:00:07 ndm: Core::System::DriverManager: loading /lib/modules/4.9-ndm-5/cdc-wdm.ko. 
[I] Jan  1 00:00:07 kernel: usbcore: registered new interface driver cdc_wdm
[I] Jan  1 00:00:07 ndm: Core::System::DriverManager: loading /lib/modules/4.9-ndm-5/jffs2.ko. 
[I] Jan  1 00:00:07 kernel: jffs2: version 2.2. (NAND) (c) 2001-2006 Red Hat, Inc.
[I] Jan  1 00:00:07 ndm: Core::System::DriverManager: loading /lib/modules/4.9-ndm-5/tntfs.ko. 
[I] Jan  1 00:00:07 kernel: Tuxera NTFS driver 3021.4.23.11 [Flags: R/W MODULE].
[I] Jan  1 00:00:07 kernel: Built against headers 4.9-ndm-5 SMP mips
[I] Jan  1 00:00:07 kernel: Running on kernel 4.9-ndm-5 #2 SMP Sat Jan 15 21:44:04 MSK 2022 mips
[I] Jan  1 00:00:07 ndm: Core::System::DriverManager: loading /lib/modules/4.9-ndm-5/nls_cp866.ko. 
[I] Jan  1 00:00:07 ndm: Core::System::DriverManager: loading /lib/modules/4.9-ndm-5/deflate.ko. 
[I] Jan  1 00:00:07 ndm: Core::System::DriverManager: loading /lib/modules/4.9-ndm-5/zstd_decompress.ko. 
[I] Jan  1 00:00:07 ndm: Core::System::DriverManager: loading /lib/modules/4.9-ndm-5/tfat.ko. 
[I] Jan  1 00:00:07 kernel: Tuxera FAT 12/16/32 driver version 3021.3.22.16 [Flags: R/W MODULE].
[I] Jan  1 00:00:07 kernel: Built against headers 4.9-ndm-5 SMP mips
[I] Jan  1 00:00:07 kernel: Running on kernel 4.9-ndm-5 #2 SMP Sat Jan 15 21:44:04 MSK 2022 mips
[I] Jan  1 00:00:07 ndm: Core::System::DriverManager: loading /lib/modules/4.9-ndm-5/ext4.ko. 
[I] Jan  1 00:00:07 ndm: Core::System::DriverManager: loading /lib/modules/4.9-ndm-5/usbnet.ko. 
[I] Jan  1 00:00:07 ndm: Core::System::DriverManager: loading /lib/modules/4.9-ndm-5/sg.ko. 
[I] Jan  1 00:00:07 ndm: Core::System::DriverManager: loading /lib/modules/4.9-ndm-5/sierra.ko. 
[I] Jan  1 00:00:07 kernel: usbcore: registered new interface driver sierra
[I] Jan  1 00:00:07 kernel: usbserial: USB Serial support registered for Sierra USB modem
[I] Jan  1 00:00:07 ndm: Core::System::DriverManager: loading /lib/modules/4.9-ndm-5/nls_cp437.ko. 
[I] Jan  1 00:00:07 ndm: Core::System::DriverManager: loading /lib/modules/4.9-ndm-5/sr_mod.ko. 
[I] Jan  1 00:00:07 ndm: Core::System::DriverManager: loading /lib/modules/4.9-ndm-5/sd_mod.ko. 
[I] Jan  1 00:00:08 ndm: Core::System::DriverManager: loading /lib/modules/4.9-ndm-5/btmtk_uart.ko. 
[I] Jan  1 00:00:08 kernel: btmtk_uart: MediaTek Bluetooth UART driver, v7.0.20120401
[I] Jan  1 00:00:08 ndm: Core::System::DriverManager: loading /lib/modules/4.9-ndm-5/usblp.ko. 
[I] Jan  1 00:00:08 kernel: usbcore: registered new interface driver usblp
[I] Jan  1 00:00:08 ndm: Core::System::DriverManager: loading /lib/modules/4.9-ndm-5/l2tp_ppp.ko. 
[I] Jan  1 00:00:08 kernel: l2tp_ppp: PPPoL2TP kernel driver, V2.0
[I] Jan  1 00:00:08 ndm: Core::System::DriverManager: loading /lib/modules/4.9-ndm-5/cdc-acm.ko. 
[I] Jan  1 00:00:08 kernel: usbcore: registered new interface driver cdc_acm
[I] Jan  1 00:00:08 kernel: cdc_acm: USB Abstract Control Model driver for USB modems and ISDN adapters
[I] Jan  1 00:00:08 ndm: Core::System::DriverManager: loading /lib/modules/4.9-ndm-5/usb-storage.ko. 
[I] Jan  1 00:00:08 kernel: usbcore: registered new interface driver usb-storage
[I] Jan  1 00:00:08 ndm: Core::System::DriverManager: loading /lib/modules/4.9-ndm-5/nls_cp1251.ko. 
[I] Jan  1 00:00:08 ndm: Core::System::DriverManager: loading /lib/modules/4.9-ndm-5/nf_nat_rtsp.ko. 
[I] Jan  1 00:00:08 kernel: nf_nat_rtsp v0.7 loading
[I] Jan  1 00:00:08 ndm: Core::System::DriverManager: loading /lib/modules/4.9-ndm-5/thfsplus.ko. 
[I] Jan  1 00:00:08 kernel: Tuxera HFS+ driver 3021.1.21d
[I] Jan  1 00:00:08 kernel: Built against headers 4.9-ndm-5 SMP mips
[I] Jan  1 00:00:08 kernel: Running on kernel 4.9-ndm-5 #2 SMP Sat Jan 15 21:44:04 MSK 2022 mips
[I] Jan  1 00:00:08 ndm: Core::System::DriverManager: loading /lib/modules/4.9-ndm-5/kalmia.ko. 
[I] Jan  1 00:00:08 kernel: usbcore: registered new interface driver kalmia
[I] Jan  1 00:00:08 ndm: Core::System::DriverManager: loading /lib/modules/4.9-ndm-5/zstd.ko. 
[I] Jan  1 00:00:08 ndm: Core::System::DriverManager: loading /lib/modules/4.9-ndm-5/nls_utf8.ko. 
[I] Jan  1 00:00:08 ndm: Core::System::DriverManager: loading /lib/modules/4.9-ndm-5/exfat.ko. 
[I] Jan  1 00:00:08 kernel: exFAT: file-system version 5.9-6ndm
[I] Jan  1 00:00:08 ndm: Core::System::DriverManager: loading /lib/modules/4.9-ndm-5/usbextras.ko. 
[I] Jan  1 00:00:08 kernel: usbextras: loaded
[I] Jan  1 00:00:08 ndm: Core::System::DriverManager: loading /lib/modules/4.9-ndm-5/usb_wwan.ko. 
[I] Jan  1 00:00:08 ndm: Core::System::DriverManager: loading /lib/modules/4.9-ndm-5/cdc_ncm.ko. 
[I] Jan  1 00:00:08 kernel: usbcore: registered new interface driver cdc_ncm
[I] Jan  1 00:00:08 ndm: Core::System::DriverManager: loading /lib/modules/4.9-ndm-5/option.ko. 
[I] Jan  1 00:00:08 kernel: usbcore: registered new interface driver option
[I] Jan  1 00:00:08 kernel: usbserial: USB Serial support registered for GSM modem (1-port)
[I] Jan  1 00:00:08 ndm: Core::System::DriverManager: loading /lib/modules/4.9-ndm-5/qmi_wwan.ko. 
[I] Jan  1 00:00:08 kernel: usbcore: registered new interface driver qmi_wwan
[I] Jan  1 00:00:08 ndm: Core::System::DriverManager: loading /lib/modules/4.9-ndm-5/huawei_cdc_ncm.ko. 
[I] Jan  1 00:00:08 kernel: usbcore: registered new interface driver huawei_cdc_ncm
[I] Jan  1 00:00:08 ndm: Core::System::DriverManager: loading /lib/modules/4.9-ndm-5/cdc_ether.ko. 
[I] Jan  1 00:00:08 kernel: usbcore: registered new interface driver cdc_ether
[I] Jan  1 00:00:08 ndm: Core::System::DriverManager: loading /lib/modules/4.9-ndm-5/qcserial.ko. 
[I] Jan  1 00:00:08 kernel: usbcore: registered new interface driver qcserial
[I] Jan  1 00:00:08 kernel: usbserial: USB Serial support registered for Qualcomm USB modem
[I] Jan  1 00:00:08 ndm: Core::System::DriverManager: loading /lib/modules/4.9-ndm-5/rndis_host.ko. 
[I] Jan  1 00:00:08 kernel: usbcore: registered new interface driver rndis_host
[I] Jan  1 00:00:08 ndm: Core::System::Mtd::Table: current firmware image index is 1. 
[I] Jan  1 00:00:08 ndm: Core::FileSystem::Temp: mounting /var/... 
[I] Jan  1 00:00:08 ndm: Core::Authenticator: MD5 generator created. 
[I] Jan  1 00:00:08 ndm: Core::Authenticator: NT generator created. 
[I] Jan  1 00:00:09 ndm: Core::Authenticator: "readonly" tag registered. 
[I] Jan  1 00:00:09 ndm: Core::FileSystem::Dynamic: "ndm:": registered "log" node. 
[I] Jan  1 00:00:09 ndm: Core::FileSystem::Dynamic: "ndm:": registered "running-config" node. 
[I] Jan  1 00:00:09 ndm: Core::FileSystem::Dynamic: "ndm:": registered "sharing-config" node. 
[I] Jan  1 00:00:09 ndm: Core::FileSystem::Dynamic: "ndm:": registered "self-test" node. 
[I] Jan  1 00:00:09 ndm: Core::System::Hostname: the host name set. 
[I] Jan  1 00:00:09 ndm: Core::System::Timezone: building a timezone list... 
[I] Jan  1 00:00:09 ndm: Core::System::Timezone: scanning done, 311 localities available. 
[I] Jan  1 03:00:09 ndm: Core::System::Timezone: "Europe/Moscow" locality set as default. 
[I] Jan  1 03:00:09 ndm: Telnet::Server: bruteforce detection is enabled. 
[I] Jan  1 03:00:09 ndm: Ntp::Client: configuration reset. 
[I] Jan  1 03:00:09 ndm: Http::Manager: bruteforce detection is enabled. 
[I] Jan  1 03:00:09 ndm: Core::Authenticator: "http" tag registered. 
[I] Jan  1 03:00:09 ndm: Core::Authenticator: "http-proxy" tag registered. 
[I] Jan  1 03:00:10 ndm: Core::System::DriverManager: loading /lib/modules/4.9-ndm-5/nacct.ko. 
[I] Jan  1 03:00:10 kernel: nacct: init, v 2.4
[I] Jan  1 03:00:10 ndm: Core::System::DriverManager: loading /lib/modules/4.9-ndm-5/mt7621_eth.ko. 
[I] Jan  1 03:00:10 kernel: mt7621_eth: NDM Ethernet Switch Driver for MediaTek MT7621, v1.3.4
[I] Jan  1 03:00:10 kernel: mt7621_eth: MT7621 SoC, TX/RX descriptors: 1024/1024, NAPI weight 64
[I] Jan  1 03:00:10 kernel: mt7621_eth: eth2 created for GMAC1 (50:ff:20:a6:89:eb address, 4 EPHY ports)
[I] Jan  1 03:00:10 kernel: mt7621_eth: eth3 created for GMAC2 (50:ff:20:a6:89:ec address, 1 EPHY port)
[I] Jan  1 03:00:10 kernel: mt7621_eth: MT7530 switch initialized
[I] Jan  1 03:00:10 ndm: Network::Interface::Base: "GigabitEthernet0": interface is down. 
[I] Jan  1 03:00:10 ndm: Network::Interface::Mac: "GigabitEthernet0": backed up the default address 50:ff:20:a6:89:eb of "GigabitEthernet0" before changing. 
[I] Jan  1 03:00:10 ndm: Network::Interface::Repository: "GigabitEthernet0" interface created. 
[I] Jan  1 03:00:10 ndm: Network::Interface::Base: "GigabitEthernet0/0": interface is down. 
[I] Jan  1 03:00:10 ndm: Network::Interface::Base: "GigabitEthernet0/0": interface is up. 
[I] Jan  1 03:00:10 ndm: Network::Interface::Repository: "GigabitEthernet0/0" interface created. 
[I] Jan  1 03:00:10 ndm: Network::Interface::Base: "GigabitEthernet0/1": interface is down. 
[I] Jan  1 03:00:10 ndm: Network::Interface::Base: "GigabitEthernet0/1": interface is up. 
[I] Jan  1 03:00:10 ndm: Network::Interface::Repository: "GigabitEthernet0/1" interface created. 
[I] Jan  1 03:00:10 ndm: Network::Interface::Base: "GigabitEthernet0/2": interface is down. 
[I] Jan  1 03:00:10 ndm: Network::Interface::Base: "GigabitEthernet0/2": interface is up. 
[I] Jan  1 03:00:10 ndm: Network::Interface::Repository: "GigabitEthernet0/2" interface created. 
[I] Jan  1 03:00:10 ndm: Network::Interface::Base: "GigabitEthernet0/3": interface is down. 
[I] Jan  1 03:00:10 ndm: Network::Interface::Base: "GigabitEthernet0/3": interface is up. 
[I] Jan  1 03:00:10 ndm: Network::Interface::Repository: "GigabitEthernet0/3" interface created. 
[I] Jan  1 03:00:10 ndm: Network::Interface::Base: "GigabitEthernet1": interface is down. 
[I] Jan  1 03:00:10 ndm: Network::Interface::Base: "GigabitEthernet1": network MTU reset to default. 
[I] Jan  1 03:00:10 ndm: Network::Interface::Repository: "GigabitEthernet1" interface created. 
[I] Jan  1 03:00:10 ndm: Network::Interface::Base: "GigabitEthernet1/0": interface is down. 
[I] Jan  1 03:00:10 ndm: Network::Interface::Repository: "GigabitEthernet1/0" interface created. 
[I] Jan  1 03:00:10 ndm: Core::System::DriverManager: loading /lib/modules/4.9-ndm-5/ubi.ko. 
[I] Jan  1 03:00:10 ndm: Core::System::DriverManager: loading /lib/modules/4.9-ndm-5/ubifs.ko. 
[W] Jan  1 03:00:10 kernel: ubi0: attaching mtd17
[W] Jan  1 03:00:10 kernel: ubi0: scanning is finished
[W] Jan  1 03:00:10 kernel: ubi0: attached mtd17 (name "Storage", size 33 MiB)
[W] Jan  1 03:00:10 kernel: ubi0: PEB size: 131072 bytes (128 KiB), LEB size: 126976 bytes
[W] Jan  1 03:00:10 kernel: ubi0: min./max. I/O unit sizes: 2048/2048, sub-page size 2048
[W] Jan  1 03:00:10 kernel: ubi0: VID header offset: 2048 (aligned 2048), data offset: 4096
[W] Jan  1 03:00:10 kernel: ubi0: good PEBs: 270, bad PEBs: 0, corrupted PEBs: 0
[W] Jan  1 03:00:10 kernel: ubi0: user volume: 1, internal volumes: 1, max. volumes count: 128
[W] Jan  1 03:00:10 kernel: ubi0: max/mean erase counter: 2/1, WL threshold: 2048, image sequence number: 700088027
[W] Jan  1 03:00:10 kernel: ubi0: available PEBs: 0, total reserved PEBs: 270, PEBs reserved for bad PEB handling: 7
[W] Jan  1 03:00:10 kernel: ubi0: background thread "ubi_bgt0d" started, PID 436
[W] Jan  1 03:00:10 kernel: UBIFS (ubi0:0): background thread "ubifs_bgt0_0" started, PID 438
[W] Jan  1 03:00:10 kernel: UBIFS (ubi0:0): recovery needed
[W] Jan  1 03:00:10 kernel: UBIFS (ubi0:0): recovery completed
[W] Jan  1 03:00:10 kernel: UBIFS (ubi0:0): UBIFS: mounted UBI device 0, volume 0, name "storage"
[W] Jan  1 03:00:10 kernel: UBIFS (ubi0:0): LEB size: 126976 bytes (124 KiB), min./max. I/O unit sizes: 2048 bytes/2048 bytes
[W] Jan  1 03:00:10 kernel: UBIFS (ubi0:0): FS size: 31617024 bytes (30 MiB, 249 LEBs), journal size 1523712 bytes (1 MiB, 12 LEBs)
[W] Jan  1 03:00:10 kernel: UBIFS (ubi0:0): reserved for root: 1493350 bytes (1458 KiB)
[W] Jan  1 03:00:10 kernel: UBIFS (ubi0:0): media format: w4/r0 (latest is w4/r0), UUID F3DD9A45-03C2-4DBC-919C-3D996D1328AA, small LPT model
[I] Jan  1 03:00:10 ndm: Core::Authenticator: "printers" tag registered. 
[I] Jan  1 03:00:10 ndm: Core::Authenticator: "cifs" tag registered. 
[I] Jan  1 03:00:10 ndm: Cloud::Agent: "cloud" component registered. 
[I] Jan  1 03:00:10 ndm: Dns::Filter::Public: loaded 17 presets (version 4). 
[I] Jan  1 03:00:10 ndm: Network::InternetChecker: gateway checking enabled. 
[I] Jan  1 03:00:11 ndm: Network::Interface::Rtx::Sku: main default profile applied. 
[I] Jan  1 03:00:11 ndm: Network::Interface::Rtx::Sku: beamforming default profile applied. 
[I] Jan  1 03:00:11 ndm: Core::System::DriverManager: loading /lib/modules/4.9-ndm-5/mt7915_ap.ko. 
[I] Jan  1 03:00:12 kernel: PCI: Enabling device 0000:01:00.0 (0000 -> 0002)
[I] Jan  1 03:00:12 kernel: PCI: Enabling device 0000:02:00.0 (0000 -> 0002)
[I] Jan  1 03:00:12 kernel: MT7915 AP Driver version: 7.5.0.0
[I] Jan  1 03:00:12 ndm: Network::Interface::Rtx::WifiMaster: "WifiMaster1": PHY mode set. 
[I] Jan  1 03:00:12 ndm: Network::Interface::Rtx::WifiMaster: "WifiMaster1": channel bandwidth settings reset to default. 
[I] Jan  1 03:00:12 ndm: Network::Interface::Base: "WifiMaster1": interface is down. 
[I] Jan  1 03:00:12 kernel: MT7915 CPU 0 patch info:
[I] Jan  1 03:00:12 kernel:  Built date: 20210513182337a
[I] Jan  1 03:00:12 kernel: MT7915 CPU 0 firmware info:
[I] Jan  1 03:00:12 kernel:  Chip ID: 0x0b
[I] Jan  1 03:00:12 kernel:  Eco version: 0x01
[I] Jan  1 03:00:12 kernel:  Built date: 20210513182413
[I] Jan  1 03:00:12 kernel:  Common crc: 0xd7938074
[I] Jan  1 03:00:12 kernel: MT7915 CPU 1 firmware info:
[I] Jan  1 03:00:12 kernel:  Chip ID: 0x00
[I] Jan  1 03:00:12 kernel:  Eco version: 0x01
[I] Jan  1 03:00:12 kernel:  Built date: 20210513182437
[I] Jan  1 03:00:12 kernel:  Common crc: 0xd9ebcb48
[I] Jan  1 03:00:13 ndm: Network::Interface::WifiRadio: "WifiMaster1": the radio switch state is changed to off, software state is down. 
[I] Jan  1 03:00:13 ndm: Network::Interface::Rtx::WifiMaster: "WifiMaster1": created spectrum RRD. 
[I] Jan  1 03:00:13 ndm: Network::Interface::Repository: "WifiMaster1" interface created. 
[I] Jan  1 03:00:13 ndm: Network::Interface::Rtx::WifiMaster: "WifiMaster0": PHY mode set. 
[I] Jan  1 03:00:13 ndm: Network::Interface::Rtx::WifiMaster: "WifiMaster0": channel bandwidth settings reset to default. 
[I] Jan  1 03:00:13 ndm: Network::Interface::Base: "WifiMaster0": interface is down. 
[I] Jan  1 03:00:13 ndm: Network::Interface::Repository: "WifiMaster0" interface created. 
[I] Jan  1 03:00:13 ndm: Network::Interface::Wireless: "WifiMaster0/AccessPoint2": SSID saved. 
[I] Jan  1 03:00:13 ndm: Network::Interface::Rtx::AccessPoint: "WifiMaster0/AccessPoint2": SSID reset. 
[I] Jan  1 03:00:13 ndm: Network::Interface::Base: "WifiMaster0/AccessPoint2": interface is down. 
[I] Jan  1 03:00:13 ndm: Network::Interface::Base: "WifiMaster0/AccessPoint2": network MTU reset to default. 
[I] Jan  1 03:00:13 ndm: Network::Interface::Repository: "WifiMaster0/AccessPoint2" interface created. 
[I] Jan  1 03:00:13 ndm: Network::Interface::Wireless: "WifiMaster1/AccessPoint1": SSID saved. 
[I] Jan  1 03:00:13 ndm: Network::Interface::Rtx::AccessPoint: "WifiMaster1/AccessPoint1": SSID reset. 
[I] Jan  1 03:00:13 ndm: Network::Interface::Base: "WifiMaster1/AccessPoint1": interface is down. 
[I] Jan  1 03:00:13 ndm: Network::Interface::Base: "WifiMaster1/AccessPoint1": network MTU reset to default. 
[I] Jan  1 03:00:13 ndm: Network::Interface::Repository: "WifiMaster1/AccessPoint1" interface created. 
[I] Jan  1 03:00:13 ndm: Network::Interface::Wireless: "WifiMaster0/AccessPoint3": SSID saved. 
[I] Jan  1 03:00:13 ndm: Network::Interface::Rtx::AccessPoint: "WifiMaster0/AccessPoint3": SSID reset. 
[I] Jan  1 03:00:13 ndm: Network::Interface::Base: "WifiMaster0/AccessPoint3": interface is down. 
[I] Jan  1 03:00:13 ndm: Network::Interface::Base: "WifiMaster0/AccessPoint3": network MTU reset to default. 
[I] Jan  1 03:00:13 ndm: Network::Interface::Repository: "WifiMaster0/AccessPoint3" interface created. 
[I] Jan  1 03:00:13 ndm: Network::Interface::Wireless: "WifiMaster0/AccessPoint0": SSID saved. 
[I] Jan  1 03:00:13 ndm: Network::Interface::Rtx::AccessPoint: "WifiMaster0/AccessPoint0": SSID reset. 
[I] Jan  1 03:00:13 ndm: Network::Interface::Base: "WifiMaster0/AccessPoint0": interface is down. 
[I] Jan  1 03:00:13 ndm: Network::Interface::Base: "WifiMaster0/AccessPoint0": network MTU reset to default. 
[I] Jan  1 03:00:13 ndm: Network::Interface::Repository: "WifiMaster0/AccessPoint0" interface created. 
[I] Jan  1 03:00:14 ndm: Network::Interface::Wireless: "WifiMaster1/AccessPoint2": SSID saved. 
[I] Jan  1 03:00:14 ndm: Network::Interface::Rtx::AccessPoint: "WifiMaster1/AccessPoint2": SSID reset. 
[I] Jan  1 03:00:14 ndm: Network::Interface::Base: "WifiMaster1/AccessPoint2": interface is down. 
[I] Jan  1 03:00:14 ndm: Network::Interface::Base: "WifiMaster1/AccessPoint2": network MTU reset to default. 
[I] Jan  1 03:00:14 ndm: Network::Interface::Repository: "WifiMaster1/AccessPoint2" interface created. 
[I] Jan  1 03:00:14 ndm: Network::Interface::Wireless: "WifiMaster0/AccessPoint1": SSID saved. 
[I] Jan  1 03:00:14 ndm: Network::Interface::Rtx::AccessPoint: "WifiMaster0/AccessPoint1": SSID reset. 
[I] Jan  1 03:00:14 ndm: Network::Interface::Base: "WifiMaster0/AccessPoint1": interface is down. 
[I] Jan  1 03:00:14 ndm: Network::Interface::Base: "WifiMaster0/AccessPoint1": network MTU reset to default. 
[I] Jan  1 03:00:14 ndm: Network::Interface::Repository: "WifiMaster0/AccessPoint1" interface created. 
[I] Jan  1 03:00:14 ndm: Network::Interface::Wireless: "WifiMaster1/AccessPoint3": SSID saved. 
[I] Jan  1 03:00:14 ndm: Network::Interface::Rtx::AccessPoint: "WifiMaster1/AccessPoint3": SSID reset. 
[I] Jan  1 03:00:14 ndm: Network::Interface::Base: "WifiMaster1/AccessPoint3": interface is down. 
[I] Jan  1 03:00:14 ndm: Network::Interface::Base: "WifiMaster1/AccessPoint3": network MTU reset to default. 
[I] Jan  1 03:00:14 ndm: Network::Interface::Repository: "WifiMaster1/AccessPoint3" interface created. 
[I] Jan  1 03:00:14 ndm: Network::Interface::Wireless: "WifiMaster1/AccessPoint0": SSID saved. 
[I] Jan  1 03:00:14 ndm: Network::Interface::Rtx::AccessPoint: "WifiMaster1/AccessPoint0": SSID reset. 
[I] Jan  1 03:00:14 ndm: Network::Interface::Base: "WifiMaster1/AccessPoint0": interface is down. 
[I] Jan  1 03:00:14 ndm: Network::Interface::Base: "WifiMaster1/AccessPoint0": network MTU reset to default. 
[I] Jan  1 03:00:14 ndm: Network::Interface::Repository: "WifiMaster1/AccessPoint0" interface created. 
[I] Jan  1 03:00:14 ndm: Network::Interface::Base: "WifiMaster1/WifiStation0": interface is down. 
[I] Jan  1 03:00:14 ndm: Network::Interface::Base: "WifiMaster1/WifiStation0": network MTU reset to default. 
[I] Jan  1 03:00:14 ndm: Network::Interface::Repository: "WifiMaster1/WifiStation0" interface created. 
[I] Jan  1 03:00:14 ndm: Network::Interface::Base: "WifiMaster0/WifiStation0": interface is down. 
[I] Jan  1 03:00:14 ndm: Network::Interface::Base: "WifiMaster0/WifiStation0": network MTU reset to default. 
[I] Jan  1 03:00:14 ndm: Network::Interface::Repository: "WifiMaster0/WifiStation0" interface created. 
[I] Jan  1 03:00:14 ndm: Network::Interface::WifiMonitor: added system name for "WifiMaster0/Backhaul0". 
[I] Jan  1 03:00:14 ndm: Network::Interface::WifiMonitor: added system name for "WifiMaster1/Backhaul0". 
[I] Jan  1 03:00:14 ndm: Core::FileSystem::Dynamic: "ndm:": registered "wifi-configuration.dat" node. 
[I] Jan  1 03:00:14 ndm: Network::Interface::Rtx::WifiController: backhaul STP disabled. 
[I] Jan  1 03:00:14 ndm: Network::Interface::Rtx::WifiController: "WifiMaster0/Backhaul0": set metric 1. 
[I] Jan  1 03:00:14 ndnproxy: NDM DNS Proxy, v1.3.0b43. 
[I] Jan  1 03:00:14 ndnproxy: PID file: /var/ndnproxymain.pid. 
[I] Jan  1 03:00:14 ndnproxy: stats. file: /var/ndnproxymain.stat. 
[I] Jan  1 03:00:15 ndm: Network::Interface::Rtx::WifiController: "WifiMaster0/Backhaul0": activated. 
[I] Jan  1 03:00:15 ndm: Network::Interface::Rtx::WifiController: "WifiMaster1/Backhaul0": set metric 1. 
[I] Jan  1 03:00:15 ndm: Network::Interface::Rtx::WifiController: "WifiMaster1/Backhaul0": activated. 
[I] Jan  1 03:00:15 ndm: Network::Interface::Rtx::WifiController: backhaul activated. 
[I] Jan  1 03:00:15 ndm: Cloud::Agent: "ndns" TTP component registered. 
[I] Jan  1 03:00:15 ndm: Cloud::Agent: "ndns" component registered. 
[I] Jan  1 03:00:15 ndm: PingCheck::Profile: "default": add host "google.com" for testing. 
[I] Jan  1 03:00:15 ndm: PingCheck::Profile: "default": add host "yahoo.com" for testing. 
[I] Jan  1 03:00:15 ndm: PingCheck::Profile: "default": add host "facebook.com" for testing. 
[I] Jan  1 03:00:15 ndm: PingCheck::Profile: "default": update interval is changed to 10 seconds. 
[I] Jan  1 03:00:15 ndm: PingCheck::Profile: "default": uses connect mode. 
[I] Jan  1 03:00:15 ndm: PingCheck::Profile: "default": uses port 443 for testing. 
[I] Jan  1 03:00:15 ndm: Core::System::DriverManager: loading /lib/modules/4.9-ndm-5/ntc.ko. 
[I] Jan  1 03:00:15 kernel: ntc: NDM Traffic Control Module, v6.0.1
[I] Jan  1 03:00:15 ndm: Core::Authenticator: "webdav" tag registered. 
[I] Jan  1 03:00:15 ndm: WebDav::Server: has no temporary directory, unable to start. 
[I] Jan  1 03:00:15 ndm: Module::Manager: loaded 38 modules. 
[I] Jan  1 03:00:15 ndm: Network::Interface::Ip: "WifiMaster0/AccessPoint2": security level set to "private". 
[I] Jan  1 03:00:15 ndm: Network::Interface::Ip: "WifiMaster1/AccessPoint1": security level set to "private". 
[I] Jan  1 03:00:15 ndm: Network::Interface::Ip: "WifiMaster0/AccessPoint3": security level set to "private". 
[I] Jan  1 03:00:15 ndm: Network::Interface::Ip: "WifiMaster1/AccessPoint2": security level set to "private". 
[I] Jan  1 03:00:15 ndm: Network::Interface::Ip: "WifiMaster0/AccessPoint1": security level set to "private". 
[I] Jan  1 03:00:15 ndm: Network::Interface::Ip: "WifiMaster1/AccessPoint3": security level set to "private". 
[I] Jan  1 03:00:15 ndm: Network::Interface::WifiRadio: "WifiMaster0": the radio switch state is changed to on, software state is down. 
[I] Jan  1 03:00:15 ndm: Network::Interface::WifiRadio: "WifiMaster1": the radio switch state is changed to on, software state is down. 
[E] Jan  1 03:00:16 ndm: Core::System::Clock: timestamp is out of range. 
[I] Jan  1 03:00:16 ndm: Core::FileSystem::Proc: system setting saved. 
[I] Jan  1 03:00:16 ndm: Core::Syslog: last message repeated 14 times.
[I] Jan  1 03:00:16 ndm: Core::Peripheral::Manager: "SelectedWan" control bound to "FN_2" LED. 
[I] Jan  1 03:00:16 ndm: Core::System::Domainname: the system domain name set. 
[I] Jan  1 03:00:16 ndm: Core::System::Hostname: the host name set. 
[I] Jan  1 03:00:16 ndm: Core::System::Caption: template set to default. 
[I] Jan  1 03:00:16 ndm: Ntp::Client: server "0.pool.ntp.org" has been added. 
[I] Jan  1 03:00:16 ndm: Ntp::Client: server "1.pool.ntp.org" has been added. 
[I] Jan  1 03:00:16 ndm: Ntp::Client: server "2.pool.ntp.org" has been added. 
[I] Jan  1 03:00:16 ndm: Ntp::Client: server "3.pool.ntp.org" has been added. 
[I] Jan  1 03:00:16 ndm: Netfilter::Manager: private networks isolated. 
[I] Jan  1 03:00:16 ndm: Core::Authenticator: password has been set for user "admin". 
[I] Jan  1 03:00:16 ndm: Core::Authenticator: password has been set for user "admin". 
[I] Jan  1 03:00:16 ndm: Core::Authenticator: user "admin" tagged with "cli". 
[I] Jan  1 03:00:16 ndm: Core::Authenticator: user "admin" tagged with "http". 
[I] Jan  1 03:00:16 ndm: Core::Authenticator: user "admin" tagged with "cifs". 
[I] Jan  1 03:00:16 ndm: Core::Authenticator: user "admin" tagged with "printers". 
[I] Jan  1 03:00:16 ndm: Core::Authenticator: user "admin" tagged with "webdav". 
[I] Jan  1 03:00:16 ndm: Network::Interface::Base: "GigabitEthernet0": interface is up. 
[I] Jan  1 03:00:16 ndm: Network::Interface::Base: "GigabitEthernet0/0": renamed to "1". 
[I] Jan  1 03:00:16 ndm: Network::Interface::Switch: "GigabitEthernet0/0": access mode enabled. 
[I] Jan  1 03:00:16 ndm: Network::Interface::Switch: "GigabitEthernet0/0": set access VLAN ID: 1. 
[I] Jan  1 03:00:16 ndm: Network::Interface::Base: "GigabitEthernet0/0": interface is up. 
[I] Jan  1 03:00:16 ndm: Network::Interface::Base: "GigabitEthernet0/1": renamed to "2". 
[I] Jan  1 03:00:16 ndm: Network::Interface::Switch: "GigabitEthernet0/1": access mode enabled. 
[I] Jan  1 03:00:16 ndm: Network::Interface::Switch: "GigabitEthernet0/1": set access VLAN ID: 1. 
[I] Jan  1 03:00:16 ndm: Network::Interface::Base: "GigabitEthernet0/1": interface is up. 
[I] Jan  1 03:00:16 ndm: Network::Interface::Base: "GigabitEthernet0/2": renamed to "3". 
[I] Jan  1 03:00:16 ndm: Network::Interface::Switch: "GigabitEthernet0/2": access mode enabled. 
[I] Jan  1 03:00:16 ndm: Network::Interface::Switch: "GigabitEthernet0/2": set access VLAN ID: 1. 
[I] Jan  1 03:00:16 ndm: Network::Interface::Base: "GigabitEthernet0/2": interface is up. 
[I] Jan  1 03:00:16 ndm: Network::Interface::Base: "GigabitEthernet0/3": renamed to "4". 
[I] Jan  1 03:00:16 ndm: Network::Interface::Switch: "GigabitEthernet0/3": access mode enabled. 
[I] Jan  1 03:00:16 ndm: Network::Interface::Switch: "GigabitEthernet0/3": set access VLAN ID: 1. 
[I] Jan  1 03:00:16 ndm: Network::Interface::Base: "GigabitEthernet0/3": interface is up. 
[I] Jan  1 03:00:16 ndm: Network::Interface::Base: "GigabitEthernet0/Vlan1": interface is down. 
[I] Jan  1 03:00:16 ndm: Network::Interface::Base: "GigabitEthernet0/Vlan1": network MTU reset to default. 
[I] Jan  1 03:00:16 ndm: Network::Interface::Repository: "GigabitEthernet0/Vlan1" interface created. 
[I] Jan  1 03:00:17 ndm: Network::Interface::Base: "GigabitEthernet0/Vlan1": description saved. 
[I] Jan  1 03:00:17 ndm: Network::Interface::Ip: "GigabitEthernet0/Vlan1": security level set to "private". 
[I] Jan  1 03:00:17 ndm: Dhcp::Client: GigabitEthernet0/Vlan1 DHCP client DNS host routes are enabled. 
[I] Jan  1 03:00:17 ndm: Dhcp::Client: GigabitEthernet0/Vlan1 DHCP name servers are enabled. 
[I] Jan  1 03:00:17 ndm: Network::Interface::Base: "GigabitEthernet0/Vlan1": interface is up. 
[I] Jan  1 03:00:17 ndm: Network::Interface::Base: "GigabitEthernet0/Vlan3": interface is down. 
[I] Jan  1 03:00:17 ndm: Network::Interface::Base: "GigabitEthernet0/Vlan3": network MTU reset to default. 
[I] Jan  1 03:00:17 ndm: Network::Interface::Repository: "GigabitEthernet0/Vlan3" interface created. 
[I] Jan  1 03:00:18 ndm: Network::Interface::Base: "GigabitEthernet0/Vlan3": description saved. 
[I] Jan  1 03:00:18 ndm: Network::Interface::Ip: "GigabitEthernet0/Vlan3": security level set to "protected". 
[I] Jan  1 03:00:18 ndm: Dhcp::Client: GigabitEthernet0/Vlan3 DHCP client DNS host routes are enabled. 
[I] Jan  1 03:00:18 ndm: Dhcp::Client: GigabitEthernet0/Vlan3 DHCP name servers are enabled. 
[I] Jan  1 03:00:18 ndm: Network::Interface::Base: "GigabitEthernet0/Vlan3": interface is up. 
[I] Jan  1 03:00:18 ndm: Network::Interface::Base: "GigabitEthernet1": renamed to "ISP". 
[I] Jan  1 03:00:18 ndm: Network::Interface::Base: "GigabitEthernet1": description saved. 
[I] Jan  1 03:00:18 ndm: Network::Interface::Mac: "GigabitEthernet1": MAC address reset to 50:ff:20:a6:89:ec. 
[I] Jan  1 03:00:18 ndm: Network::Interface::Ip: "GigabitEthernet1": security level set to "public". 
[I] Jan  1 03:00:18 ndm: Dhcp::Client: started DHCP client on GigabitEthernet1. 
[I] Jan  1 03:00:18 ndm: Dhcp::Client: GigabitEthernet1 DHCP client DNS host routes are enabled. 
[I] Jan  1 03:00:18 ndm: Dhcp::Client: GigabitEthernet1 DHCP name servers are enabled. 
[I] Jan  1 03:00:18 ndm: Network::Interface::Ip: "GigabitEthernet1": global priority is 700. 
[I] Jan  1 03:00:18 ndm: Igmp::Proxy: upstream role assigned to GigabitEthernet1. 
[I] Jan  1 03:00:18 ndm: Network::Interface::Base: "GigabitEthernet1": interface is up. 
[I] Jan  1 03:00:18 ndm: Network::Interface::Base: "GigabitEthernet1/0": renamed to "0". 
[I] Jan  1 03:00:18 ndm: Network::Interface::Base: "GigabitEthernet1/0": interface is up. 
[I] Jan  1 03:00:18 ndm: Network::Interface::Rtx::WifiMaster: "WifiMaster0": PHY mode set. 
[I] Jan  1 03:00:18 ndm: Network::Interface::Rtx::WifiMaster: "WifiMaster0": TX burst enabled. 
[I] Jan  1 03:00:18 ndm: Network::Interface::Rtx::WifiMaster: "WifiMaster0": explicit beamforming enabled. 
[I] Jan  1 03:00:18 ndm: Network::Interface::Rtx::WifiMaster: "WifiMaster0": VHT enabled. 
[I] Jan  1 03:00:18 ndm: Network::Interface::Rtx::WifiMaster: "WifiMaster0": 11ac/ax downlink-mumimo enabled. 
[I] Jan  1 03:00:18 ndm: Network::Interface::Rtx::WifiMaster: "WifiMaster0": 11ax uplink-mumimo enabled. 
[I] Jan  1 03:00:18 ndm: Network::Interface::Rtx::WifiMaster: "WifiMaster0": 11ax spatial reuse enabled. 
[I] Jan  1 03:00:18 ndm: Network::Interface::Base: "WifiMaster0": interface is up. 
[I] Jan  1 03:00:18 ndm: Network::Interface::Base: "WifiMaster0/AccessPoint0": renamed to "AccessPoint". 
[I] Jan  1 03:00:18 ndm: Network::Interface::Base: "WifiMaster0/AccessPoint0": description saved. 
[I] Jan  1 03:00:18 ndm: Network::Interface::Ethernet: "WifiMaster0/AccessPoint0": ACL type unchanged. 
[I] Jan  1 03:00:18 ndm: Network::Interface::Ip: "WifiMaster0/AccessPoint0": security level set to "private". 
[I] Jan  1 03:00:18 ndm: Network::Interface::Rtx::Wps: "WifiMaster0/AccessPoint0": WPS enabled. 
[I] Jan  1 03:00:18 ndm: Network::Interface::Wifi: "WifiMaster0/AccessPoint0": WPA PSK set. 
[I] Jan  1 03:00:18 ndm: Network::Interface::Rtx::AccessPoint: "WifiMaster0/AccessPoint0": wireless encryption enabled. 
[I] Jan  1 03:00:18 ndm: Network::Interface::Rtx::AccessPoint: "WifiMaster0/AccessPoint0": WPA2 enabled. 
[I] Jan  1 03:00:18 ndm: Dhcp::Client: WifiMaster0/AccessPoint0 DHCP client DNS host routes are enabled. 
[I] Jan  1 03:00:18 ndm: Dhcp::Client: WifiMaster0/AccessPoint0 DHCP name servers are enabled. 
[I] Jan  1 03:00:18 ndm: Network::Interface::Wireless: "WifiMaster0/AccessPoint0": SSID saved. 
[I] Jan  1 03:00:18 ndm: Network::Interface::Rtx::AccessPoint: "WifiMaster0/AccessPoint0": WMM extensions enabled. 
[I] Jan  1 03:00:18 ndm: Network::Interface::Rtx::AccessPoint: "WifiMaster0/AccessPoint0": RRM enabled. 
[I] Jan  1 03:00:18 ndm: Network::Interface::Rtx::AccessPoint: "WifiMaster0/AccessPoint0": BTM enabled. 
[I] Jan  1 03:00:18 ndm: Network::Interface::Rtx::AccessPoint: "WifiMaster0/AccessPoint0": fast transition MDID set to "9t". 
[I] Jan  1 03:00:18 ndm: Network::Interface::Rtx::AccessPoint: "WifiMaster0/AccessPoint0": fast transition enabled. 
[I] Jan  1 03:00:18 ndm: Network::Interface::Base: "WifiMaster0/AccessPoint0": interface is up. 
[I] Jan  1 03:00:18 ndm: Network::Interface::Base: "WifiMaster0/AccessPoint1": renamed to "GuestWiFi". 
[I] Jan  1 03:00:18 ndm: Network::Interface::Base: "WifiMaster0/AccessPoint1": description saved. 
[I] Jan  1 03:00:18 ndm: Network::Interface::Ethernet: "WifiMaster0/AccessPoint1": ACL type unchanged. 
[I] Jan  1 03:00:18 ndm: Network::Interface::Ip: "WifiMaster0/AccessPoint1": security level set to "private". 
[I] Jan  1 03:00:18 ndm: Dhcp::Client: WifiMaster0/AccessPoint1 DHCP client DNS host routes are enabled. 
[I] Jan  1 03:00:18 ndm: Dhcp::Client: WifiMaster0/AccessPoint1 DHCP name servers are enabled. 
[I] Jan  1 03:00:18 ndm: Network::Interface::Wireless: "WifiMaster0/AccessPoint1": SSID saved. 
[I] Jan  1 03:00:18 ndm: Network::Interface::Rtx::AccessPoint: "WifiMaster0/AccessPoint1": WMM extensions enabled. 
[I] Jan  1 03:00:18 ndm: Network::Interface::Rtx::AccessPoint: "WifiMaster0/AccessPoint1": RRM enabled. 
[I] Jan  1 03:00:18 ndm: Network::Interface::Rtx::AccessPoint: "WifiMaster0/AccessPoint1": BTM enabled. 
[I] Jan  1 03:00:18 ndm: Network::Interface::Rtx::AccessPoint: "WifiMaster0/AccessPoint1": fast transition MDID set to "dt". 
[I] Jan  1 03:00:18 ndm: Network::Interface::Rtx::AccessPoint: "WifiMaster0/AccessPoint1": fast transition enabled. 
[I] Jan  1 03:00:18 ndm: Network::Interface::Base: "WifiMaster0/AccessPoint1": interface is down. 
[I] Jan  1 03:00:18 ndm: Network::Interface::Ethernet: "WifiMaster0/AccessPoint2": ACL type unchanged. 
[I] Jan  1 03:00:18 ndm: Network::Interface::Ip: "WifiMaster0/AccessPoint2": security level set to "private". 
[I] Jan  1 03:00:18 ndm: Dhcp::Client: WifiMaster0/AccessPoint2 DHCP client DNS host routes are enabled. 
[I] Jan  1 03:00:18 ndm: Dhcp::Client: WifiMaster0/AccessPoint2 DHCP name servers are enabled. 
[I] Jan  1 03:00:18 ndm: Network::Interface::Base: "WifiMaster0/AccessPoint2": interface is down. 
[I] Jan  1 03:00:18 ndm: Network::Interface::Ethernet: "WifiMaster0/AccessPoint3": ACL type unchanged. 
[I] Jan  1 03:00:18 ndm: Network::Interface::Ip: "WifiMaster0/AccessPoint3": security level set to "private". 
[I] Jan  1 03:00:18 ndm: Dhcp::Client: WifiMaster0/AccessPoint3 DHCP client DNS host routes are enabled. 
[I] Jan  1 03:00:18 ndm: Dhcp::Client: WifiMaster0/AccessPoint3 DHCP name servers are enabled. 
[I] Jan  1 03:00:18 ndm: Network::Interface::Base: "WifiMaster0/AccessPoint3": interface is down. 
[I] Jan  1 03:00:18 ndm: Network::Interface::Ip: "WifiMaster0/WifiStation0": security level set to "public". 
[I] Jan  1 03:00:18 ndm: Network::Interface::Rtx::WifiStation: "WifiMaster0/WifiStation0": wireless encryption disabled. 
[I] Jan  1 03:00:18 ndm: Dhcp::Client: WifiMaster0/WifiStation0 DHCP client DNS host routes are enabled. 
[I] Jan  1 03:00:18 ndm: Dhcp::Client: WifiMaster0/WifiStation0 DHCP name servers are enabled. 
[I] Jan  1 03:00:18 ndm: Network::Interface::Base: "WifiMaster0/WifiStation0": interface is down. 
[I] Jan  1 03:00:18 ndm: Network::Interface::Rtx::WifiMaster: "WifiMaster1": PHY mode set. 
[I] Jan  1 03:00:18 ndm: Network::Interface::Rtx::WifiMaster: "WifiMaster1": TX burst enabled. 
[I] Jan  1 03:00:18 ndm: Network::Interface::Rtx::WifiMaster: "WifiMaster1": explicit beamforming enabled. 
[I] Jan  1 03:00:18 ndm: Network::Interface::Rtx::WifiMaster: "WifiMaster1": 11ac/ax downlink-mumimo enabled. 
[I] Jan  1 03:00:18 ndm: Network::Interface::Rtx::WifiMaster: "WifiMaster1": 11ax uplink-mumimo enabled. 
[I] Jan  1 03:00:18 ndm: Network::Interface::Rtx::WifiMaster: "WifiMaster1": 11ax spatial reuse enabled. 
[I] Jan  1 03:00:18 ndm: Network::Interface::Base: "WifiMaster1": interface is up. 
[I] Jan  1 03:00:18 ndm: Network::Interface::Base: "WifiMaster1/AccessPoint0": renamed to "AccessPoint_5G". 
[I] Jan  1 03:00:18 ndm: Network::Interface::Base: "WifiMaster1/AccessPoint0": description saved. 
[I] Jan  1 03:00:18 ndm: Network::Interface::Ethernet: "WifiMaster1/AccessPoint0": ACL type unchanged. 
[I] Jan  1 03:00:18 ndm: Network::Interface::Ip: "WifiMaster1/AccessPoint0": security level set to "private". 
[I] Jan  1 03:00:18 ndm: Network::Interface::Rtx::Wps: "WifiMaster1/AccessPoint0": WPS enabled. 
[I] Jan  1 03:00:18 ndm: Network::Interface::Wifi: "WifiMaster1/AccessPoint0": WPA PSK set. 
[I] Jan  1 03:00:18 ndm: Network::Interface::Rtx::AccessPoint: "WifiMaster1/AccessPoint0": wireless encryption enabled. 
[I] Jan  1 03:00:18 ndm: Network::Interface::Rtx::AccessPoint: "WifiMaster1/AccessPoint0": WPA2 enabled. 
[I] Jan  1 03:00:18 ndm: Dhcp::Client: WifiMaster1/AccessPoint0 DHCP client DNS host routes are enabled. 
[I] Jan  1 03:00:18 ndm: Dhcp::Client: WifiMaster1/AccessPoint0 DHCP name servers are enabled. 
[I] Jan  1 03:00:18 ndm: Network::Interface::Wireless: "WifiMaster1/AccessPoint0": SSID saved. 
[I] Jan  1 03:00:18 ndm: Network::Interface::Rtx::AccessPoint: "WifiMaster1/AccessPoint0": WMM extensions enabled. 
[I] Jan  1 03:00:18 ndm: Network::Interface::Rtx::AccessPoint: "WifiMaster1/AccessPoint0": RRM enabled. 
[I] Jan  1 03:00:18 ndm: Network::Interface::Rtx::AccessPoint: "WifiMaster1/AccessPoint0": BTM enabled. 
[I] Jan  1 03:00:18 ndm: Network::Interface::Rtx::AccessPoint: "WifiMaster1/AccessPoint0": fast transition MDID set to "9t". 
[I] Jan  1 03:00:18 ndm: Network::Interface::Rtx::AccessPoint: "WifiMaster1/AccessPoint0": fast transition enabled. 
[I] Jan  1 03:00:18 ndm: Network::Interface::AccessPoint: "WifiMaster1/AccessPoint0": set to follow WifiMaster0/AccessPoint0. 
[I] Jan  1 03:00:19 ndm: Network::Interface::Base: "WifiMaster1/AccessPoint0": interface is up. 
[I] Jan  1 03:00:19 ndm: Network::Interface::Base: "WifiMaster1/AccessPoint1": renamed to "GuestWiFi_5G". 
[I] Jan  1 03:00:19 ndm: Network::Interface::Base: "WifiMaster1/AccessPoint1": description saved. 
[I] Jan  1 03:00:19 ndm: Network::Interface::Ethernet: "WifiMaster1/AccessPoint1": ACL type unchanged. 
[I] Jan  1 03:00:19 ndm: Network::Interface::Ip: "WifiMaster1/AccessPoint1": security level set to "private". 
[I] Jan  1 03:00:19 ndm: Network::Interface::Rtx::AccessPoint: "WifiMaster1/AccessPoint1": wireless encryption disabled. 
[I] Jan  1 03:00:19 ndm: Dhcp::Client: WifiMaster1/AccessPoint1 DHCP client DNS host routes are enabled. 
[I] Jan  1 03:00:19 ndm: Dhcp::Client: WifiMaster1/AccessPoint1 DHCP name servers are enabled. 
[I] Jan  1 03:00:19 ndm: Network::Interface::Wireless: "WifiMaster1/AccessPoint1": SSID saved. 
[I] Jan  1 03:00:19 ndm: Network::Interface::Rtx::AccessPoint: "WifiMaster1/AccessPoint1": RRM enabled. 
[I] Jan  1 03:00:19 ndm: Network::Interface::Rtx::AccessPoint: "WifiMaster1/AccessPoint1": BTM enabled. 
[I] Jan  1 03:00:19 ndm: Network::Interface::Rtx::AccessPoint: "WifiMaster1/AccessPoint1": fast transition MDID set to "dt". 
[I] Jan  1 03:00:19 ndm: Network::Interface::Rtx::AccessPoint: "WifiMaster1/AccessPoint1": fast transition enabled. 
[I] Jan  1 03:00:19 ndm: Network::Interface::AccessPoint: "WifiMaster1/AccessPoint1": set to follow WifiMaster0/AccessPoint1. 
[I] Jan  1 03:00:19 ndm: Network::Interface::Base: "WifiMaster1/AccessPoint1": interface is down. 
[I] Jan  1 03:00:19 ndm: Network::Interface::Ethernet: "WifiMaster1/AccessPoint2": ACL type unchanged. 
[I] Jan  1 03:00:19 ndm: Network::Interface::Ip: "WifiMaster1/AccessPoint2": security level set to "private". 
[I] Jan  1 03:00:19 ndm: Dhcp::Client: WifiMaster1/AccessPoint2 DHCP client DNS host routes are enabled. 
[I] Jan  1 03:00:19 ndm: Dhcp::Client: WifiMaster1/AccessPoint2 DHCP name servers are enabled. 
[I] Jan  1 03:00:19 ndm: Network::Interface::Base: "WifiMaster1/AccessPoint2": interface is down. 
[I] Jan  1 03:00:19 ndm: Network::Interface::Ethernet: "WifiMaster1/AccessPoint3": ACL type unchanged. 
[I] Jan  1 03:00:19 ndm: Network::Interface::Ip: "WifiMaster1/AccessPoint3": security level set to "private". 
[I] Jan  1 03:00:19 ndm: Dhcp::Client: WifiMaster1/AccessPoint3 DHCP client DNS host routes are enabled. 
[I] Jan  1 03:00:19 ndm: Dhcp::Client: WifiMaster1/AccessPoint3 DHCP name servers are enabled. 
[I] Jan  1 03:00:19 ndm: Network::Interface::Base: "WifiMaster1/AccessPoint3": interface is down. 
[I] Jan  1 03:00:19 ndm: Network::Interface::Ip: "WifiMaster1/WifiStation0": security level set to "public". 
[I] Jan  1 03:00:19 ndm: Network::Interface::Rtx::WifiStation: "WifiMaster1/WifiStation0": wireless encryption disabled. 
[I] Jan  1 03:00:19 ndm: Dhcp::Client: WifiMaster1/WifiStation0 DHCP client DNS host routes are enabled. 
[I] Jan  1 03:00:19 ndm: Dhcp::Client: WifiMaster1/WifiStation0 DHCP name servers are enabled. 
[I] Jan  1 03:00:19 ndm: Network::Interface::Base: "WifiMaster1/WifiStation0": interface is down. 
[I] Jan  1 03:00:19 ndm: Network::Interface::Base: "CdcEthernet0": interface is down. 
[I] Jan  1 03:00:19 ndm: Network::Interface::Base: "CdcEthernet0": network MTU reset to default. 
[I] Jan  1 03:00:19 ndm: Network::Interface::Base: "CdcEthernet0": interface is up. 
[I] Jan  1 03:00:19 ndm: Network::Interface::Repository: "CdcEthernet0" interface created. 
[I] Jan  1 03:00:20 ndm: Network::Interface::Base: "CdcEthernet0": description saved. 
[I] Jan  1 03:00:20 ndm: Network::Interface::Usb: "CdcEthernet0": device ID assigned. 
[I] Jan  1 03:00:20 ndm: Network::Interface::Ip: "CdcEthernet0": security level set to "public". 
[I] Jan  1 03:00:20 ndm: Dhcp::Client: started DHCP client on CdcEthernet0. 
[I] Jan  1 03:00:20 ndm: Dhcp::Client: CdcEthernet0 DHCP client DNS host routes are enabled. 
[I] Jan  1 03:00:20 ndm: Dhcp::Client: CdcEthernet0 DHCP name servers are enabled. 
[I] Jan  1 03:00:20 ndm: Network::Interface::Ip: "CdcEthernet0": global priority is 33117. 
[I] Jan  1 03:00:20 ndm: PingCheck::Client: set "default" ping-check profile for interface "CdcEthernet0". 
[I] Jan  1 03:00:20 ndm: Network::Interface::Led: selected WAN CdcEthernet0. 
[I] Jan  1 03:00:20 ndm: Network::Interface::Base: "CdcEthernet0": interface is up. 
[I] Jan  1 03:00:20 ndm: Network::Interface::Base: "Bridge0": interface is down. 
[I] Jan  1 03:00:20 ndm: Network::Interface::Base: "Bridge0": network MTU reset to default. 
[I] Jan  1 03:00:20 ndm: Network::Interface::Base: "Bridge0": interface is up. 
[I] Jan  1 03:00:20 ndm: Network::Interface::Repository: "Bridge0" interface created. 
[I] Jan  1 03:00:21 ndm: Network::Interface::Base: "Bridge0": renamed to "Home". 
[I] Jan  1 03:00:21 ndm: Network::Interface::Base: "Bridge0": description saved. 
[I] Jan  1 03:00:21 kernel: br0: port 1(eth2.1) entered blocking state
[I] Jan  1 03:00:21 kernel: br0: port 1(eth2.1) entered disabled state
[I] Jan  1 03:00:21 kernel: device eth2.1 entered promiscuous mode
[I] Jan  1 03:00:21 kernel: device eth2 entered promiscuous mode
[I] Jan  1 03:00:21 kernel: br0: port 1(eth2.1) entered blocking state
[I] Jan  1 03:00:21 kernel: br0: port 1(eth2.1) entered forwarding state
[I] Jan  1 03:00:21 kernel: br0: disabled STP choke for port 1(eth2.1)
[I] Jan  1 03:00:21 ndm: Network::Interface::Base: "Bridge0": interface is up. 
[I] Jan  1 03:00:21 ndm: Network::Interface::Mac: "Bridge0": backed up the default address 50:ff:20:a6:89:eb of "Home" before changing. 
[I] Jan  1 03:00:21 kernel: br0: port 1(eth2.1) entered disabled state
[I] Jan  1 03:00:21 kernel: br0: port 1(eth2.1) entered blocking state
[I] Jan  1 03:00:21 kernel: br0: port 1(eth2.1) entered forwarding state
[I] Jan  1 03:00:21 ndm: Network::Interface::Mac: "Bridge0": MAC address is 50:ff:20:a6:89:eb. 
[I] Jan  1 03:00:21 ndm: Network::Interface::Ip: "Bridge0": IP address cleared. 
[I] Jan  1 03:00:21 ndm: Network::Interface::Ip: "Bridge0": IP address cleared. 
[I] Jan  1 03:00:21 ndm: Network::Interface::Ip: "Bridge0": global priority unchanged. 
[I] Jan  1 03:00:21 ndm: Network::Interface::Ip: "Bridge0": global priority cleared. 
[I] Jan  1 03:00:21 ndm: Network::Interface::Bridge: "Bridge0": GigabitEthernet0/Vlan1 inherited in Bridge0. 
[I] Jan  1 03:00:21 kernel: br0: port 2(ra5) entered blocking state
[I] Jan  1 03:00:21 kernel: br0: port 2(ra5) entered disabled state
[I] Jan  1 03:00:21 kernel: device ra5 entered promiscuous mode
[I] Jan  1 03:00:21 kernel: br0: port 2(ra5) entered blocking state
[I] Jan  1 03:00:21 kernel: br0: port 2(ra5) entered forwarding state
[I] Jan  1 03:00:21 kernel: br0: disabled STP choke for port 2(ra5)
[I] Jan  1 03:00:21 kernel: br0: port 2(ra5) entered disabled state
[I] Jan  1 03:00:21 kernel: br0: port 1(eth2.1) entered disabled state
[I] Jan  1 03:00:21 kernel: br0: port 2(ra5) entered blocking state
[I] Jan  1 03:00:21 kernel: br0: port 2(ra5) entered forwarding state
[I] Jan  1 03:00:21 kernel: br0: port 1(eth2.1) entered blocking state
[I] Jan  1 03:00:21 kernel: br0: port 1(eth2.1) entered forwarding state
[I] Jan  1 03:00:21 ndm: Network::Interface::Bridge: "Bridge0": AccessPoint included. 
[I] Jan  1 03:00:21 kernel: br0: port 3(ra0) entered blocking state
[I] Jan  1 03:00:21 kernel: br0: port 3(ra0) entered disabled state
[I] Jan  1 03:00:21 kernel: device ra0 entered promiscuous mode
[I] Jan  1 03:00:21 kernel: br0: port 3(ra0) entered blocking state
[I] Jan  1 03:00:21 kernel: br0: port 3(ra0) entered forwarding state
[I] Jan  1 03:00:21 kernel: br0: disabled STP choke for port 3(ra0)
[I] Jan  1 03:00:21 kernel: br0: port 3(ra0) entered disabled state
[I] Jan  1 03:00:21 kernel: br0: port 2(ra5) entered disabled state
[I] Jan  1 03:00:21 kernel: br0: port 1(eth2.1) entered disabled state
[I] Jan  1 03:00:21 kernel: br0: port 3(ra0) entered blocking state
[I] Jan  1 03:00:21 kernel: br0: port 3(ra0) entered forwarding state
[I] Jan  1 03:00:21 kernel: br0: port 2(ra5) entered blocking state
[I] Jan  1 03:00:21 kernel: br0: port 2(ra5) entered forwarding state
[I] Jan  1 03:00:21 kernel: br0: port 1(eth2.1) entered blocking state
[I] Jan  1 03:00:21 kernel: br0: port 1(eth2.1) entered forwarding state
[I] Jan  1 03:00:21 ndm: Network::Interface::Bridge: "Bridge0": AccessPoint_5G included. 
[I] Jan  1 03:00:21 ndm: Network::Interface::Ethernet: "Bridge0": ACL type unchanged. 
[I] Jan  1 03:00:21 ndm: Network::Interface::Ip: "Bridge0": security level set to "private". 
[I] Jan  1 03:00:21 ndm: Network::Interface::Ip: "Bridge0": IP address is 192.168.1.1/24. 
[I] Jan  1 03:00:21 ndm: Dhcp::Client: Bridge0 DHCP client DNS host routes are enabled. 
[I] Jan  1 03:00:21 ndm: Dhcp::Client: Bridge0 DHCP name servers are enabled. 
[I] Jan  1 03:00:21 ndm: Igmp::Proxy: added downstream interface Bridge0. 
[I] Jan  1 03:00:21 ndm: Network::Interface::Rtx::Iapp: Bridge0 key applied. 
[I] Jan  1 03:00:21 ndm: Network::Interface::Base: "Bridge0": interface is up. 
[I] Jan  1 03:00:21 ndm: Network::Interface::Base: "Bridge1": interface is down. 
[I] Jan  1 03:00:21 ndm: Network::Interface::Base: "Bridge1": network MTU reset to default. 
[I] Jan  1 03:00:21 ndm: Network::Interface::Base: "Bridge1": interface is up. 
[I] Jan  1 03:00:21 ndm: Network::Interface::Repository: "Bridge1" interface created. 
[I] Jan  1 03:00:22 ndm: Network::Interface::Base: "Bridge1": renamed to "Guest". 
[I] Jan  1 03:00:22 ndm: Network::Interface::Base: "Bridge1": description saved. 
[I] Jan  1 03:00:22 ndm: TrafficControl::Manager: "Bridge1" interface rate limited to 5120 kbit/s. 
[I] Jan  1 03:00:22 kernel: br1: port 1(eth2.3) entered blocking state
[I] Jan  1 03:00:22 kernel: br1: port 1(eth2.3) entered disabled state
[I] Jan  1 03:00:22 kernel: device eth2.3 entered promiscuous mode
[I] Jan  1 03:00:22 kernel: br1: port 1(eth2.3) entered blocking state
[I] Jan  1 03:00:22 kernel: br1: port 1(eth2.3) entered forwarding state
[I] Jan  1 03:00:22 kernel: br1: disabled STP choke for port 1(eth2.3)
[I] Jan  1 03:00:22 ndm: Network::Interface::Base: "Bridge1": interface is up. 
[I] Jan  1 03:00:22 ndm: Network::Interface::Mac: "Bridge1": backed up the default address 50:ff:20:a6:89:eb of "Guest" before changing. 
[I] Jan  1 03:00:22 kernel: br1: port 1(eth2.3) entered disabled state
[I] Jan  1 03:00:22 kernel: br1: port 1(eth2.3) entered blocking state
[I] Jan  1 03:00:22 kernel: br1: port 1(eth2.3) entered forwarding state
[I] Jan  1 03:00:22 ndm: Network::Interface::Mac: "Bridge1": MAC address is 50:ff:20:a6:89:eb. 
[I] Jan  1 03:00:22 ndm: Network::Interface::Ip: "Bridge1": IP address cleared. 
[I] Jan  1 03:00:22 ndm: Network::Interface::Ip: "Bridge1": IP address cleared. 
[I] Jan  1 03:00:22 ndm: Network::Interface::Ip: "Bridge1": global priority unchanged. 
[I] Jan  1 03:00:22 ndm: Network::Interface::Ip: "Bridge1": global priority cleared. 
[I] Jan  1 03:00:22 ndm: Network::Interface::Bridge: "Bridge1": GigabitEthernet0/Vlan3 inherited in Bridge1. 
[I] Jan  1 03:00:22 kernel: br1: port 2(ra6) entered blocking state
[I] Jan  1 03:00:22 kernel: br1: port 2(ra6) entered disabled state
[I] Jan  1 03:00:22 kernel: device ra6 entered promiscuous mode
[I] Jan  1 03:00:22 kernel: br1: disabled STP choke for port 2(ra6)
[I] Jan  1 03:00:22 kernel: br1: port 1(eth2.3) entered disabled state
[I] Jan  1 03:00:22 kernel: br1: port 1(eth2.3) entered blocking state
[I] Jan  1 03:00:22 kernel: br1: port 1(eth2.3) entered forwarding state
[I] Jan  1 03:00:22 ndm: Network::Interface::Bridge: "Bridge1": GuestWiFi included. 
[I] Jan  1 03:00:22 kernel: br1: port 3(ra1) entered blocking state
[I] Jan  1 03:00:22 kernel: br1: port 3(ra1) entered disabled state
[I] Jan  1 03:00:22 kernel: device ra1 entered promiscuous mode
[I] Jan  1 03:00:22 kernel: br1: disabled STP choke for port 3(ra1)
[I] Jan  1 03:00:22 kernel: br1: port 1(eth2.3) entered disabled state
[I] Jan  1 03:00:22 kernel: br1: port 1(eth2.3) entered blocking state
[I] Jan  1 03:00:22 kernel: br1: port 1(eth2.3) entered forwarding state
[I] Jan  1 03:00:22 ndm: Network::Interface::Bridge: "Bridge1": GuestWiFi_5G included. 
[I] Jan  1 03:00:22 ndm: Network::Interface::Ethernet: "Bridge1": ACL type unchanged. 
[I] Jan  1 03:00:22 ndm: Network::Interface::Rtx::AccessPoint: "WifiMaster0/AccessPoint1": peer isolation enabled. 
[I] Jan  1 03:00:22 ndm: Network::Interface::Rtx::AccessPoint: "WifiMaster1/AccessPoint1": peer isolation enabled. 
[I] Jan  1 03:00:22 ndm: Network::Interface::Ethernet: "Bridge1": peer isolation enabled. 
[I] Jan  1 03:00:22 ndm: Network::Interface::Ip: "Bridge1": security level set to "protected". 
[I] Jan  1 03:00:22 ndm: Network::Interface::Bridge: "Bridge1": set enhanced address "52:ff:20:a6:89:ea". 
[I] Jan  1 03:00:22 ndm: Network::Interface::Mac: "GigabitEthernet0/Vlan3": backed up the default address 50:ff:20:a6:89:eb of "GigabitEthernet0/Vlan3" before changing. 
[I] Jan  1 03:00:23 kernel: br1: port 1(eth2.3) entered disabled state
[I] Jan  1 03:00:23 kernel: br1: port 1(eth2.3) entered blocking state
[I] Jan  1 03:00:23 kernel: br1: port 1(eth2.3) entered forwarding state
[I] Jan  1 03:00:23 kernel: br1: port 1(eth2.3) entered disabled state
[I] Jan  1 03:00:23 kernel: br1: port 1(eth2.3) entered blocking state
[I] Jan  1 03:00:23 kernel: br1: port 1(eth2.3) entered forwarding state
[I] Jan  1 03:00:23 ndm: Network::Interface::Mac: "Bridge1": MAC address is 52:ff:20:a6:89:ea. 
[I] Jan  1 03:00:23 ndm: Network::Interface::Ip: "Bridge1": IP address is 10.1.30.1/24. 
[I] Jan  1 03:00:23 ndm: Dhcp::Client: Bridge1 DHCP client DNS host routes are enabled. 
[I] Jan  1 03:00:23 ndm: Dhcp::Client: Bridge1 DHCP name servers are enabled. 
[I] Jan  1 03:00:23 ndm: Network::Interface::Rtx::Iapp: Bridge1 key applied. 
[I] Jan  1 03:00:23 ndm: Network::Interface::Base: "Bridge1": interface is up. 
[I] Jan  1 03:00:23 ndm: Dhcp::Pool: "_WEBADMIN": assigned IP address range 192.168.1.33 to 192.168.1.152. 
[I] Jan  1 03:00:23 ndm: Dhcp::Server: pool "_WEBADMIN" bound to interface Home. 
[I] Jan  1 03:00:23 ndm: Dhcp::Server: pool "_WEBADMIN" is enabled. 
[I] Jan  1 03:00:23 ndm: Dhcp::Pool: "_WEBADMIN_GUEST_AP": assigned IP address range 10.1.30.33 to 10.1.30.152. 
[I] Jan  1 03:00:23 ndm: Dhcp::Server: pool "_WEBADMIN_GUEST_AP" bound to interface Guest. 
[I] Jan  1 03:00:23 ndm: Dhcp::Server: pool "_WEBADMIN_GUEST_AP" is enabled. 
[I] Jan  1 03:00:23 ndm: Http::Manager: security level set to private. 
[I] Jan  1 03:00:23 ndm: Http::Manager: bruteforce detection is enabled. 
[I] Jan  1 03:00:23 ndm: Http::Manager: bruteforce detection is reconfigured. 
[I] Jan  1 03:00:23 ndm: Http::Manager: enabled SSL service. 
[I] Jan  1 03:00:23 ndm: Http::Manager: enabled SSL redirect. 
[I] Jan  1 03:00:23 ndm: Http::Manager: WebDAV security level set to public. 
[I] Jan  1 03:00:23 ndm: Network::Nat: a NAT rule added. 
[I] Jan  1 03:00:23 ndm: Network::Nat: a NAT rule added. 
[I] Jan  1 03:00:23 ndm: Telnet::Server: security level unchanged. 
[I] Jan  1 03:00:23 ndm: Telnet::Server: bruteforce detection is reconfigured. 
[I] Jan  1 03:00:23 ndm: Network::Interface::Rtx::Ppe: software PPE enabled. 
[I] Jan  1 03:00:23 ndm: Network::Interface::Rtx::Ppe: hardware PPE enabled. 
[I] Jan  1 03:00:23 ndm: UPnP::Manager: using LAN interface: Bridge0. 
[I] Jan  1 03:00:23 ndm: Dhcp::Server: service enabled. 
[I] Jan  1 03:00:23 ndm: Dns::Manager: DNS proxy enabled. 
[I] Jan  1 03:00:23 ndm: Igmp::Proxy: IGMP proxy enabled. 
[I] Jan  1 03:00:23 ndm: Http::Manager: HTTP service was enabled. 
[I] Jan  1 03:00:23 ndm: Cifs::ServerTsmb: enabled. 
[I] Jan  1 03:00:23 ndm: Telnet::Server: telnet server enabled. 
[I] Jan  1 03:00:23 ndm: Ntp::Client: NTP client enabled. 
[I] Jan  1 03:00:23 ndm: Cifs::ServerTsmb: automount enabled. 
[I] Jan  1 03:00:23 ndm: Cifs::ServerTsmb: permissive mode enabled. 
[I] Jan  1 03:00:23 ndm: Dns::Manager: enabled rebind protection. 
[I] Jan  1 03:00:23 ndm: EasyConfig::Manager: disabled. 
[I] Jan  1 03:00:23 ndm: Components::Manager: auto-update channel is "stable". 
[I] Jan  1 03:00:23 ndm: CloudControl2::Agent: security level unchanged. 
[I] Jan  1 03:00:23 ndm: Usb::Hotplug::Manager: scanning hardware... 
[I] Jan  1 03:00:23 kernel: br0: port 4(ra9.1) entered blocking state
[I] Jan  1 03:00:23 kernel: br0: port 4(ra9.1) entered disabled state
[I] Jan  1 03:00:23 kernel: device ra9.1 entered promiscuous mode
[I] Jan  1 03:00:23 kernel: device ra9 entered promiscuous mode
[I] Jan  1 03:00:23 kernel: br0: port 4(ra9.1) entered blocking state
[I] Jan  1 03:00:23 kernel: br0: port 4(ra9.1) entered forwarding state
[I] Jan  1 03:00:23 kernel: br0: port 5(ra4.1) entered blocking state
[I] Jan  1 03:00:23 kernel: br0: port 5(ra4.1) entered disabled state
[I] Jan  1 03:00:23 kernel: device ra4.1 entered promiscuous mode
[I] Jan  1 03:00:23 kernel: device ra4 entered promiscuous mode
[I] Jan  1 03:00:23 kernel: br0: port 5(ra4.1) entered blocking state
[I] Jan  1 03:00:23 kernel: br0: port 5(ra4.1) entered forwarding state
[I] Jan  1 03:00:23 ndm: Usb::Hotplug::Manager: scanning hardware: done. 
[I] Jan  1 03:00:23 ndm: Core::Init: system ready, core startup time is 24 seconds. 
[I] Jan  1 03:00:23 ndm: Network::Interface::Rtx::AccessPoint: "WifiMaster0/AccessPoint0": peer isolation disabled. 
[I] Jan  1 03:00:23 ndm: Network::Interface::Base: "WifiMaster1/AccessPoint0": schedule cleared. 
[I] Jan  1 03:00:23 ndm: Network::Interface::Wireless: "WifiMaster1/AccessPoint0": SSID saved. 
[I] Jan  1 03:00:23 ndm: Network::Interface::Rtx::AccessPoint: "WifiMaster1/AccessPoint0": SSID broadcasting enabled. 
[I] Jan  1 03:00:23 ndm: Network::Interface::Wifi: "WifiMaster1/AccessPoint0": WPA PSK set. 
[I] Jan  1 03:00:23 ndm: Network::Interface::Rtx::AccessPoint: "WifiMaster1/AccessPoint0": wireless encryption enabled. 
[I] Jan  1 03:00:23 ndm: Network::Interface::Rtx::AccessPoint: "WifiMaster1/AccessPoint0": WPA disabled. 
[I] Jan  1 03:00:23 ndm: Network::Interface::Rtx::AccessPoint: "WifiMaster1/AccessPoint0": WPA2 enabled. 
[I] Jan  1 03:00:23 ndm: Network::Interface::Rtx::AccessPoint: "WifiMaster1/AccessPoint0": WPA3 disabled. 
[I] Jan  1 03:00:23 ndm: Network::Interface::Rtx::AccessPoint: "WifiMaster1/AccessPoint0": OWE disabled. 
[I] Jan  1 03:00:23 ndm: Network::Interface::Rtx::AccessPoint: "WifiMaster1/AccessPoint0": RRM enabled. 
[I] Jan  1 03:00:23 ndm: Network::Interface::Rtx::AccessPoint: "WifiMaster1/AccessPoint0": BTM enabled. 
[I] Jan  1 03:00:23 ndm: Network::Interface::Rtx::AccessPoint: "WifiMaster1/AccessPoint0": fast transition enabled. 
[I] Jan  1 03:00:23 ndm: Network::Interface::Rtx::AccessPoint: "WifiMaster1/AccessPoint0": fast transition MDID set to "9t". 
[I] Jan  1 03:00:23 ndm: Network::Interface::Rtx::AccessPoint: "WifiMaster1/AccessPoint0": peer isolation disabled. 
[I] Jan  1 03:00:23 ndm: Network::Interface::Base: "WifiMaster1/AccessPoint1": schedule cleared. 
[I] Jan  1 03:00:23 ndm: Network::Interface::Wireless: "WifiMaster1/AccessPoint1": SSID saved. 
[I] Jan  1 03:00:23 ndm: Network::Interface::Rtx::AccessPoint: "WifiMaster1/AccessPoint1": SSID broadcasting enabled. 
[I] Jan  1 03:00:23 ndm: Network::Interface::Wifi: "WifiMaster1/AccessPoint1": WPA PSK set. 
[I] Jan  1 03:00:23 ndm: Network::Interface::Rtx::AccessPoint: "WifiMaster1/AccessPoint1": wireless encryption disabled. 
[I] Jan  1 03:00:23 ndm: Network::Interface::Rtx::AccessPoint: "WifiMaster1/AccessPoint1": WPA disabled. 
[I] Jan  1 03:00:23 ndm: Network::Interface::Rtx::AccessPoint: "WifiMaster1/AccessPoint1": WPA2 disabled. 
[I] Jan  1 03:00:23 ndm: Network::Interface::Rtx::AccessPoint: "WifiMaster1/AccessPoint1": WPA3 disabled. 
[I] Jan  1 03:00:23 ndm: Network::Interface::Rtx::AccessPoint: "WifiMaster1/AccessPoint1": OWE disabled. 
[I] Jan  1 03:00:23 ndm: Network::Interface::Rtx::AccessPoint: "WifiMaster1/AccessPoint1": RRM enabled. 
[I] Jan  1 03:00:23 ndm: Network::Interface::Rtx::AccessPoint: "WifiMaster1/AccessPoint1": BTM enabled. 
[I] Jan  1 03:00:23 ndm: Network::Interface::Rtx::AccessPoint: "WifiMaster1/AccessPoint1": fast transition enabled. 
[I] Jan  1 03:00:23 ndm: Network::Interface::Rtx::AccessPoint: "WifiMaster1/AccessPoint1": fast transition MDID set to "dt". 
[I] Jan  1 03:00:23 kernel: br1: port 4(ra9.2) entered blocking state
[I] Jan  1 03:00:23 kernel: br1: port 4(ra9.2) entered disabled state
[I] Jan  1 03:00:23 kernel: device ra9.2 entered promiscuous mode
[I] Jan  1 03:00:23 kernel: br1: port 4(ra9.2) entered blocking state
[I] Jan  1 03:00:23 kernel: br1: port 4(ra9.2) entered forwarding state
[I] Jan  1 03:00:23 kernel: br1: port 5(ra4.2) entered blocking state
[I] Jan  1 03:00:23 kernel: br1: port 5(ra4.2) entered disabled state
[I] Jan  1 03:00:23 kernel: device ra4.2 entered promiscuous mode
[I] Jan  1 03:00:23 kernel: br1: port 5(ra4.2) entered blocking state
[I] Jan  1 03:00:23 kernel: br1: port 5(ra4.2) entered forwarding state
[I] Jan  1 03:00:23 ndm: Network::Interface::Rtx::AccessPoint: "WifiMaster0/AccessPoint1": peer isolation enabled. 
[I] Jan  1 03:00:23 ndm: Network::Interface::Rtx::AccessPoint: "WifiMaster1/AccessPoint1": peer isolation enabled. 
[I] Jan  1 03:00:24 ndm: Hotspot::Discovery::Explorer: "Bridge0": Interface Bridge0 IPv4 neighbour explorer started. 
[I] Jan  1 03:00:24 ndm: Hotspot::Discovery::Explorer: "Bridge1": Interface Bridge1 IPv4 neighbour explorer started. 
[I] Jan  1 03:00:24 ndm: Core::System::DriverManager: loading /lib/modules/4.9-ndm-5/xhci-hcd.ko. 
[I] Jan  1 03:00:24 ndm: Core::System::DriverManager: loading /lib/modules/4.9-ndm-5/xhci-mtk.ko. 
[I] Jan  1 03:00:24 kernel: xhci-mtk xhci-mtk: xHCI Host Controller
[I] Jan  1 03:00:24 kernel: xhci-mtk xhci-mtk: new USB bus registered, assigned bus number 1
[I] Jan  1 03:00:24 kernel: U2PHY P0 set SRCTRL calibration value: 2
[I] Jan  1 03:00:24 kernel: U2PHY P1 set SRCTRL calibration value: 2
[I] Jan  1 03:00:24 kernel: xhci-mtk xhci-mtk: hcc params 0x01401198 hci version 0x96 quirks 0x00294810
[I] Jan  1 03:00:24 kernel: xhci-mtk xhci-mtk: irq 37, io mem 0x1e1c0000
[I] Jan  1 03:00:24 kernel: usb usb1: New USB device found, idVendor=1d6b, idProduct=0002
[I] Jan  1 03:00:24 kernel: usb usb1: New USB device strings: Mfr=3, Product=2, SerialNumber=1
[I] Jan  1 03:00:24 kernel: usb usb1: Product: xHCI Host Controller
[I] Jan  1 03:00:24 kernel: usb usb1: Manufacturer: Linux 4.9-ndm-5 xhci-hcd
[I] Jan  1 03:00:24 kernel: usb usb1: SerialNumber: xhci-mtk
[I] Jan  1 03:00:24 kernel: hub 1-0:1.0: USB hub found
[I] Jan  1 03:00:24 kernel: hub 1-0:1.0: 2 ports detected
[I] Jan  1 03:00:24 kernel: xhci-mtk xhci-mtk: xHCI Host Controller
[I] Jan  1 03:00:24 kernel: xhci-mtk xhci-mtk: new USB bus registered, assigned bus number 2
[I] Jan  1 03:00:24 kernel: usb usb2: New USB device found, idVendor=1d6b, idProduct=0003
[I] Jan  1 03:00:24 kernel: usb usb2: New USB device strings: Mfr=3, Product=2, SerialNumber=1
[I] Jan  1 03:00:24 kernel: usb usb2: Product: xHCI Host Controller
[I] Jan  1 03:00:24 kernel: usb usb2: Manufacturer: Linux 4.9-ndm-5 xhci-hcd
[I] Jan  1 03:00:24 kernel: usb usb2: SerialNumber: xhci-mtk
[I] Jan  1 03:00:24 kernel: hub 2-0:1.0: USB hub found
[I] Jan  1 03:00:24 kernel: hub 2-0:1.0: 1 port detected
[I] Jan  1 03:00:24 kernel: Disable SMB fastpath
[I] Jan  1 03:00:24 kernel: Enable SMB fastpath for 192.168.1.1/255.255.255.0
[I] Jan  1 03:00:24 ndm: Core::System::DriverManager: loading /lib/modules/4.9-ndm-5/igmpsn.ko. 
[I] Jan  1 03:00:24 kernel: igmpsn: NDM IGMP Switch Snooping Module, v4.3.2
[I] Jan  1 03:00:24 ndm: Network::Interface::Rtx::WifiMaster: "WifiMaster1": auto channel mode set. 
[I] Jan  1 03:00:24 ndm: Network::Interface::Rtx::WifiMaster: "WifiMaster0": auto channel mode set. 
[I] Jan  1 03:00:25 ndm: Ntp::Client: unable to communicate with "1.pool.ntp.org". 
[I] Jan  1 03:00:25 ndm: Ntp::Client: could not synchronize, waiting... 
[I] Jan  1 03:00:25 ndm: Core::Server: started Session /var/run/ndm.core.socket. 
[I] Jan  1 03:00:25 telnetd: waiting for connections... 
[I] Jan  1 03:00:25 ndm: Core::Session: client disconnected. 
[I] Jan  1 03:00:25 ndm: Http::Manager: updated configuration. 
[I] Jan  1 03:00:25 ndm: Core::System::DriverManager: loading /lib/modules/4.9-ndm-5/hw_nat.ko. 
[I] Jan  1 03:00:25 kernel: Ralink/MTK HW NAT 5.0.5.0-26 Module Enabled, FoE Size: 16384
[I] Jan  1 03:00:25 ndm: Core::System::DriverManager: loading /lib/modules/4.9-ndm-5/fastvpn.ko. 
[I] Jan  1 03:00:25 kernel: fastvpn: sizeof(bind) = 212
[I] Jan  1 03:00:25 kernel: fastvpn: sizeof(hashent) = 60
[I] Jan  1 03:00:25 kernel: fastvpn: registered
[I] Jan  1 03:00:25 kernel: fastvpn: enabled
[I] Jan  1 03:00:25 kernel: fastvpn: Fast VPN init, v5.0-20
[I] Jan  1 03:00:25 kernel: fastvpn: PPPoE/IPoE LAN software acceleration is disabled
[I] Jan  1 03:00:25 ndhcps: NDM DHCP Server, v3.2.49. 
[I] Jan  1 03:00:25 mtkiappd: MediaTek IAPP daemon v2.0.7 started on br0. 
[I] Jan  1 03:00:25 ndm: Core::Server: started Session /var/run/ndm.core.socket. 
[I] Jan  1 03:00:25 ndm: Core::Session: client disconnected. 
[I] Jan  1 03:00:25 ndm: Core::System::DriverManager: loading /lib/modules/4.9-ndm-5/nf_conntrack_sip.ko. 
[I] Jan  1 03:00:25 ndm: Core::System::DriverManager: loading /lib/modules/4.9-ndm-5/nf_nat_sip.ko. 
[I] Jan  1 03:00:26 ndhcps: NDM DHCP Server, v3.2.49. 
[I] Jan  1 03:00:26 bndstrg: band steering control daemon v1.0-28 started 
[I] Jan  1 03:00:26 ndm: Core::Server: started Session /var/run/ndm.core.socket. 
[I] Jan  1 03:00:26 ndm: Core::Session: client disconnected. 
[I] Jan  1 03:00:26 avahi-daemon[528]: avahi-daemon 0.8 starting up. 
[I] Jan  1 03:00:26 nimproxy: NDM IGMP/Multicast Proxy, v0.0.35. 
[I] Jan  1 03:00:26 kernel: TSMB module version 3020.9.24.11 started from process 534!
[I] Jan  1 03:00:26 kernel: br0: port 3(ra0) entered disabled state
[I] Jan  1 03:00:26 kernel: br0: port 2(ra5) entered disabled state
[I] Jan  1 03:00:27 kernel: br0: port 2(ra5) entered blocking state
[I] Jan  1 03:00:27 kernel: br0: port 2(ra5) entered forwarding state
[I] Jan  1 03:00:28 bndstrg: band steering: finished 
[I] Jan  1 03:00:28 ndm: Network::Interface::Base: "WifiMaster1/AccessPoint1": schedule cleared. 
[I] Jan  1 03:00:28 ndm: Network::Interface::Wireless: "WifiMaster1/AccessPoint1": SSID saved. 
[I] Jan  1 03:00:28 ndm: Network::Interface::Rtx::AccessPoint: "WifiMaster1/AccessPoint1": SSID broadcasting enabled. 
[I] Jan  1 03:00:28 ndm: Network::Interface::Wifi: "WifiMaster1/AccessPoint1": WPA PSK set. 
[I] Jan  1 03:00:28 ndm: Network::Interface::Rtx::AccessPoint: "WifiMaster1/AccessPoint1": wireless encryption disabled. 
[I] Jan  1 03:00:28 ndm: Network::Interface::Rtx::AccessPoint: "WifiMaster1/AccessPoint1": WPA disabled. 
[I] Jan  1 03:00:28 ndm: Network::Interface::Rtx::AccessPoint: "WifiMaster1/AccessPoint1": WPA2 disabled. 
[I] Jan  1 03:00:28 ndm: Network::Interface::Rtx::AccessPoint: "WifiMaster1/AccessPoint1": WPA3 disabled. 
[I] Jan  1 03:00:28 ndm: Network::Interface::Rtx::AccessPoint: "WifiMaster1/AccessPoint1": OWE disabled. 
[I] Jan  1 03:00:28 ndm: Network::Interface::Rtx::AccessPoint: "WifiMaster1/AccessPoint1": RRM enabled. 
[I] Jan  1 03:00:28 ndm: Network::Interface::Rtx::AccessPoint: "WifiMaster1/AccessPoint1": BTM enabled. 
[I] Jan  1 03:00:28 ndm: Network::Interface::Rtx::AccessPoint: "WifiMaster1/AccessPoint1": fast transition enabled. 
[I] Jan  1 03:00:28 ndm: Network::Interface::Rtx::AccessPoint: "WifiMaster1/AccessPoint1": fast transition MDID set to "dt". 
[I] Jan  1 03:00:28 ndm: Network::Interface::Base: "WifiMaster1/AccessPoint0": schedule cleared. 
[I] Jan  1 03:00:28 ndm: Network::Interface::Wireless: "WifiMaster1/AccessPoint0": SSID saved. 
[I] Jan  1 03:00:28 ndm: Network::Interface::Rtx::AccessPoint: "WifiMaster1/AccessPoint0": SSID broadcasting enabled. 
[I] Jan  1 03:00:28 ndm: Network::Interface::Wifi: "WifiMaster1/AccessPoint0": WPA PSK set. 
[I] Jan  1 03:00:28 ndm: Network::Interface::Rtx::AccessPoint: "WifiMaster1/AccessPoint0": wireless encryption enabled. 
[I] Jan  1 03:00:28 ndm: Network::Interface::Rtx::AccessPoint: "WifiMaster1/AccessPoint0": WPA disabled. 
[I] Jan  1 03:00:28 ndm: Network::Interface::Rtx::AccessPoint: "WifiMaster1/AccessPoint0": WPA2 enabled. 
[I] Jan  1 03:00:28 ndm: Network::Interface::Rtx::AccessPoint: "WifiMaster1/AccessPoint0": WPA3 disabled. 
[I] Jan  1 03:00:28 ndm: Network::Interface::Rtx::AccessPoint: "WifiMaster1/AccessPoint0": OWE disabled. 
[I] Jan  1 03:00:28 ndm: Network::Interface::Rtx::AccessPoint: "WifiMaster1/AccessPoint0": RRM enabled. 
[I] Jan  1 03:00:28 ndm: Network::Interface::Rtx::AccessPoint: "WifiMaster1/AccessPoint0": BTM enabled. 
[I] Jan  1 03:00:28 ndm: Network::Interface::Rtx::AccessPoint: "WifiMaster1/AccessPoint0": fast transition enabled. 
[I] Jan  1 03:00:28 ndm: Network::Interface::Rtx::AccessPoint: "WifiMaster1/AccessPoint0": fast transition MDID set to "9t". 
[I] Jan  1 03:00:28 ndm: Core::Server: started Session /var/run/ndm.core.socket. 
[I] Jan  1 03:00:28 coalagent: version 0.4.35 starting. 
[I] Jan  1 03:00:28 ndm: Core::Session: client disconnected. 
[I] Jan  1 03:00:28 kernel: capability: warning: `nginx' uses 32-bit capabilities (legacy support in use)
[I] Jan  1 03:00:28 kernel: br0: port 3(ra0) entered blocking state
[I] Jan  1 03:00:28 kernel: br0: port 3(ra0) entered forwarding state
[I] Jan  1 03:00:30 bndstrg: band steering control daemon v1.0-28 started 
[I] Jan  1 03:00:31 ndm: Core::System::DriverManager: loading /lib/modules/4.9-ndm-5/nf_conntrack_ftp.ko. 
[I] Jan  1 03:00:31 ndm: Core::System::DriverManager: loading /lib/modules/4.9-ndm-5/nf_nat_ftp.ko. 
[I] Jan  1 03:00:31 ndm: Cifs::ServerTsmb: service started. 
[I] Jan  1 03:00:32 bndstrg: band steering: enabled 
[W] Jan  1 03:00:32 ndm: PingCheck::Profile: "default": failed to resolve "google.com". 
[I] Jan  1 03:00:33 kernel: ACS result: Primary Channel 7, Min Channel Busy = 2078, BW = 20
[I] Jan  1 03:00:33 wmond: WifiMaster0/AccessPoint0: (MT7915) BSS(ra5) channel switched to 7. 
[W] Jan  1 03:00:34 ndm: PingCheck::Profile: "default": failed to resolve "yahoo.com". 
[I] Jan  1 03:00:35 ndm: Ntp::Client: unable to communicate with "2.pool.ntp.org". 
[I] Jan  1 03:00:35 ndm: Ntp::Client: could not synchronize, waiting... 
[I] Jan  1 03:00:40 kernel: ACS result: Primary Channel 64, Min Channel Busy = 1136, BW = 80
[I] Jan  1 03:00:40 wmond: WifiMaster1/AccessPoint0: (MT7915) BSS(ra0) channel switched to 64. 
[I] Jan  1 03:00:41 kernel: usb 1-2: new high-speed USB device number 2 using xhci-mtk
[I] Jan  1 03:00:42 kernel: usb 1-2: New USB device found, idVendor=19d2, idProduct=1225
[I] Jan  1 03:00:42 kernel: usb 1-2: New USB device strings: Mfr=2, Product=4, SerialNumber=5
[I] Jan  1 03:00:42 kernel: usb 1-2: Product: ZTE Mobile Boardband
[I] Jan  1 03:00:42 kernel: usb 1-2: Manufacturer: ZTE,Incorporated
[I] Jan  1 03:00:42 kernel: usb 1-2: SerialNumber: 123456789ABCDEF
[I] Jan  1 03:00:42 kernel: usb-storage 1-2:1.0: USB Mass Storage device detected
[I] Jan  1 03:00:42 kernel: usb-storage 1-2:1.0: Quirks match for vid 19d2 pid 1225: 1
[I] Jan  1 03:00:42 kernel: scsi host0: usb-storage 1-2:1.0
[I] Jan  1 03:00:43 kernel: scsi 0:0:0:0: CD-ROM            ZTE USB  SCSI CD-ROM 2.31      PQ: 0 ANSI: 2
[I] Jan  1 03:00:43 kernel: sr 0:0:0:0: [sr0] scsi-1 drive
[I] Jan  1 03:00:43 kernel: cdrom: Uniform CD-ROM driver Revision: 3.20
[I] Jan  1 03:00:43 kernel: sr 0:0:0:0: Attached scsi CD-ROM sr0
[I] Jan  1 03:00:43 kernel: sr 0:0:0:0: Attached scsi generic sg0 type 5
[I] Jan  1 03:00:43 wmond: WifiMaster0/AccessPoint0: (MT7915) STA(80:b6:55:b7:e2:92) had associated successfully. 
[I] Jan  1 03:00:43 wmond: WifiMaster0/AccessPoint0: (MT7915) STA(80:b6:55:b7:e2:92) set key done in WPA2/WPA2PSK. 
[I] Jan  1 03:00:43 ndhcps: DHCPREQUEST received (STATE_INIT) for 192.168.1.131 from 80:b6:55:b7:e2:92. 
[I] Jan  1 03:00:43 ndhcps: sending ACK of 192.168.1.131 to 80:b6:55:b7:e2:92. 
[I] Jan  1 03:00:45 ndhcps: DHCPREQUEST received (STATE_INIT) for 192.168.1.131 from 80:b6:55:b7:e2:92. 
[I] Jan  1 03:00:45 ndhcps: sending ACK of 192.168.1.131 to 80:b6:55:b7:e2:92. 
[I] Jan  1 03:00:45 kernel: usb 1-2: USB disconnect, device number 2
[I] Jan  1 03:00:46 kernel: usb 1-2: new high-speed USB device number 3 using xhci-mtk
[I] Jan  1 03:00:46 kernel: usb 1-2: New USB device found, idVendor=19d2, idProduct=1225
[I] Jan  1 03:00:46 kernel: usb 1-2: New USB device strings: Mfr=2, Product=4, SerialNumber=5
[I] Jan  1 03:00:46 kernel: usb 1-2: Product: ZTE Mobile Boardband
[I] Jan  1 03:00:46 kernel: usb 1-2: Manufacturer: ZTE,Incorporated
[I] Jan  1 03:00:46 kernel: usb 1-2: SerialNumber: 123456789ABCDEF
[I] Jan  1 03:00:46 kernel: usb-storage 1-2:1.0: USB Mass Storage device detected
[I] Jan  1 03:00:46 kernel: usb-storage 1-2:1.0: Quirks match for vid 19d2 pid 1225: 1
[I] Jan  1 03:00:46 kernel: scsi host0: usb-storage 1-2:1.0
[I] Jan  1 03:00:47 ndm: Ntp::Client: unable to communicate with "3.pool.ntp.org". 
[I] Jan  1 03:00:47 ndm: Ntp::Client: could not synchronize, waiting... 
[W] Jan  1 03:00:47 ndm: PingCheck::Profile: "default": failed to resolve "google.com". 
[I] Jan  1 03:00:47 kernel: scsi 0:0:0:0: CD-ROM            ZTE USB  SCSI CD-ROM 2.31      PQ: 0 ANSI: 2
[I] Jan  1 03:00:47 kernel: sr 0:0:0:0: [sr0] scsi-1 drive
[I] Jan  1 03:00:47 kernel: sr 0:0:0:0: Attached scsi CD-ROM sr0
[I] Jan  1 03:00:47 kernel: sr 0:0:0:0: Attached scsi generic sg0 type 5
[W] Jan  1 03:00:49 ndm: PingCheck::Profile: "default": failed to resolve "yahoo.com". 
[I] Jan  1 03:00:51 kernel: usb 1-2: USB disconnect, device number 3
[I] Jan  1 03:00:52 kernel: usb 1-2: new high-speed USB device number 4 using xhci-mtk
[I] Jan  1 03:00:52 kernel: usb 1-2: New USB device found, idVendor=19d2, idProduct=1405
[I] Jan  1 03:00:52 kernel: usb 1-2: New USB device strings: Mfr=2, Product=4, SerialNumber=5
[I] Jan  1 03:00:52 kernel: usb 1-2: Product: ZTE Mobile Boardband
[I] Jan  1 03:00:52 kernel: usb 1-2: Manufacturer: ZTE,Incorporated
[I] Jan  1 03:00:52 kernel: usb 1-2: SerialNumber: 123456789ABCDEF
[I] Jan  1 03:00:52 kernel: cdc_ether 1-2:1.0 eth0: register 'cdc_ether' at usb-xhci-mtk-2, ZTE CDC Ethernet Device, 34:4b:50:00:00:00
[I] Jan  1 03:00:52 kernel: usb-storage 1-2:1.2: USB Mass Storage device detected
[I] Jan  1 03:00:52 kernel: scsi host0: usb-storage 1-2:1.2
[I] Jan  1 03:00:52 ndm: Network::Interface::Usb: "CdcEthernet0": interface "CdcEthernet0" is plugged (port 2). 
[I] Jan  1 03:00:53 kernel: scsi 0:0:0:0: CD-ROM            ZTE USB  SCSI CD-ROM 2.31      PQ: 0 ANSI: 2
[I] Jan  1 03:00:53 kernel: sr 0:0:0:0: [sr0] scsi-1 drive
[I] Jan  1 03:00:53 kernel: sr 0:0:0:0: Attached scsi CD-ROM sr0
[I] Jan  1 03:00:53 kernel: sr 0:0:0:0: Attached scsi generic sg0 type 5
[I] Jan  1 03:00:53 kernel: scsi 0:0:0:1: Direct-Access     ZTE MMC  Storage 2.31          PQ: 0 ANSI: 2
