<?xml version="1.0" encoding="UTF-8"?>
<selftest xmlns="https://www.keenetic.com/ns/ndm" version="0.1">
    <!-- cat -->
    <file name="ndm:sharing-config">
        <![CDATA[
! $$$ Model: Keenetic Hopper
! $$$ Version: 2.06.1
! $$$ Agent: coala/rci
! $$$ Md5 checksum: bb63cb63670a626fed4aa25c3f1fcf7e
! $$$ Last change: Tue, 14 Nov 2023 19:32:30 GMT
! $$$ Username: admin

system
    set net.ipv4.ip_forward 1
    set net.ipv4.tcp_fin_timeout 30
    set net.ipv4.tcp_keepalive_time 120
    set net.ipv4.neigh.default.gc_thresh1 256
    set net.ipv4.neigh.default.gc_thresh2 1024
    set net.ipv4.neigh.default.gc_thresh3 2048
    set net.ipv6.neigh.default.gc_thresh1 256
    set net.ipv6.neigh.default.gc_thresh2 1024
    set net.ipv6.neigh.default.gc_thresh3 2048
    set net.netfilter.nf_conntrack_tcp_timeout_established 1200
    set net.netfilter.nf_conntrack_max 16384
    set vm.swappiness 60
    set vm.overcommit_memory 0
    set vm.vfs_cache_pressure 1000
    set dev.usb.force_usb2 1
    set net.ipv6.conf.all.forwarding 1
    led FN_1 indicate SelectedWan
    clock timezone Europe/Moscow
    domainname WORKGROUP
    hostname Keenetic-3579
    caption default
    zram
    ndss dump-report disable
!
isolate-private
user admin
    password md5 ***
    password nt ***
    tag cli
    tag http
    tag ftp
    tag cifs
    tag printers
    tag webdav
    tag sftp
    tag torrent
    tag opt
!
dyndns profile _WEBADMIN
!
interface GigabitEthernet0
    up
!
interface GigabitEthernet0/1
    rename 1
    switchport mode access
    switchport access vlan 1
    up
!
interface GigabitEthernet0/2
    rename 2
    switchport mode access
    switchport mode trunk
    switchport access vlan 1
    up
!
interface GigabitEthernet0/3
    rename 3
    switchport mode access
    switchport mode trunk
    switchport access vlan 1
    up
!
interface GigabitEthernet0/Vlan1
    description "Home VLAN"
    security-level private
    ip dhcp client dns-routes
    ip name-servers
    up
!
interface GigabitEthernet0/Vlan2
    rename ISP
    description "Broadband connection"
    mac address factory wan
    security-level public
    ip address dhcp
    ip dhcp client dns-routes
    ip global 700
    ip name-servers
    igmp upstream
    ipv6 address auto
    ipv6 prefix auto
    ipv6 name-servers
    down
!
interface GigabitEthernet0/0
    rename 0
    role inet for ISP
    switchport mode access
    switchport access vlan 2
    up
!
interface GigabitEthernet0/Vlan3
    description "Guest VLAN"
    security-level protected
    ip dhcp client dns-routes
    ip name-servers
    up
!
interface WifiMaster0
    country-code RU
    compatibility GN+AX
    channel width 40-above
    tx-burst
    rekey-interval 86400
    beamforming explicit
    vht
    downlink-mumimo
    uplink-mumimo
    spatial-reuse
    up
!
interface WifiMaster0/AccessPoint0
    rename AccessPoint
    description "Wi-Fi access point"
    mac access-list type none
    security-level private
    authentication wpa-psk ns3 ***
    encryption enable
    encryption wpa2
    ip dhcp client dns-routes
    ip name-servers
    ssid Keenetic-2.4
    wmm
    ft mdid 35
    ft enable
    up
!
interface WifiMaster0/AccessPoint1
    rename GuestWiFi
    description "Guest access point"
    mac access-list type none
    security-level private
    ip dhcp client dns-routes
    ip name-servers
    ssid Guest
    wmm
    rrm
    ft mdid X5
    ft enable
    down
!
interface WifiMaster0/AccessPoint2
    mac access-list type none
    security-level private
    ip dhcp client dns-routes
    ip name-servers
    down
!
interface WifiMaster0/AccessPoint3
    mac access-list type none
    security-level private
    ip dhcp client dns-routes
    ip name-servers
    down
!
interface WifiMaster0/WifiStation0
    security-level public
    encryption disable
    ip dhcp client dns-routes
    ip name-servers
    down
!
interface WifiMaster1
    country-code RU
    compatibility AN+AC+AX
    channel width 40-above/80
    tx-burst
    rekey-interval 86400
    band-steering
    beamforming explicit
    target-waketime
    downlink-mumimo
    uplink-mumimo
    spatial-reuse
    up
!
interface WifiMaster1/AccessPoint0
    rename AccessPoint_5G
    description "5GHz Wi-Fi access point"
    mac access-list type none
    security-level private
    authentication wpa-psk ns3 ***
    encryption enable
    encryption wpa2
    ip dhcp client dns-routes
    ip name-servers
    ssid Keenetic-5
    wmm
    ft mdid 35
    ft enable
    up
!
interface WifiMaster1/AccessPoint1
    rename GuestWiFi_5G
    description "5GHz Guest access point"
    mac access-list type none
    security-level private
    encryption disable
    ip dhcp client dns-routes
    ip name-servers
    ssid Guest
    rrm
    ft mdid X5
    ft enable
    follow GuestWiFi
    down
!
interface WifiMaster1/AccessPoint2
    mac access-list type none
    security-level private
    ip dhcp client dns-routes
    ip name-servers
    down
!
interface WifiMaster1/AccessPoint3
    mac access-list type none
    security-level private
    ip dhcp client dns-routes
    ip name-servers
    down
!
interface WifiMaster1/WifiStation0
    security-level public
    encryption disable
    ip dhcp client dns-routes
    ip name-servers
    down
!
interface Bridge0
    rename Home
    description "Home network"
    inherit GigabitEthernet0/Vlan1
    include AccessPoint
    include AccessPoint_5G
    mac access-list type none
    security-level private
    ip address 192.168.1.1 255.255.255.0
    ip dhcp client dns-routes
    ip name-servers
    igmp downstream
    iapp key ns3 ***
    up
!
interface Bridge1
    rename Guest
    description "Guest network"
    traffic-shape rate 5120
    inherit GigabitEthernet0/Vlan3
    include GuestWiFi
    include GuestWiFi_5G
    mac access-list type none
    peer-isolation
    security-level protected
    ip address 10.1.30.1 255.255.255.0
    ip dhcp client dns-routes
    ip name-servers
    iapp key ns3 ***
    down
!
ip dhcp pool _WEBADMIN
    range 192.168.1.33 192.168.1.152
    bind Home
    enable
!
ip dhcp pool _WEBADMIN_GUEST_AP
    range 10.1.30.33 10.1.30.152
    bind Guest
    enable
!
ip http port 80
ip http security-level public ssl
ip http lockout-policy 5 15 3
ip http ssl enable
ip http ssl redirect
ip http webdav
    security-level public
    enable
!
ip nat Home
ip nat Guest
ip telnet
    port 23
    security-level private
    lockout-policy 5 15 3
!
ip ssh
    port 22
    security-level private
    lockout-policy 5 15 3
    sftp
        enable
    !
!
ip ftp
    security-level private
    lockout-policy 4 15 3
!
ipv6 subnet Default
    bind Home
    mode slaac
    prefix length 64
    number 0
!
ipv6 local-prefix default
ppe software
ppe hardware
upnp lan Home
ntce
    qos category calling priority 1
    qos category gaming priority 2
    qos category streaming priority 3
    qos category work priority 4
    qos category surfing priority 5
    qos category other priority 6
    qos category filetransfering priority 7
!
torrent
    rpc-port 8090
    peer-port 51413
!
service dhcp
service dns-proxy
service igmp-proxy
service http
service ftp
service cifs
service telnet
service ssh
service ntp
service upnp
cifs
    automount
    permissive
!
dlna
    port 8200
    interface Home
    interface Bridge1
    display-name "Keenetic Hopper"
!
dns-proxy
    rebind-protect auto
!
easyconfig disable
components
    auto-update channel stable
!
cloud control2 security-level public
!

]]>
    </file>
    <file name="ndm:log">
        <![CDATA[
[I] Jan  1 00:00:03 kernel: Linux version 4.9-ndm-5 (developers@keenetic.com) (gcc version 12.3.0 (crosstool-NG 1.24.0-rc2-ndm-28-1 - NDMS Toolkit 1.0.0) ) #0 SMP Wed Oct 4 18:11:49 2023
[I] Jan  1 00:00:03 kernel: EcoNet EN7528DU SoC: RAM: DDR3 256 MB
[I] Jan  1 00:00:03 kernel: CPU/SYS frequency: 900/225 MHz
[I] Jan  1 00:00:03 kernel: SoC power status: power-on reset
[I] Jan  1 00:00:03 kernel: bootconsole [early0] enabled
[I] Jan  1 00:00:03 kernel: CPU0 revision is: 0001992f (MIPS 1004Kc)
[I] Jan  1 00:00:03 kernel: Determined physical RAM map:
[I] Jan  1 00:00:03 kernel:  memory: 00002000 @ 00000000 (reserved)
[I] Jan  1 00:00:03 kernel:  memory: 0fffe000 @ 00002000 (usable)
[I] Jan  1 00:00:03 kernel: Wasting 64 bytes for tracking 2 unused pages
[I] Jan  1 00:00:03 kernel: VPE topology {2,2} total 4
[I] Jan  1 00:00:03 kernel: Primary instruction cache 32kB, VIPT, 4-way, linesize 32 bytes.
[I] Jan  1 00:00:03 kernel: Primary data cache 32kB, 4-way, PIPT, no aliases, linesize 32 bytes
[I] Jan  1 00:00:03 kernel: MIPS secondary cache 256kB, 8-way, linesize 32 bytes.
[I] Jan  1 00:00:03 kernel: Zone ranges:
[I] Jan  1 00:00:03 kernel:   Normal   [mem 0x0000000000000000-0x000000000fffffff]
[I] Jan  1 00:00:03 kernel: Movable zone start for each node
[I] Jan  1 00:00:03 kernel: Early memory node ranges
[I] Jan  1 00:00:03 kernel:   node   0: [mem 0x0000000000000000-0x000000000fffffff]
[I] Jan  1 00:00:03 kernel: Initmem setup node 0 [mem 0x0000000000000000-0x000000000fffffff]
[I] Jan  1 00:00:03 kernel: On node 0 totalpages: 65536
[I] Jan  1 00:00:03 kernel: free_area_init_node: node 0, pgdat 804e9360, node_mem_map 81000040
[I] Jan  1 00:00:03 kernel:   Normal zone: 512 pages used for memmap
[I] Jan  1 00:00:03 kernel:   Normal zone: 0 pages reserved
[I] Jan  1 00:00:03 kernel:   Normal zone: 65536 pages, LIFO batch:15
[I] Jan  1 00:00:03 kernel: percpu: Embedded 12 pages/cpu s18640 r8192 d22320 u49152
[I] Jan  1 00:00:03 kernel: pcpu-alloc: s18640 r8192 d22320 u49152 alloc=12*4096
[I] Jan  1 00:00:03 kernel: pcpu-alloc: [0] 0 [0] 1 [0] 2 [0] 3 
[I] Jan  1 00:00:03 kernel: Built 1 zonelists in Zone order, mobility grouping on.  Total pages: 65024
[I] Jan  1 00:00:03 kernel: Kernel command line: console=ttyS0,115200n8
[I] Jan  1 00:00:03 kernel: log_buf_len individual max cpu contribution: 4096 bytes
[I] Jan  1 00:00:03 kernel: log_buf_len total cpu_extra contributions: 12288 bytes
[I] Jan  1 00:00:03 kernel: log_buf_len min size: 16384 bytes
[I] Jan  1 00:00:03 kernel: log_buf_len: 32768 bytes
[I] Jan  1 00:00:03 kernel: early log buf free: 14232(86%)
[I] Jan  1 00:00:03 kernel: PID hash table entries: 1024 (order: 0, 4096 bytes)
[I] Jan  1 00:00:03 kernel: Dentry cache hash table entries: 32768 (order: 5, 131072 bytes)
[I] Jan  1 00:00:03 kernel: Inode-cache hash table entries: 16384 (order: 4, 65536 bytes)
[I] Jan  1 00:00:03 kernel: Writing ErrCtl register=0006861e
[I] Jan  1 00:00:03 kernel: Readback ErrCtl register=0006861e
[I] Jan  1 00:00:03 kernel: NMI base is 81274200
[I] Jan  1 00:00:03 kernel: Memory: 254136K/262144K available (3905K kernel code, 294K rwdata, 696K rodata, 216K init, 248K bss, 8008K reserved, 0K cma-reserved)
[I] Jan  1 00:00:03 kernel: Hierarchical RCU implementation.
[I] Jan  1 00:00:03 kernel:  Build-time adjustment of leaf fanout to 32.
[I] Jan  1 00:00:03 kernel: NR_IRQS:64
[I] Jan  1 00:00:03 kernel: MIPS GIC RevID: 3.0
[I] Jan  1 00:00:03 kernel: hpt: using 200.000 MHz high precision timer
[I] Jan  1 00:00:03 kernel: clocksource: hpt: mask: 0xffffffff max_cycles: 0xffffffff, max_idle_ns: 9556302233 ns
[I] Jan  1 00:00:03 kernel: sched_clock: 32 bits at 200MHz, resolution 5ns, wraps every 10737418237ns
[I] Jan  1 00:00:03 kernel: console [ttyS0] enabled
[I] Jan  1 00:00:03 kernel: bootconsole [early0] disabled
[I] Jan  1 00:00:03 kernel: Calibrating delay loop... 599.04 BogoMIPS (lpj=1198080)
[I] Jan  1 00:00:03 kernel: pid_max: default: 32768 minimum: 301
[I] Jan  1 00:00:03 kernel: Mount-cache hash table entries: 1024 (order: 0, 4096 bytes)
[I] Jan  1 00:00:03 kernel: Mountpoint-cache hash table entries: 1024 (order: 0, 4096 bytes)
[I] Jan  1 00:00:03 kernel: Primary instruction cache 32kB, VIPT, 4-way, linesize 32 bytes.
[I] Jan  1 00:00:03 kernel: Primary data cache 32kB, 4-way, PIPT, no aliases, linesize 32 bytes
[I] Jan  1 00:00:03 kernel: MIPS secondary cache 256kB, 8-way, linesize 32 bytes.
[I] Jan  1 00:00:03 kernel: CPU1 revision is: 0001992f (MIPS 1004Kc)
[I] Jan  1 00:00:03 kernel: Synchronize counters for CPU 1: done.
[I] Jan  1 00:00:03 kernel: Primary instruction cache 32kB, VIPT, 4-way, linesize 32 bytes.
[I] Jan  1 00:00:03 kernel: Primary data cache 32kB, 4-way, PIPT, no aliases, linesize 32 bytes
[I] Jan  1 00:00:03 kernel: MIPS secondary cache 256kB, 8-way, linesize 32 bytes.
[I] Jan  1 00:00:03 kernel: CPU2 revision is: 0001992f (MIPS 1004Kc)
[I] Jan  1 00:00:03 kernel: Synchronize counters for CPU 2: done.
[I] Jan  1 00:00:03 kernel: Primary instruction cache 32kB, VIPT, 4-way, linesize 32 bytes.
[I] Jan  1 00:00:03 kernel: Primary data cache 32kB, 4-way, PIPT, no aliases, linesize 32 bytes
[I] Jan  1 00:00:03 kernel: MIPS secondary cache 256kB, 8-way, linesize 32 bytes.
[I] Jan  1 00:00:03 kernel: CPU3 revision is: 0001992f (MIPS 1004Kc)
[I] Jan  1 00:00:03 kernel: Synchronize counters for CPU 3: done.
[I] Jan  1 00:00:03 kernel: Brought up 4 CPUs
[I] Jan  1 00:00:03 kernel: clocksource: jiffies: mask: 0xffffffff max_cycles: 0xffffffff, max_idle_ns: 7645041785100000 ns
[I] Jan  1 00:00:03 kernel: futex hash table entries: 1024 (order: 3, 32768 bytes)
[I] Jan  1 00:00:03 kernel: NET: Registered protocol family 16
[I] Jan  1 00:00:03 kernel: PCI host bridge to bus 0000:00
[I] Jan  1 00:00:03 kernel: pci_bus 0000:00: root bus resource [mem 0x20000000-0x2fffffff]
[I] Jan  1 00:00:03 kernel: pci_bus 0000:00: root bus resource [io  0x1f600000-0x1f60ffff]
[I] Jan  1 00:00:03 kernel: pci_bus 0000:00: root bus resource [??? 0x00000000 flags 0x0]
[I] Jan  1 00:00:03 kernel: pci_bus 0000:00: No busn resource found for root bus, will use [bus 00-ff]
[I] Jan  1 00:00:03 kernel: pci 0000:00:00.0: [14c3:0810] type 01 class 0x060400
[I] Jan  1 00:00:03 kernel: pci 0000:00:01.0: [14c3:0811] type 01 class 0x060400
[I] Jan  1 00:00:03 kernel: pci 0000:00:00.0: bridge configuration invalid ([bus 00-00]), reconfiguring
[I] Jan  1 00:00:03 kernel: pci 0000:00:01.0: bridge configuration invalid ([bus 00-00]), reconfiguring
[I] Jan  1 00:00:03 kernel: pci 0000:01:00.0: [14c3:7916] type 00 class 0x000280
[I] Jan  1 00:00:03 kernel: pci 0000:01:00.0: reg 0x10: [mem 0x00000000-0x000fffff 64bit pref]
[I] Jan  1 00:00:03 kernel: pci 0000:01:00.0: reg 0x18: [mem 0x00000000-0x00003fff 64bit pref]
[I] Jan  1 00:00:03 kernel: pci 0000:01:00.0: reg 0x20: [mem 0x00000000-0x00000fff 64bit pref]
[I] Jan  1 00:00:03 kernel: pci 0000:01:00.0: supports D1 D2
[I] Jan  1 00:00:03 kernel: pci 0000:01:00.0: PME# supported from D0 D1 D2 D3hot D3cold
[I] Jan  1 00:00:03 kernel: pci_bus 0000:01: busn_res: [bus 01-ff] end is updated to 01
[I] Jan  1 00:00:03 kernel: pci 0000:02:00.0: [14c3:7915] type 00 class 0x000280
[I] Jan  1 00:00:03 kernel: pci 0000:02:00.0: reg 0x10: [mem 0x00000000-0x000fffff 64bit pref]
[I] Jan  1 00:00:03 kernel: pci 0000:02:00.0: reg 0x18: [mem 0x00000000-0x00003fff 64bit pref]
[I] Jan  1 00:00:03 kernel: pci 0000:02:00.0: reg 0x20: [mem 0x00000000-0x00000fff 64bit pref]
[I] Jan  1 00:00:03 kernel: pci 0000:02:00.0: supports D1 D2
[I] Jan  1 00:00:03 kernel: pci 0000:02:00.0: PME# supported from D0 D1 D2 D3hot D3cold
[I] Jan  1 00:00:03 kernel: pci_bus 0000:02: busn_res: [bus 02-ff] end is updated to 02
[I] Jan  1 00:00:03 kernel: pci_bus 0000:00: busn_res: [bus 00-ff] end is updated to 02
[I] Jan  1 00:00:03 kernel: pci 0000:00:00.0: BAR 8: assigned [mem 0x20000000-0x201fffff]
[I] Jan  1 00:00:03 kernel: pci 0000:00:01.0: BAR 8: assigned [mem 0x20200000-0x203fffff]
[I] Jan  1 00:00:03 kernel: pci 0000:01:00.0: BAR 0: assigned [mem 0x20000000-0x200fffff 64bit pref]
[I] Jan  1 00:00:03 kernel: pci 0000:01:00.0: BAR 2: assigned [mem 0x20100000-0x20103fff 64bit pref]
[I] Jan  1 00:00:03 kernel: pci 0000:01:00.0: BAR 4: assigned [mem 0x20104000-0x20104fff 64bit pref]
[I] Jan  1 00:00:03 kernel: pci 0000:00:00.0: PCI bridge to [bus 01]
[I] Jan  1 00:00:03 kernel: pci 0000:00:00.0:   bridge window [mem 0x20000000-0x201fffff]
[I] Jan  1 00:00:03 kernel: pci 0000:02:00.0: BAR 0: assigned [mem 0x20200000-0x202fffff 64bit pref]
[I] Jan  1 00:00:03 kernel: pci 0000:02:00.0: BAR 2: assigned [mem 0x20300000-0x20303fff 64bit pref]
[I] Jan  1 00:00:03 kernel: pci 0000:02:00.0: BAR 4: assigned [mem 0x20304000-0x20304fff 64bit pref]
[I] Jan  1 00:00:03 kernel: pci 0000:00:01.0: PCI bridge to [bus 02]
[I] Jan  1 00:00:03 kernel: pci 0000:00:01.0:   bridge window [mem 0x20200000-0x203fffff]
[I] Jan  1 00:00:03 kernel: clocksource: Switched to clocksource hpt
[I] Jan  1 00:00:03 kernel: NET: Registered protocol family 2
[I] Jan  1 00:00:03 kernel: IP idents hash table entries: 4096 (order: 3, 32768 bytes)
[I] Jan  1 00:00:03 kernel: TCP established hash table entries: 8192 (order: 3, 32768 bytes)
[I] Jan  1 00:00:03 kernel: TCP bind hash table entries: 8192 (order: 4, 65536 bytes)
[I] Jan  1 00:00:03 kernel: TCP: Hash tables configured (established 8192 bind 8192)
[I] Jan  1 00:00:03 kernel: UDP hash table entries: 256 (order: 1, 8192 bytes)
[I] Jan  1 00:00:03 kernel: UDP-Lite hash table entries: 256 (order: 1, 8192 bytes)
[I] Jan  1 00:00:03 kernel: NET: Registered protocol family 1
[I] Jan  1 00:00:03 kernel: PCI: CLS 0 bytes, default 32
[I] Jan  1 00:00:03 kernel: workingset: timestamp_bits=29 max_order=16 bucket_order=0
[I] Jan  1 00:00:03 kernel: squashfs: version 4.0 (2009/01/31) Phillip Lougher
[I] Jan  1 00:00:03 kernel: io scheduler noop registered (default)
[I] Jan  1 00:00:03 kernel: PCI: Enabling device 0000:00:00.0 (0000 -> 0002)
[I] Jan  1 00:00:03 kernel: PCI: Enabling device 0000:00:01.0 (0000 -> 0002)
[I] Jan  1 00:00:03 kernel: PCIe RC1 link trained: 1 -> 2
[I] Jan  1 00:00:03 kernel: tc3162_uart: UART driver for EN751x SoC, buffer size is 4096 bytes
[I] Jan  1 00:00:03 kernel: ttyS0 at I/O 0xbfbf0000 (irq = 5, base_baud = 7200) is a TC3162
[I] Jan  1 00:00:03 kernel: ndmpart: registering the NDM partition parser...
[I] Jan  1 00:00:03 kernel: EcoNET SPI NAND driver init
[I] Jan  1 00:00:03 kernel: Set SPI Clock to 40 Mhz
[I] Jan  1 00:00:03 kernel: Using Flash ECC
[I] Jan  1 00:00:03 kernel: Detected SPI NAND Flash: W25N01G, Flash Size: 128 MB
[I] Jan  1 00:00:03 kernel: nand: device found, Manufacturer ID: 0xef, Chip ID: 0xaa
[I] Jan  1 00:00:03 kernel: nand: Winbond W25N01G
[I] Jan  1 00:00:03 kernel: nand: 128 MiB, SLC, erase size: 128 KiB, page size: 2048, OOB size: 64
[I] Jan  1 00:00:03 kernel: BMT pool size: 81
[I] Jan  1 00:00:03 kernel: BBT found, bad block count: 0
[I] Jan  1 00:00:03 kernel: BMT & BBT init success
[I] Jan  1 00:00:03 kernel: ndmpart: U-Boot partition is up to date
[I] Jan  1 00:00:03 kernel: ndmpart: di: active = 2, backup = 1, current = 2
[I] Jan  1 00:00:03 kernel: 16 ndmpart partitions found on MTD device EN75XX-SPI_NAND
[I] Jan  1 00:00:03 kernel: mtd: creating 16 MTD partitions on "EN75XX-SPI_NAND":
[I] Jan  1 00:00:03 kernel: 0x000000000000-0x000000020000 : "U-Boot"
[I] Jan  1 00:00:03 kernel: 0x000000020000-0x000000040000 : "U-Config"
[I] Jan  1 00:00:03 kernel: 0x000000040000-0x000000080000 : "RF-EEPROM"
[I] Jan  1 00:00:03 kernel: 0x000000080000-0x000001f40000 : "Firmware_1"
[I] Jan  1 00:00:03 kernel: 0x000001f40000-0x000001fc0000 : "Config_1"
[I] Jan  1 00:00:03 kernel: 0x000001fc0000-0x000002000000 : "Dump"
[I] Jan  1 00:00:03 kernel: 0x000002000000-0x000003ae0000 : "Storage_A"
[I] Jan  1 00:00:03 kernel: 0x000003ae0000-0x000003b00000 : "U-State"
[I] Jan  1 00:00:03 kernel: 0x000003b00000-0x000003b20000 : "U-Config_res"
[I] Jan  1 00:00:03 kernel: 0x000003b20000-0x000003b60000 : "RF-EEPROM_res"
[I] Jan  1 00:00:03 kernel: 0x000003b60000-0x000003d40000 : "Kernel_2"
[I] Jan  1 00:00:03 kernel: 0x000003d40000-0x000005a20000 : "RootFS_2"
[I] Jan  1 00:00:03 kernel: mtd: device 11 (RootFS_2) set to be root filesystem
[I] Jan  1 00:00:03 kernel: 0x000003b60000-0x000005a20000 : "Firmware_2"
[I] Jan  1 00:00:03 kernel: 0x000005a20000-0x000005aa0000 : "Config_2"
[I] Jan  1 00:00:03 kernel: 0x000005aa0000-0x0000075e0000 : "Storage_B"
[I] Jan  1 00:00:03 kernel: 0x000000000000-0x0000075e0000 : "Full"
[I] Jan  1 00:00:03 kernel: tun: Universal TUN/TAP device driver, 1.6
[I] Jan  1 00:00:03 kernel: tun: (C) 1999-2004 Max Krasnyansky <maxk@qualcomm.com>
[I] Jan  1 00:00:03 kernel: PPP generic driver version 2.4.2
[I] Jan  1 00:00:03 kernel: PPP MPPE Compression module registered
[I] Jan  1 00:00:03 kernel: NET: Registered protocol family 24
[I] Jan  1 00:00:03 kernel: PPTP driver version 0.8.5
[I] Jan  1 00:00:03 kernel: mips_wdt: watchdog timer activated with 30 second delay
[I] Jan  1 00:00:03 kernel: Netfilter messages via NETLINK v0.30.
[I] Jan  1 00:00:03 kernel: nf_conntrack version 0.5.0 (32768 buckets, 65536 max)
[I] Jan  1 00:00:03 kernel: ctnetlink v0.93: registering with nfnetlink.
[I] Jan  1 00:00:03 kernel: Fast NAT loaded
[I] Jan  1 00:00:03 kernel: ip_set: protocol 6
[I] Jan  1 00:00:03 kernel: ipip: IPv4 and MPLS over IPv4 tunneling driver
[I] Jan  1 00:00:03 kernel: gre: GRE over IPv4 demultiplexor driver
[I] Jan  1 00:00:03 kernel: ip_tables: (C) 2000-2006 Netfilter Core Team
[I] Jan  1 00:00:03 kernel: NET: Registered protocol family 10
[I] Jan  1 00:00:03 kernel: ip6_tables: (C) 2000-2006 Netfilter Core Team
[I] Jan  1 00:00:03 kernel: NET: Registered protocol family 17
[I] Jan  1 00:00:03 kernel: ubridge: Tiny bridge driver, 1.2
[I] Jan  1 00:00:03 kernel: 8021q: 802.1Q VLAN Support v1.8
[I] Jan  1 00:00:03 kernel: VFS: Mounted root (squashfs filesystem) readonly on device 31:11.
[I] Jan  1 00:00:03 kernel: Freeing unused kernel memory: 216K
[I] Jan  1 00:00:03 kernel: This architecture does not have kernel memory protection.
[I] Jan  1 00:00:03 kernel: RNG reseed started
[I] Jan  1 00:00:03 kernel: random: crng init done
[I] Jan  1 00:00:03 ndm: Core::Main: *** 
[I] Jan  1 00:00:03 ndm: Core::Main: *** Network Device Manager 4.00.C.5.0-2. 
[I] Jan  1 00:00:03 ndm: Core::Main: *** Built Oct  4 2023 18:11:49. 
[I] Jan  1 00:00:03 ndm: Core::Main: *** 
[I] Jan  1 00:00:06 ndm: Core::System::DriverManager: loading /lib/modules/4.9-ndm-5/grace.ko. 
[I] Jan  1 00:00:06 ndm: Core::System::DriverManager: loading /lib/modules/4.9-ndm-5/fuse.ko. 
[I] Jan  1 00:00:06 kernel: fuse init (API version 7.26)
[I] Jan  1 00:00:06 ndm: Core::System::DriverManager: loading /lib/modules/4.9-ndm-5/md4.ko. 
[I] Jan  1 00:00:06 ndm: Core::System::DriverManager: loading /lib/modules/4.9-ndm-5/nf_nat_proto_gre.ko. 
[I] Jan  1 00:00:06 ndm: Core::System::DriverManager: loading /lib/modules/4.9-ndm-5/sit.ko. 
[I] Jan  1 00:00:06 kernel: sit: IPv6, IPv4 and MPLS over IPv4 tunneling driver
[I] Jan  1 00:00:06 ndm: Core::System::DriverManager: loading /lib/modules/4.9-ndm-5/usb-common.ko. 
[I] Jan  1 00:00:06 ndm: Core::System::DriverManager: loading /lib/modules/4.9-ndm-5/tsmb.ko. 
[W] Jan  1 00:00:06 kernel: tsmb: loading out-of-tree module taints kernel.
[W] Jan  1 00:00:06 kernel: tsmb: module license 'Proprietary' taints kernel.
[W] Jan  1 00:00:06 kernel: Disabling lock debugging due to kernel taint
[I] Jan  1 00:00:06 kernel: Loading TSMB module version 3020.9.24.17.
[I] Jan  1 00:00:06 kernel: Built against headers 4.9-ndm-5 #0 SMP Fri Aug 18 07:38:29 2023 mips
[I] Jan  1 00:00:06 kernel: Running on kernel 4.9-ndm-5 #0 SMP Wed Oct 4 18:11:49 2023 mips
[I] Jan  1 00:00:06 kernel: TSMB module version 3020.9.24.17 loaded.
[I] Jan  1 00:00:06 ndm: Core::System::DriverManager: loading /lib/modules/4.9-ndm-5/crypto_null.ko. 
[I] Jan  1 00:00:06 ndm: Core::System::DriverManager: loading /lib/modules/4.9-ndm-5/udp_tunnel.ko. 
[I] Jan  1 00:00:06 ndm: Core::System::DriverManager: loading /lib/modules/4.9-ndm-5/scsi_mod.ko. 
[I] Jan  1 00:00:06 kernel: SCSI subsystem initialized
[I] Jan  1 00:00:06 ndm: Core::System::DriverManager: loading /lib/modules/4.9-ndm-5/soundcore.ko. 
[I] Jan  1 00:00:06 ndm: Core::System::DriverManager: loading /lib/modules/4.9-ndm-5/veth.ko. 
[I] Jan  1 00:00:06 ndm: Core::System::DriverManager: loading /lib/modules/4.9-ndm-5/md5.ko. 
[I] Jan  1 00:00:06 ndm: Core::System::DriverManager: loading /lib/modules/4.9-ndm-5/xt_NETMAP.ko. 
[I] Jan  1 00:00:06 ndm: Core::System::DriverManager: loading /lib/modules/4.9-ndm-5/loop.ko. 
[I] Jan  1 00:00:06 kernel: loop: module loaded
[I] Jan  1 00:00:06 ndm: Core::System::DriverManager: loading /lib/modules/4.9-ndm-5/crc16.ko. 
[I] Jan  1 00:00:06 ndm: Core::System::DriverManager: loading /lib/modules/4.9-ndm-5/zlib_inflate.ko. 
[I] Jan  1 00:00:06 ndm: Core::System::DriverManager: loading /lib/modules/4.9-ndm-5/crc-itu-t.ko. 
[I] Jan  1 00:00:06 ndm: Core::System::DriverManager: loading /lib/modules/4.9-ndm-5/ip_gre.ko. 
[I] Jan  1 00:00:06 kernel: ip_gre: GRE over IPv4 tunneling driver
[I] Jan  1 00:00:06 ndm: Core::System::DriverManager: loading /lib/modules/4.9-ndm-5/dummy.ko. 
[I] Jan  1 00:00:06 ndm: Core::System::DriverManager: loading /lib/modules/4.9-ndm-5/exportfs.ko. 
[I] Jan  1 00:00:06 ndm: Core::System::DriverManager: loading /lib/modules/4.9-ndm-5/ndm_storage.ko. 
[I] Jan  1 00:00:06 kernel: Searching for suitable storage partitions...
[I] Jan  1 00:00:06 kernel: Found 1st storage partition of size 28180480 bytes
[I] Jan  1 00:00:06 kernel: Found 2nd storage partition of size 28573696 bytes
[I] Jan  1 00:00:06 kernel: Registering UBI data partitions parser
[W] Jan  1 00:00:06 kernel: Concatenating MTD devices:
[W] Jan  1 00:00:06 kernel: (0): "Storage_A"
[W] Jan  1 00:00:06 kernel: (1): "Storage_B"
[W] Jan  1 00:00:06 kernel: into device "NDM combined UBI partition"
[I] Jan  1 00:00:06 kernel: 1 ndmubipart partitions found on MTD device NDM combined UBI partition
[I] Jan  1 00:00:06 kernel: mtd: creating 1 MTD partitions on "NDM combined UBI partition":
[I] Jan  1 00:00:06 kernel: 0x000000000000-0x000003620000 : "Storage"
[I] Jan  1 00:00:06 kernel: Merging storage partitions OK
[I] Jan  1 00:00:06 kernel: nf_conntrack_rtsp v0.7 loading
[I] Jan  1 00:00:06 ndm: Core::System::DriverManager: loading /lib/modules/4.9-ndm-5/nf_conntrack_rtsp.ko. 
[I] Jan  1 00:00:06 ndm: Core::System::DriverManager: loading /lib/modules/4.9-ndm-5/mbcache.ko. 
[I] Jan  1 00:00:06 ndm: Core::System::DriverManager: loading /lib/modules/4.9-ndm-5/phr.ko. 
[I] Jan  1 00:00:06 kernel: phr: NDM I/O Peripheral Driver, v2.4.35
[I] Jan  1 00:00:06 kernel: phr: "KN-3810" profile driver loaded
[I] Jan  1 00:00:06 ndm: Core::System::DriverManager: loading /lib/modules/4.9-ndm-5/nf_conntrack_proto_gre.ko. 
[I] Jan  1 00:00:06 ndm: Core::System::DriverManager: loading /lib/modules/4.9-ndm-5/sch_cake.ko. 
[I] Jan  1 00:00:07 ndm: Core::System::DriverManager: loading /lib/modules/4.9-ndm-5/xxhash.ko. 
[I] Jan  1 00:00:07 ndm: Core::System::DriverManager: loading /lib/modules/4.9-ndm-5/ip6_udp_tunnel.ko. 
[I] Jan  1 00:00:07 ndm: Core::System::DriverManager: loading /lib/modules/4.9-ndm-5/nls_base.ko. 
[I] Jan  1 00:00:07 ndm: Core::System::DriverManager: loading /lib/modules/4.9-ndm-5/nat46.ko. 
[W] Jan  1 00:00:07 kernel: nat46: module (version 1.0.3) loaded.
[I] Jan  1 00:00:07 ndm: Core::System::DriverManager: loading /lib/modules/4.9-ndm-5/jbd2.ko. 
[I] Jan  1 00:00:07 ndm: Core::System::DriverManager: loading /lib/modules/4.9-ndm-5/nf_nat_masquerade_ipv6.ko. 
[I] Jan  1 00:00:07 ndm: Core::System::DriverManager: loading /lib/modules/4.9-ndm-5/zlib_deflate.ko. 
[I] Jan  1 00:00:07 ndm: Core::System::DriverManager: loading /lib/modules/4.9-ndm-5/nf_conntrack_h323.ko. 
[I] Jan  1 00:00:07 ndm: Core::System::DriverManager: loading /lib/modules/4.9-ndm-5/input-core.ko. 
[I] Jan  1 00:00:07 ndm: Core::System::DriverManager: loading /lib/modules/4.9-ndm-5/mtdoops_proc.ko. 
[I] Jan  1 00:00:07 kernel: mtdoops_proc: Attached to MTD device 5
[I] Jan  1 00:00:07 ndm: Core::System::DriverManager: loading /lib/modules/4.9-ndm-5/des_generic.ko. 
[I] Jan  1 00:00:07 ndm: Core::System::DriverManager: loading /lib/modules/4.9-ndm-5/hmac.ko. 
[I] Jan  1 00:00:07 ndm: Core::System::DriverManager: loading /lib/modules/4.9-ndm-5/resetnds.ko. 
[I] Jan  1 00:00:07 kernel: resetnds: Module loaded.
[I] Jan  1 00:00:07 ndm: Core::System::DriverManager: loading /lib/modules/4.9-ndm-5/tunnel6.ko. 
[I] Jan  1 00:00:07 ndm: Core::System::DriverManager: loading /lib/modules/4.9-ndm-5/cdrom.ko. 
[I] Jan  1 00:00:07 ndm: Core::System::DriverManager: loading /lib/modules/4.9-ndm-5/libphy.ko. 
[I] Jan  1 00:00:07 ndm: Core::System::DriverManager: loading /lib/modules/4.9-ndm-5/crc32c_generic.ko. 
[I] Jan  1 00:00:07 ndm: Core::System::DriverManager: loading /lib/modules/4.9-ndm-5/oid_registry.ko. 
[I] Jan  1 00:00:07 ndm: Core::System::DriverManager: loading /lib/modules/4.9-ndm-5/wireguard.ko. 
[I] Jan  1 00:00:07 kernel: wireguard: WireGuard 1.0.20200623 loaded. See www.wireguard.com for information.
[I] Jan  1 00:00:07 kernel: wireguard: Copyright (C) 2015-2019 Jason A. Donenfeld <Jason@zx2c4.com>. All Rights Reserved.
[I] Jan  1 00:00:07 ndm: Core::System::DriverManager: loading /lib/modules/4.9-ndm-5/nf_conntrack_pptp.ko. 
[I] Jan  1 00:00:07 ndm: Core::System::DriverManager: loading /lib/modules/4.9-ndm-5/usbcore.ko. 
[I] Jan  1 00:00:07 kernel: usbcore: registered new interface driver usbfs
[I] Jan  1 00:00:07 kernel: usbcore: registered new interface driver hub
[I] Jan  1 00:00:07 kernel: usbcore: registered new device driver usb
[I] Jan  1 00:00:07 ndm: Core::System::DriverManager: loading /lib/modules/4.9-ndm-5/nf_nat_h323.ko. 
[I] Jan  1 00:00:07 ndm: Core::System::DriverManager: loading /lib/modules/4.9-ndm-5/nf_nat_pptp.ko. 
[I] Jan  1 00:00:07 ndm: Core::System::DriverManager: loading /lib/modules/4.9-ndm-5/usbserial.ko. 
[I] Jan  1 00:00:07 kernel: usbcore: registered new interface driver usbserial
[I] Jan  1 00:00:07 ndm: Core::System::DriverManager: loading /lib/modules/4.9-ndm-5/aead.ko. 
[I] Jan  1 00:00:07 ndm: Core::System::DriverManager: loading /lib/modules/4.9-ndm-5/zstd_compress.ko. 
[I] Jan  1 00:00:07 ndm: Core::System::DriverManager: loading /lib/modules/4.9-ndm-5/rtl8150.ko. 
[I] Jan  1 00:00:07 kernel: usbcore: registered new interface driver rtl8150
[I] Jan  1 00:00:07 ndm: Core::System::DriverManager: loading /lib/modules/4.9-ndm-5/l2tp_core.ko. 
[I] Jan  1 00:00:07 kernel: l2tp_core: L2TP core driver, V2.0
[I] Jan  1 00:00:07 ndm: Core::System::DriverManager: loading /lib/modules/4.9-ndm-5/r8152.ko. 
[I] Jan  1 00:00:07 kernel: usbcore: registered new interface driver r8152
[I] Jan  1 00:00:07 ndm: Core::System::DriverManager: loading /lib/modules/4.9-ndm-5/snd.ko. 
[I] Jan  1 00:00:07 ndm: Core::System::DriverManager: loading /lib/modules/4.9-ndm-5/cdc-wdm.ko. 
[I] Jan  1 00:00:07 kernel: usbcore: registered new interface driver cdc_wdm
[I] Jan  1 00:00:07 ndm: Core::System::DriverManager: loading /lib/modules/4.9-ndm-5/jffs2.ko. 
[I] Jan  1 00:00:07 kernel: jffs2: version 2.2. (NAND) (c) 2001-2006 Red Hat, Inc.
[I] Jan  1 00:00:07 ndm: Core::System::DriverManager: loading /lib/modules/4.9-ndm-5/tntfs.ko. 
[I] Jan  1 00:00:07 kernel: Tuxera NTFS driver 3021.4.23.18 [Flags: R/W MODULE].
[I] Jan  1 00:00:07 kernel: Built against headers 4.9-ndm-5 #0 SMP Fri Aug 18 07:38:29 2023 mips
[I] Jan  1 00:00:07 kernel: Running on kernel 4.9-ndm-5 #0 SMP Wed Oct 4 18:11:49 2023 mips
[I] Jan  1 00:00:07 ndm: Core::System::DriverManager: loading /lib/modules/4.9-ndm-5/snd-timer.ko. 
[I] Jan  1 00:00:07 ndm: Core::System::DriverManager: loading /lib/modules/4.9-ndm-5/nls_cp866.ko. 
[I] Jan  1 00:00:07 ndm: Core::System::DriverManager: loading /lib/modules/4.9-ndm-5/snd-seq-device.ko. 
[I] Jan  1 00:00:07 ndm: Core::System::DriverManager: loading /lib/modules/4.9-ndm-5/deflate.ko. 
[I] Jan  1 00:00:08 ndm: Core::System::DriverManager: loading /lib/modules/4.9-ndm-5/zstd_decompress.ko. 
[I] Jan  1 00:00:08 ndm: Core::System::DriverManager: loading /lib/modules/4.9-ndm-5/tfat.ko. 
[I] Jan  1 00:00:08 kernel: Tuxera FAT 12/16/32 driver version 3021.3.22.24 [Flags: R/W MODULE].
[I] Jan  1 00:00:08 kernel: Built against headers 4.9-ndm-5 #0 SMP Fri Aug 18 07:38:29 2023 mips
[I] Jan  1 00:00:08 kernel: Running on kernel 4.9-ndm-5 #0 SMP Wed Oct 4 18:11:49 2023 mips
[I] Jan  1 00:00:08 ndm: Core::System::DriverManager: loading /lib/modules/4.9-ndm-5/snd-seq.ko. 
[I] Jan  1 00:00:08 ndm: Core::System::DriverManager: loading /lib/modules/4.9-ndm-5/ext4.ko. 
[I] Jan  1 00:00:08 ndm: Core::System::DriverManager: loading /lib/modules/4.9-ndm-5/usbnet.ko. 
[I] Jan  1 00:00:08 ndm: Core::System::DriverManager: loading /lib/modules/4.9-ndm-5/snd-seq-midi-event.ko. 
[I] Jan  1 00:00:08 ndm: Core::System::DriverManager: loading /lib/modules/4.9-ndm-5/sg.ko. 
[I] Jan  1 00:00:08 ndm: Core::System::DriverManager: loading /lib/modules/4.9-ndm-5/sierra.ko. 
[I] Jan  1 00:00:08 kernel: usbcore: registered new interface driver sierra
[I] Jan  1 00:00:08 kernel: usbserial: USB Serial support registered for Sierra USB modem
[I] Jan  1 00:00:08 ndm: Core::System::DriverManager: loading /lib/modules/4.9-ndm-5/nls_cp437.ko. 
[I] Jan  1 00:00:08 ndm: Core::System::DriverManager: loading /lib/modules/4.9-ndm-5/sr_mod.ko. 
[I] Jan  1 00:00:08 ndm: Core::System::DriverManager: loading /lib/modules/4.9-ndm-5/sd_mod.ko. 
[I] Jan  1 00:00:08 ndm: Core::System::DriverManager: loading /lib/modules/4.9-ndm-5/snd-rawmidi.ko. 
[I] Jan  1 00:00:08 ndm: Core::System::DriverManager: loading /lib/modules/4.9-ndm-5/dm9601.ko. 
[I] Jan  1 00:00:08 kernel: usbcore: registered new interface driver dm9601
[I] Jan  1 00:00:08 ndm: Core::System::DriverManager: loading /lib/modules/4.9-ndm-5/hid.ko. 
[I] Jan  1 00:00:08 ndm: Core::System::DriverManager: loading /lib/modules/4.9-ndm-5/usblp.ko. 
[I] Jan  1 00:00:08 kernel: usbcore: registered new interface driver usblp
[I] Jan  1 00:00:08 ndm: Core::System::DriverManager: loading /lib/modules/4.9-ndm-5/l2tp_ppp.ko. 
[I] Jan  1 00:00:08 kernel: l2tp_ppp: PPPoL2TP kernel driver, V2.0
[I] Jan  1 00:00:08 ndm: Core::System::DriverManager: loading /lib/modules/4.9-ndm-5/cdc-acm.ko. 
[I] Jan  1 00:00:08 kernel: usbcore: registered new interface driver cdc_acm
[I] Jan  1 00:00:08 kernel: cdc_acm: USB Abstract Control Model driver for USB modems and ISDN adapters
[I] Jan  1 00:00:08 ndm: Core::System::DriverManager: loading /lib/modules/4.9-ndm-5/usb-storage.ko. 
[I] Jan  1 00:00:08 kernel: usbcore: registered new interface driver usb-storage
[I] Jan  1 00:00:08 ndm: Core::System::DriverManager: loading /lib/modules/4.9-ndm-5/ax88179_178a.ko. 
[I] Jan  1 00:00:08 kernel: usbcore: registered new interface driver ax88179_178a
[I] Jan  1 00:00:08 ndm: Core::System::DriverManager: loading /lib/modules/4.9-ndm-5/snd-mixer-oss.ko. 
[I] Jan  1 00:00:08 ndm: Core::System::DriverManager: loading /lib/modules/4.9-ndm-5/usbhid.ko. 
[I] Jan  1 00:00:08 kernel: usbcore: registered new interface driver usbhid
[I] Jan  1 00:00:08 kernel: usbhid: USB HID core driver
[I] Jan  1 00:00:08 ndm: Core::System::DriverManager: loading /lib/modules/4.9-ndm-5/nls_cp1251.ko. 
[I] Jan  1 00:00:08 ndm: Core::System::DriverManager: loading /lib/modules/4.9-ndm-5/nf_nat_rtsp.ko. 
[I] Jan  1 00:00:08 kernel: nf_nat_rtsp v0.7 loading
[I] Jan  1 00:00:08 ndm: Core::System::DriverManager: loading /lib/modules/4.9-ndm-5/snd-hwdep.ko. 
[I] Jan  1 00:00:08 ndm: Core::System::DriverManager: loading /lib/modules/4.9-ndm-5/thfsplus.ko. 
[I] Jan  1 00:00:08 kernel: Tuxera HFS+ driver 3021.12.17
[I] Jan  1 00:00:08 kernel: Built against headers 4.9-ndm-5 #0 SMP Fri Aug 18 07:38:29 2023 mips
[I] Jan  1 00:00:08 kernel: Running on kernel 4.9-ndm-5 #0 SMP Wed Oct 4 18:11:49 2023 mips
[I] Jan  1 00:00:08 ndm: Core::System::DriverManager: loading /lib/modules/4.9-ndm-5/evdev.ko. 
[I] Jan  1 00:00:08 ndm: Core::System::DriverManager: loading /lib/modules/4.9-ndm-5/ip6_tunnel.ko. 
[I] Jan  1 00:00:08 ndm: Core::System::DriverManager: loading /lib/modules/4.9-ndm-5/zstd.ko. 
[I] Jan  1 00:00:08 ndm: Core::System::DriverManager: loading /lib/modules/4.9-ndm-5/snd-seq-midi.ko. 
[I] Jan  1 00:00:08 ndm: Core::System::DriverManager: loading /lib/modules/4.9-ndm-5/nls_utf8.ko. 
[I] Jan  1 00:00:08 ndm: Core::System::DriverManager: loading /lib/modules/4.9-ndm-5/exfat.ko. 
[I] Jan  1 00:00:08 kernel: exFAT: file-system version 5.9-6ndm
[I] Jan  1 00:00:08 ndm: Core::System::DriverManager: loading /lib/modules/4.9-ndm-5/ip6t_MASQUERADE.ko. 
[I] Jan  1 00:00:08 ndm: Core::System::DriverManager: loading /lib/modules/4.9-ndm-5/snd-usbmidi-lib.ko. 
[I] Jan  1 00:00:08 ndm: Core::System::DriverManager: loading /lib/modules/4.9-ndm-5/usbextras.ko. 
[I] Jan  1 00:00:08 kernel: usbextras: loaded
[I] Jan  1 00:00:08 ndm: Core::System::DriverManager: loading /lib/modules/4.9-ndm-5/hid-generic.ko. 
[I] Jan  1 00:00:08 ndm: Core::System::DriverManager: loading /lib/modules/4.9-ndm-5/usb_wwan.ko. 
[I] Jan  1 00:00:08 ndm: Core::System::DriverManager: loading /lib/modules/4.9-ndm-5/cdc_ncm.ko. 
[I] Jan  1 00:00:08 kernel: usbcore: registered new interface driver cdc_ncm
[I] Jan  1 00:00:08 ndm: Core::System::DriverManager: loading /lib/modules/4.9-ndm-5/option.ko. 
[I] Jan  1 00:00:08 kernel: usbcore: registered new interface driver option
[I] Jan  1 00:00:08 kernel: usbserial: USB Serial support registered for GSM modem (1-port)
[I] Jan  1 00:00:08 ndm: Core::System::DriverManager: loading /lib/modules/4.9-ndm-5/qmi_wwan.ko. 
[I] Jan  1 00:00:08 kernel: usbcore: registered new interface driver qmi_wwan
[I] Jan  1 00:00:08 ndm: Core::System::DriverManager: loading /lib/modules/4.9-ndm-5/asix.ko. 
[I] Jan  1 00:00:08 kernel: usbcore: registered new interface driver asix
[I] Jan  1 00:00:08 ndm: Core::System::DriverManager: loading /lib/modules/4.9-ndm-5/snd-pcm.ko. 
[I] Jan  1 00:00:09 ndm: Core::System::DriverManager: loading /lib/modules/4.9-ndm-5/huawei_cdc_ncm.ko. 
[I] Jan  1 00:00:09 kernel: usbcore: registered new interface driver huawei_cdc_ncm
[I] Jan  1 00:00:09 ndm: Core::System::DriverManager: loading /lib/modules/4.9-ndm-5/cdc_ether.ko. 
[I] Jan  1 00:00:09 kernel: usbcore: registered new interface driver cdc_ether
[I] Jan  1 00:00:09 ndm: Core::System::DriverManager: loading /lib/modules/4.9-ndm-5/snd-usb-audio.ko. 
[I] Jan  1 00:00:09 kernel: usbcore: registered new interface driver snd-usb-audio
[I] Jan  1 00:00:09 ndm: Core::System::DriverManager: loading /lib/modules/4.9-ndm-5/snd-pcm-oss.ko. 
[I] Jan  1 00:00:09 ndm: Core::System::DriverManager: loading /lib/modules/4.9-ndm-5/qcserial.ko. 
[I] Jan  1 00:00:09 kernel: usbcore: registered new interface driver qcserial
[I] Jan  1 00:00:09 kernel: usbserial: USB Serial support registered for Qualcomm USB modem
[I] Jan  1 00:00:09 ndm: Core::System::DriverManager: loading /lib/modules/4.9-ndm-5/rndis_host.ko. 
[I] Jan  1 00:00:09 kernel: usbcore: registered new interface driver rndis_host
[I] Jan  1 00:00:09 ndm: Core::System::Mtd::Table: current firmware image index is 2. 
[I] Jan  1 00:00:09 ndm: Core::FileSystem::Temp: mounting /var/... 
[I] Jan  1 00:00:09 ndm: Core::Authenticator: MD5 generator created. 
[I] Jan  1 00:00:09 ndm: Core::Authenticator: NT generator created. 
[I] Jan  1 00:00:09 ndm: Core::System::Country: set the system country code to "RU". 
[I] Jan  1 00:00:09 ndm: Core::Authenticator: "readonly" tag registered. 
[I] Jan  1 00:00:09 ndm: Core::FileSystem::Dynamic: "ndm:": registered "log" node. 
[I] Jan  1 00:00:09 ndm: Core::FileSystem::Dynamic: "ndm:": registered "running-config" node. 
[I] Jan  1 00:00:09 ndm: Core::FileSystem::Dynamic: "ndm:": registered "sharing-config" node. 
[I] Jan  1 00:00:09 ndm: Core::FileSystem::Dynamic: "ndm:": registered "self-test" node. 
[I] Jan  1 00:00:09 ndm: Core::System::Hostname: the host name set. 
[I] Jan  1 00:00:09 ndm: Core::System::Timezone: building a timezone list... 
[I] Jan  1 00:00:09 ndm: Core::System::Timezone: scanning done, 312 localities available. 
[I] Jan  1 03:00:09 ndm: Core::System::Timezone: "Europe/Moscow" locality set as default. 
[I] Jan  1 03:00:09 ndm: Telnet::Server: bruteforce detection is enabled. 
[I] Jan  1 03:00:09 ndm: Ntp::Client: configuration reset. 
[I] Jan  1 03:00:09 ndm: Ntp::Client: configuration reset. 
[I] Jan  1 03:00:10 ndm: Http::Manager: bruteforce detection is enabled. 
[I] Jan  1 03:00:10 ndm: Core::Authenticator: "http" tag registered. 
[I] Jan  1 03:00:10 ndm: Core::Authenticator: "http-proxy" tag registered. 
[I] Jan  1 03:00:10 ndm: Core::System::DriverManager: loading /lib/modules/4.9-ndm-5/nacct.ko. 
[I] Jan  1 03:00:10 kernel: nacct: init, v 3.4-2
[I] Jan  1 03:00:10 ndm: Core::System::DriverManager: loading /lib/modules/4.9-ndm-5/ensoc_eth.ko. 
[I] Jan  1 03:00:10 kernel: ensoc_eth: NDM Ethernet Switch Driver for EcoNet EN75xx, v1.2.56
[I] Jan  1 03:00:10 kernel: ensoc_eth: EN75xx SoC, TX/RX descriptors: 2048/1024, NAPI weight 64
[I] Jan  1 03:00:10 kernel: ensoc_eth: 50:ff:20:7b:fd:6d address assigned to eth2
[I] Jan  1 03:00:10 kernel: ensoc_eth: MT7530 internal switch, eco rev: 0x1
[I] Jan  1 03:00:10 kernel: ensoc_eth: GE-1 PHY analog calibration
[I] Jan  1 03:00:10 kernel: ensoc_eth: GE-2 PHY analog calibration
[I] Jan  1 03:00:10 kernel: ensoc_eth: GE-3 PHY analog calibration
[I] Jan  1 03:00:10 kernel: ensoc_eth: GE-4 PHY analog calibration
[I] Jan  1 03:00:10 kernel: ensoc_eth: MT7530 switch initialized
[I] Jan  1 03:00:10 kernel: ensoc_eth: eth2 created for QDMA1 (50:ff:20:7b:fd:6d address, 4 EPHY ports)
[I] Jan  1 03:00:10 ndm: Network::Interface::Base: "GigabitEthernet0": interface is down. 
[I] Jan  1 03:00:10 ndm: Network::Interface::Mac: "GigabitEthernet0": backed up the default address 50:ff:20:7b:fd:6d of "GigabitEthernet0" before changing. 
[I] Jan  1 03:00:10 ndm: Network::Interface::Repository: "GigabitEthernet0" interface created. 
[I] Jan  1 03:00:10 ndm: Network::Interface::Base: "GigabitEthernet0/0": interface is down. 
[I] Jan  1 03:00:10 ndm: Network::Interface::Repository: "GigabitEthernet0/0" interface created. 
[I] Jan  1 03:00:10 ndm: Network::Interface::Base: "GigabitEthernet0/1": interface is down. 
[I] Jan  1 03:00:10 ndm: Network::Interface::Repository: "GigabitEthernet0/1" interface created. 
[I] Jan  1 03:00:10 ndm: Network::Interface::Base: "GigabitEthernet0/2": interface is down. 
[I] Jan  1 03:00:10 ndm: Network::Interface::Repository: "GigabitEthernet0/2" interface created. 
[I] Jan  1 03:00:10 ndm: Network::Interface::Base: "GigabitEthernet0/3": interface is down. 
[I] Jan  1 03:00:10 ndm: Network::Interface::Repository: "GigabitEthernet0/3" interface created. 
[I] Jan  1 03:00:10 ndm: Core::System::DriverManager: loading /lib/modules/4.9-ndm-5/ubi.ko. 
[I] Jan  1 03:00:10 ndm: Core::System::DriverManager: loading /lib/modules/4.9-ndm-5/ubifs.ko. 
[I] Jan  1 03:00:10 kernel: ubi: BMT NAND mode detected, BEB reservation disabled
[W] Jan  1 03:00:10 kernel: ubi0: attaching mtd16
[W] Jan  1 03:00:11 kernel: ubi0: scanning is finished
[W] Jan  1 03:00:11 kernel: ubi0: attached mtd16 (name "Storage", size 54 MiB)
[W] Jan  1 03:00:11 kernel: ubi0: PEB size: 131072 bytes (128 KiB), LEB size: 126976 bytes
[W] Jan  1 03:00:11 kernel: ubi0: min./max. I/O unit sizes: 2048/2048, sub-page size 2048
[W] Jan  1 03:00:11 kernel: ubi0: VID header offset: 2048 (aligned 2048), data offset: 4096
[W] Jan  1 03:00:11 kernel: ubi0: good PEBs: 433, bad PEBs: 0, corrupted PEBs: 0
[W] Jan  1 03:00:11 kernel: ubi0: user volume: 1, internal volumes: 1, max. volumes count: 128
[W] Jan  1 03:00:11 kernel: ubi0: max/mean erase counter: 2/1, WL threshold: 2048, image sequence number: 1653694548
[W] Jan  1 03:00:11 kernel: ubi0: available PEBs: 0, total reserved PEBs: 433, PEBs reserved for bad PEB handling: 1
[W] Jan  1 03:00:11 kernel: ubi0: background thread "ubi_bgt0d" started, PID 515
[W] Jan  1 03:00:11 kernel: UBIFS (ubi0:0): background thread "ubifs_bgt0_0" started, PID 516
[W] Jan  1 03:00:11 kernel: UBIFS (ubi0:0): recovery needed
[W] Jan  1 03:00:11 kernel: UBIFS (ubi0:0): recovery completed
[W] Jan  1 03:00:11 kernel: UBIFS (ubi0:0): UBIFS: mounted UBI device 0, volume 0, name "storage"
[W] Jan  1 03:00:11 kernel: UBIFS (ubi0:0): LEB size: 126976 bytes (124 KiB), min./max. I/O unit sizes: 2048 bytes/2048 bytes
[W] Jan  1 03:00:11 kernel: UBIFS (ubi0:0): FS size: 53075968 bytes (50 MiB, 418 LEBs), journal size 2666496 bytes (2 MiB, 21 LEBs)
[W] Jan  1 03:00:11 kernel: UBIFS (ubi0:0): reserved for root: 2506908 bytes (2448 KiB)
[W] Jan  1 03:00:11 kernel: UBIFS (ubi0:0): media format: w4/r0 (latest is w4/r0), UUID 190A1258-CED4-4BA5-998B-742BE9C2DB4B, small LPT model
[I] Jan  1 03:00:11 ndm: Core::Authenticator: "afp" tag registered. 
[I] Jan  1 03:00:11 ndm: Core::Authenticator: "printers" tag registered. 
[I] Jan  1 03:00:11 ndm: Core::Authenticator: "cifs" tag registered. 
[I] Jan  1 03:00:11 ndm: Cloud::UhpService: "cloud" component registered. 
[I] Jan  1 03:00:11 ndm: Cloud::Agent: "ndns" TTP component registered. 
[I] Jan  1 03:00:11 ndm: Cloud::UhpService: "ndns" component registered. 
[I] Jan  1 03:00:11 ndm: Cloud::UhpService: "ndmp" component registered. 
[I] Jan  1 03:00:11 ndm: Core::Authenticator: "vpn-dlna" tag registered. 
[I] Jan  1 03:00:11 ndm: Dns::Filter::Public: loaded 17 presets (version 12). 
[I] Jan  1 03:00:11 ndm: Dns::Manager: DNS-over-HTTPS support initialized. 
[I] Jan  1 03:00:11 ndm: Dns::Manager: DNS-over-TLS support initialized. 
[I] Jan  1 03:00:11 ndm: Network::InternetChecker: gateway checking enabled. 
[I] Jan  1 03:00:11 ndm: Ftp::Server: bruteforce detection is enabled. 
[I] Jan  1 03:00:11 ndm: Core::Authenticator: "ftp" tag registered. 
[I] Jan  1 03:00:11 kernel: IPv6: ADDRCONF(NETDEV_UP): tunl0: link is not ready
[I] Jan  1 03:00:11 kernel: IPv6: ADDRCONF(NETDEV_UP): sit0: link is not ready
[I] Jan  1 03:00:11 kernel: IPv6: ADDRCONF(NETDEV_UP): gre0: link is not ready
[I] Jan  1 03:00:11 kernel: IPv6: ADDRCONF(NETDEV_UP): gretap0: link is not ready
[I] Jan  1 03:00:11 kernel: IPv6: ADDRCONF(NETDEV_UP): ethoip0: link is not ready
[I] Jan  1 03:00:11 kernel: IPv6: ADDRCONF(NETDEV_UP): dummy0: link is not ready
[I] Jan  1 03:00:11 kernel: IPv6: ADDRCONF(NETDEV_UP): ip6tnl0: link is not ready
[I] Jan  1 03:00:11 kernel: IPv6: ADDRCONF(NETDEV_UP): ezcfg0: link is not ready
[I] Jan  1 03:00:11 kernel: IPv6: ADDRCONF(NETDEV_UP): eth2: link is not ready
[I] Jan  1 03:00:11 ndm: Network::Interface::Mtk::Sku: main default profile applied. 
[I] Jan  1 03:00:11 ndm: Network::Interface::Mtk::Sku: beamforming default profile applied. 
[I] Jan  1 03:00:11 ndm: Core::System::DriverManager: loading /lib/modules/4.9-ndm-5/mt7915_ap.ko. 
[I] Jan  1 03:00:12 kernel: PCI: Enabling device 0000:01:00.0 (0000 -> 0002)
[I] Jan  1 03:00:12 kernel: PCI: Enabling device 0000:02:00.0 (0000 -> 0002)
[I] Jan  1 03:00:12 kernel: MT7915 AP Driver version: 7.5.0.0
[I] Jan  1 03:00:12 ndm: Core::System::DriverManager: loading /lib/modules/4.9-ndm-5/whnat.ko. 
[I] Jan  1 03:00:12 kernel: en7528 warp whnat module enabled
[I] Jan  1 03:00:12 ndm: Network::Interface::Mtk::WifiMaster: "WifiMaster1": PHY mode set. 
[I] Jan  1 03:00:12 ndm: Network::Interface::Mtk::WifiMaster: "WifiMaster1": channel bandwidth settings reset to default. 
[I] Jan  1 03:00:12 ndm: Network::Interface::Base: "WifiMaster1": interface is down. 
[I] Jan  1 03:00:12 kernel: MT7915 CPU 0 patch info:
[I] Jan  1 03:00:12 kernel:  Built date: 20230828104359a
[I] Jan  1 03:00:12 kernel: MT7915 CPU 0 firmware info:
[I] Jan  1 03:00:12 kernel:  Chip ID: 0x0b
[I] Jan  1 03:00:12 kernel:  Eco version: 0x01
[I] Jan  1 03:00:12 kernel:  Built date: 20230828104432
[I] Jan  1 03:00:12 kernel:  Common crc: 0x68378479
[I] Jan  1 03:00:12 kernel: MT7915 CPU 1 firmware info:
[I] Jan  1 03:00:12 kernel:  Chip ID: 0x00
[I] Jan  1 03:00:12 kernel:  Eco version: 0x01
[I] Jan  1 03:00:12 kernel:  Built date: 20230828104451
[I] Jan  1 03:00:12 kernel:  Common crc: 0x6c78177a
[I] Jan  1 03:00:13 ndm: Network::Interface::Repository: "WifiMaster1" interface created. 
[I] Jan  1 03:00:13 ndm: Network::Interface::Mtk::WifiMaster: "WifiMaster0": PHY mode set. 
[I] Jan  1 03:00:13 ndm: Network::Interface::Mtk::WifiMaster: "WifiMaster0": channel bandwidth settings reset to default. 
[I] Jan  1 03:00:13 ndm: Network::Interface::Base: "WifiMaster0": interface is down. 
[I] Jan  1 03:00:13 ndm: Network::Interface::Repository: "WifiMaster0" interface created. 
[I] Jan  1 03:00:13 ndm: Network::Interface::Wireless: "WifiMaster0/AccessPoint1": SSID saved. 
[I] Jan  1 03:00:13 ndm: Network::Interface::Mtk::AccessPoint: "WifiMaster0/AccessPoint1": SSID reset. 
[I] Jan  1 03:00:13 ndm: Network::Interface::Base: "WifiMaster0/AccessPoint1": interface is down. 
[I] Jan  1 03:00:13 ndm: Network::Interface::Base: "WifiMaster0/AccessPoint1": interface is down. 
[I] Jan  1 03:00:13 ndm: Network::Interface::Base: "WifiMaster0/AccessPoint1": network MTU reset to default. 
[I] Jan  1 03:00:13 ndm: Network::Interface::Repository: "WifiMaster0/AccessPoint1" interface created. 
[I] Jan  1 03:00:13 ndm: Network::Interface::Wireless: "WifiMaster1/AccessPoint3": SSID saved. 
[I] Jan  1 03:00:13 ndm: Network::Interface::Mtk::AccessPoint: "WifiMaster1/AccessPoint3": SSID reset. 
[I] Jan  1 03:00:13 ndm: Network::Interface::Base: "WifiMaster1/AccessPoint3": interface is down. 
[I] Jan  1 03:00:13 ndm: Network::Interface::Base: "WifiMaster1/AccessPoint3": interface is down. 
[I] Jan  1 03:00:13 ndm: Network::Interface::Base: "WifiMaster1/AccessPoint3": network MTU reset to default. 
[I] Jan  1 03:00:13 ndm: Network::Interface::Repository: "WifiMaster1/AccessPoint3" interface created. 
[I] Jan  1 03:00:13 ndm: Network::Interface::Wireless: "WifiMaster1/AccessPoint0": SSID saved. 
[I] Jan  1 03:00:13 ndm: Network::Interface::Mtk::AccessPoint: "WifiMaster1/AccessPoint0": SSID reset. 
[I] Jan  1 03:00:13 ndm: Network::Interface::Base: "WifiMaster1/AccessPoint0": interface is down. 
[I] Jan  1 03:00:13 ndm: Network::Interface::Base: "WifiMaster1/AccessPoint0": network MTU reset to default. 
[I] Jan  1 03:00:13 ndm: Network::Interface::Repository: "WifiMaster1/AccessPoint0" interface created. 
[I] Jan  1 03:00:13 ndm: Network::Interface::Wireless: "WifiMaster0/AccessPoint2": SSID saved. 
[I] Jan  1 03:00:13 ndm: Network::Interface::Mtk::AccessPoint: "WifiMaster0/AccessPoint2": SSID reset. 
[I] Jan  1 03:00:13 ndm: Network::Interface::Base: "WifiMaster0/AccessPoint2": interface is down. 
[I] Jan  1 03:00:13 ndm: Network::Interface::Base: "WifiMaster0/AccessPoint2": interface is down. 
[I] Jan  1 03:00:13 ndm: Network::Interface::Base: "WifiMaster0/AccessPoint2": network MTU reset to default. 
[I] Jan  1 03:00:13 ndm: Network::Interface::Repository: "WifiMaster0/AccessPoint2" interface created. 
[I] Jan  1 03:00:13 ndm: Network::Interface::Wireless: "WifiMaster1/AccessPoint1": SSID saved. 
[I] Jan  1 03:00:13 ndm: Network::Interface::Mtk::AccessPoint: "WifiMaster1/AccessPoint1": SSID reset. 
[I] Jan  1 03:00:13 ndm: Network::Interface::Base: "WifiMaster1/AccessPoint1": interface is down. 
[I] Jan  1 03:00:13 ndm: Network::Interface::Base: "WifiMaster1/AccessPoint1": interface is down. 
[I] Jan  1 03:00:13 ndm: Network::Interface::Base: "WifiMaster1/AccessPoint1": network MTU reset to default. 
[I] Jan  1 03:00:13 ndm: Network::Interface::Repository: "WifiMaster1/AccessPoint1" interface created. 
[I] Jan  1 03:00:13 ndm: Network::Interface::Wireless: "WifiMaster0/AccessPoint3": SSID saved. 
[I] Jan  1 03:00:13 ndm: Network::Interface::Mtk::AccessPoint: "WifiMaster0/AccessPoint3": SSID reset. 
[I] Jan  1 03:00:13 ndm: Network::Interface::Base: "WifiMaster0/AccessPoint3": interface is down. 
[I] Jan  1 03:00:13 ndm: Network::Interface::Base: "WifiMaster0/AccessPoint3": interface is down. 
[I] Jan  1 03:00:13 ndm: Network::Interface::Base: "WifiMaster0/AccessPoint3": network MTU reset to default. 
[I] Jan  1 03:00:14 ndm: Network::Interface::Repository: "WifiMaster0/AccessPoint3" interface created. 
[I] Jan  1 03:00:14 ndm: Network::Interface::Wireless: "WifiMaster0/AccessPoint0": SSID saved. 
[I] Jan  1 03:00:14 ndm: Network::Interface::Mtk::AccessPoint: "WifiMaster0/AccessPoint0": SSID reset. 
[I] Jan  1 03:00:14 ndm: Network::Interface::Base: "WifiMaster0/AccessPoint0": interface is down. 
[I] Jan  1 03:00:14 ndm: Network::Interface::Base: "WifiMaster0/AccessPoint0": network MTU reset to default. 
[I] Jan  1 03:00:14 ndm: Network::Interface::Repository: "WifiMaster0/AccessPoint0" interface created. 
[I] Jan  1 03:00:14 ndm: Network::Interface::Wireless: "WifiMaster1/AccessPoint2": SSID saved. 
[I] Jan  1 03:00:14 ndm: Network::Interface::Mtk::AccessPoint: "WifiMaster1/AccessPoint2": SSID reset. 
[I] Jan  1 03:00:14 ndm: Network::Interface::Base: "WifiMaster1/AccessPoint2": interface is down. 
[I] Jan  1 03:00:14 ndm: Network::Interface::Base: "WifiMaster1/AccessPoint2": interface is down. 
[I] Jan  1 03:00:14 ndm: Network::Interface::Base: "WifiMaster1/AccessPoint2": network MTU reset to default. 
[I] Jan  1 03:00:14 ndm: Network::Interface::Repository: "WifiMaster1/AccessPoint2" interface created. 
[I] Jan  1 03:00:14 ndm: Network::Interface::Base: "WifiMaster1/WifiStation0": interface is down. 
[I] Jan  1 03:00:14 ndm: Network::Interface::Base: "WifiMaster1/WifiStation0": network MTU reset to default. 
[I] Jan  1 03:00:14 ndm: Network::Interface::Repository: "WifiMaster1/WifiStation0" interface created. 
[I] Jan  1 03:00:14 ndm: Network::Interface::Base: "WifiMaster0/WifiStation0": interface is down. 
[I] Jan  1 03:00:14 ndm: Network::Interface::Base: "WifiMaster0/WifiStation0": network MTU reset to default. 
[I] Jan  1 03:00:14 ndm: Network::Interface::Repository: "WifiMaster0/WifiStation0" interface created. 
[I] Jan  1 03:00:14 ndm: Network::Interface::Mtk::WifiMonitor: added system name for "WifiMaster0/Backhaul0". 
[I] Jan  1 03:00:14 ndm: Network::Interface::Mtk::WifiMonitor: added system name for "WifiMaster1/Backhaul0". 
[I] Jan  1 03:00:14 ndm: Core::FileSystem::Dynamic: "ndm:": registered "wifi-configuration.dat" node. 
[I] Jan  1 03:00:14 ndm: Network::Interface::Mtk::WifiController: backhaul STP disabled. 
[I] Jan  1 03:00:14 ndm: Network::Interface::Mtk::WifiController: "WifiMaster0/Backhaul0": set metric 1. 
[I] Jan  1 03:00:14 ndnproxy: NDM DNS Proxy, v1.3.0b63. 
[I] Jan  1 03:00:14 ndnproxy: PID file: /var/ndnproxymain.pid. 
[I] Jan  1 03:00:14 ndnproxy: stats. file: /var/ndnproxymain.stat. 
[I] Jan  1 03:00:15 ndm: Network::Interface::Mtk::WifiController: "WifiMaster0/Backhaul0": activated. 
[I] Jan  1 03:00:15 ndm: Network::Interface::Mtk::WifiController: "WifiMaster1/Backhaul0": set metric 1. 
[I] Jan  1 03:00:15 ndm: Network::Interface::Mtk::WifiController: "WifiMaster1/Backhaul0": activated. 
[I] Jan  1 03:00:15 ndm: Network::Interface::Mtk::WifiController: backhaul activated. 
[I] Jan  1 03:00:15 ntce-pace2: using tiny memory model. 
[I] Jan  1 03:00:15 ntce-pace2: plugins are disabled. 
[I] Jan  1 03:00:16 ndm: Ntce::Info: loaded 10 applications from CSC configuration. 
[I] Jan  1 03:00:16 ndm: Ntce::Info: loaded 2604 apps, 48 groups, 28 attributes, 13 OSes, 7 groupsets. 
[I] Jan  1 03:00:16 ndm: Core::System::DriverManager: loading /lib/modules/4.9-ndm-5/nnfm.ko. 
[I] Jan  1 03:00:16 kernel: NTCE flow marker loaded
[I] Jan  1 03:00:16 ndm: Core::Authenticator: "opt" tag registered. 
[I] Jan  1 03:00:16 ndm: PingCheck::Profile: "default": update interval is changed to 10 seconds. 
[I] Jan  1 03:00:16 ndm: PingCheck::Profile: "default": uses tls mode. 
[I] Jan  1 03:00:16 ndm: PingCheck::Profile: "default": uses port 443 for testing. 
[I] Jan  1 03:00:16 ndm: PingCheck::Profile: "default": add host "ya.ru" for testing. 
[I] Jan  1 03:00:16 ndm: PingCheck::Profile: "default": add host "vk.com" for testing. 
[I] Jan  1 03:00:16 ndm: PingCheck::Profile: "default": add host "youtube.com" for testing. 
[I] Jan  1 03:00:16 ndm: Ssh::Manager: bruteforce detection is enabled. 
[I] Jan  1 03:00:16 ndm: Core::Authenticator: "sftp" tag registered. 
[I] Jan  1 03:00:16 ndm: Core::Authenticator: "torrent" tag registered. 
[I] Jan  1 03:00:16 ndm: Core::System::DriverManager: loading /lib/modules/4.9-ndm-5/ntc.ko. 
[I] Jan  1 03:00:16 kernel: ntc: NDM Traffic Control Module, v8.0.20
[I] Jan  1 03:00:16 ndm: Core::Authenticator: "webdav" tag registered. 
[I] Jan  1 03:00:16 ndm: WebDav::Server: has no temporary directory, unable to start. 
[I] Jan  1 03:00:16 ndm: Module::Manager: loaded 61 modules. 
[I] Nov 14 22:32:30 ndm: Core::System::Clock: system time has been changed. 
[I] Nov 14 22:32:30 ndm: Core::FileSystem::Proc: system setting saved. 
[I] Nov 14 22:32:30 ndm: Core::Syslog: last message repeated 13 times.
[I] Nov 14 22:32:30 kernel: usbcore: deregistering interface driver hub
[I] Nov 14 22:32:30 kernel: usbcore: registered new interface driver hub
[I] Nov 14 22:32:30 ndm: Core::FileSystem::Proc: system setting saved. 
[I] Nov 14 22:32:30 ndm: Core::FileSystem::Proc: system setting saved. 
[I] Nov 14 22:32:30 ndm: Core::Peripheral::Manager: "SelectedWan" control bound to "FN_1" LED. 
[I] Nov 14 22:32:30 ndm: Core::System::Timezone: timezone set to "Europe/Moscow". 
[I] Nov 14 22:32:30 ndm: Core::System::Domainname: the system domain name set. 
[I] Nov 14 22:32:30 ndm: Core::System::Hostname: the host name set. 
[I] Nov 14 22:32:30 ndm: Core::System::Caption: template set to default. 
[I] Nov 14 22:32:30 ndm: Core::System::DriverManager: loading /lib/modules/4.9-ndm-5/zram.ko. 
[I] Nov 14 22:32:30 kernel: zram: Added device: zram0
[I] Nov 14 22:32:30 kernel: zram0: detected capacity change from 0 to 268435456
[I] Nov 14 22:32:30 kernel: Adding 262140k swap on /dev/zram0.  Priority:0 extents:1 across:262140k SSDsc
[I] Nov 14 22:32:30 ndm: Zram::Manager: enabled zram swap of size 262144Kb. 
[I] Nov 14 22:32:30 ndm: Core::Ndss: dump-reporting disabled. 
[I] Nov 14 22:32:30 ndm: Netfilter::Manager: private networks isolated. 
[I] Nov 14 22:32:30 ndm: Core::Authenticator: password has been set for user "admin". 
[I] Nov 14 22:32:30 ndm: Core::Authenticator: password has been set for user "admin". 
[I] Nov 14 22:32:30 ndm: Core::Authenticator: user "admin" tagged with "cli". 
[I] Nov 14 22:32:30 ndm: Core::Authenticator: user "admin" tagged with "http". 
[I] Nov 14 22:32:30 ndm: Core::Authenticator: user "admin" tagged with "ftp". 
[I] Nov 14 22:32:30 ndm: Core::Authenticator: user "admin" tagged with "cifs". 
[I] Nov 14 22:32:30 ndm: Core::Authenticator: user "admin" tagged with "printers". 
[I] Nov 14 22:32:30 ndm: Core::Authenticator: user "admin" tagged with "webdav". 
[I] Nov 14 22:32:30 ndm: Core::Authenticator: user "admin" tagged with "sftp". 
[I] Nov 14 22:32:30 ndm: Core::Authenticator: user "admin" tagged with "torrent". 
[I] Nov 14 22:32:30 ndm: Core::Authenticator: user "admin" tagged with "opt". 
[I] Nov 14 22:32:30 kernel: IPv6: ADDRCONF(NETDEV_UP): eth2: link is not ready
[I] Nov 14 22:32:30 kernel: IPv6: ADDRCONF(NETDEV_CHANGE): eth2: link becomes ready
[I] Nov 14 22:32:30 ndm: Network::Interface::Base: "GigabitEthernet0": "base" changed "conf" layer state "disabled" to "running". 
[I] Nov 14 22:32:30 ndm: Network::Interface::Base: "GigabitEthernet0": interface is up. 
[I] Nov 14 22:32:30 ndm: Network::Interface::Base: "GigabitEthernet0/1": renamed to "1". 
[I] Nov 14 22:32:30 ndm: Network::Interface::Switch: "GigabitEthernet0/1": access mode enabled. 
[I] Nov 14 22:32:30 ndm: Network::Interface::Switch: "GigabitEthernet0/1": set access VLAN ID: 1. 
[I] Nov 14 22:32:30 ndm: Network::Interface::Base: "GigabitEthernet0/1": "base" changed "conf" layer state "disabled" to "running". 
[I] Nov 14 22:32:30 ndm: Network::Interface::Base: "GigabitEthernet0/1": interface is up. 
[I] Nov 14 22:32:30 ndm: Network::Interface::Base: "GigabitEthernet0/2": renamed to "2". 
[I] Nov 14 22:32:30 ndm: Network::Interface::Switch: "GigabitEthernet0/2": access mode enabled. 
[I] Nov 14 22:32:30 ndm: Network::Interface::Switch: "GigabitEthernet0/2": trunk mode enabled. 
[I] Nov 14 22:32:30 ndm: Network::Interface::Switch: "GigabitEthernet0/2": set access VLAN ID: 1. 
[I] Nov 14 22:32:30 ndm: Network::Interface::Base: "GigabitEthernet0/2": "base" changed "conf" layer state "disabled" to "running". 
[I] Nov 14 22:32:30 ndm: Network::Interface::Base: "GigabitEthernet0/2": interface is up. 
[I] Nov 14 22:32:30 ndm: Network::Interface::Base: "GigabitEthernet0/3": renamed to "3". 
[I] Nov 14 22:32:30 ndm: Network::Interface::Switch: "GigabitEthernet0/3": access mode enabled. 
[I] Nov 14 22:32:30 ndm: Network::Interface::Switch: "GigabitEthernet0/3": trunk mode enabled. 
[I] Nov 14 22:32:30 ndm: Network::Interface::Switch: "GigabitEthernet0/3": set access VLAN ID: 1. 
[I] Nov 14 22:32:30 ndm: Network::Interface::Base: "GigabitEthernet0/3": "base" changed "conf" layer state "disabled" to "running". 
[I] Nov 14 22:32:30 ndm: Network::Interface::Base: "GigabitEthernet0/3": interface is up. 
[I] Nov 14 22:32:30 ndm: Network::Interface::Base: "GigabitEthernet0/Vlan1": interface is down. 
[I] Nov 14 22:32:30 ndm: Network::Interface::Base: "GigabitEthernet0/Vlan1": network MTU reset to default. 
[I] Nov 14 22:32:30 ndm: Network::Interface::Repository: "GigabitEthernet0/Vlan1" interface created. 
[I] Nov 14 22:32:31 ndm: Network::Interface::Base: "GigabitEthernet0/Vlan1": description saved. 
[I] Nov 14 22:32:31 ndm: Network::Interface::L3Base: "GigabitEthernet0/Vlan1": security level set to "private". 
[I] Nov 14 22:32:31 ndm: Dhcp::Client: GigabitEthernet0/Vlan1 DHCP client DNS host routes are enabled. 
[I] Nov 14 22:32:31 ndm: Dns::InterfaceSpecific: "GigabitEthernet0/Vlan1": accept IPv4 name servers. 
[I] Nov 14 22:32:31 ndm: Network::Interface::Base: "GigabitEthernet0/Vlan1": "base" changed "conf" layer state "disabled" to "running". 
[I] Nov 14 22:32:31 ndm: Network::Interface::Base: "GigabitEthernet0/Vlan1": interface is up. 
[I] Nov 14 22:32:31 ndm: Network::Interface::Base: "GigabitEthernet0/Vlan2": interface is down. 
[I] Nov 14 22:32:31 ndm: Network::Interface::Base: "GigabitEthernet0/Vlan2": network MTU reset to default. 
[I] Nov 14 22:32:31 ndm: Network::Interface::Repository: "GigabitEthernet0/Vlan2" interface created. 
[I] Nov 14 22:32:32 ndm: Network::Interface::Base: "GigabitEthernet0/Vlan2": renamed to "ISP". 
[I] Nov 14 22:32:32 ndm: Network::Interface::Base: "GigabitEthernet0/Vlan2": description saved. 
[I] Nov 14 22:32:32 ndm: Network::Interface::Mac: "GigabitEthernet0/Vlan2": MAC address reset to factory 50:ff:20:7b:fd:6e. 
[I] Nov 14 22:32:32 ndm: Network::Interface::L3Base: "GigabitEthernet0/Vlan2": security level set to "public". 
[I] Nov 14 22:32:32 ndm: Dhcp::Client: started DHCP client on GigabitEthernet0/Vlan2. 
[I] Nov 14 22:32:32 ndm: Dhcp::Client: GigabitEthernet0/Vlan2 DHCP client DNS host routes are enabled. 
[I] Nov 14 22:32:32 ndm: Network::Interface::L3Base: "GigabitEthernet0/Vlan2": global priority is 700. 
[I] Nov 14 22:32:32 ndm: Dns::InterfaceSpecific: "GigabitEthernet0/Vlan2": accept IPv4 name servers. 
[I] Nov 14 22:32:32 ndm: Igmp::Proxy: upstream role assigned to GigabitEthernet0/Vlan2. 
[I] Nov 14 22:32:32 ndm: Network::Interface::Ip6: "GigabitEthernet0/Vlan2": accept address provided by the interface network. 
[I] Nov 14 22:32:32 ndm: Network::Interface::Ip6: "GigabitEthernet0/Vlan2": accept prefixes provided by the interface network. 
[I] Nov 14 22:32:32 ndm: Dns::InterfaceSpecific: "GigabitEthernet0/Vlan2": accept IPv6 name servers. 
[I] Nov 14 22:32:32 ndm: Network::Interface::Base: "GigabitEthernet0/Vlan2": interface is down. 
[I] Nov 14 22:32:32 ndm: Network::Interface::Base: "GigabitEthernet0/0": renamed to "0". 
[I] Nov 14 22:32:32 ndm: Network::Interface::Base: "GigabitEthernet0/0": assigned role "inet" for GigabitEthernet0/Vlan2. 
[I] Nov 14 22:32:32 ndm: Network::Interface::Switch: "GigabitEthernet0/0": access mode enabled. 
[I] Nov 14 22:32:32 ndm: Network::Interface::Switch: "GigabitEthernet0/0": set access VLAN ID: 2. 
[I] Nov 14 22:32:32 ndm: Network::Interface::Base: "GigabitEthernet0/0": "base" changed "conf" layer state "disabled" to "running". 
[I] Nov 14 22:32:32 ndm: Network::Interface::Base: "GigabitEthernet0/0": interface is up. 
[I] Nov 14 22:32:32 ndm: Network::Interface::Base: "GigabitEthernet0/Vlan3": interface is down. 
[I] Nov 14 22:32:32 ndm: Network::Interface::Base: "GigabitEthernet0/Vlan3": network MTU reset to default. 
[I] Nov 14 22:32:32 ndm: Network::Interface::Repository: "GigabitEthernet0/Vlan3" interface created. 
[I] Nov 14 22:32:33 ndm: Network::Interface::Base: "GigabitEthernet0/Vlan3": description saved. 
[I] Nov 14 22:32:33 ndm: Network::Interface::L3Base: "GigabitEthernet0/Vlan3": security level set to "protected". 
[I] Nov 14 22:32:33 ndm: Dhcp::Client: GigabitEthernet0/Vlan3 DHCP client DNS host routes are enabled. 
[I] Nov 14 22:32:33 ndm: Dns::InterfaceSpecific: "GigabitEthernet0/Vlan3": accept IPv4 name servers. 
[I] Nov 14 22:32:33 ndm: Network::Interface::Base: "GigabitEthernet0/Vlan3": "base" changed "conf" layer state "disabled" to "running". 
[I] Nov 14 22:32:33 ndm: Network::Interface::Base: "GigabitEthernet0/Vlan3": interface is up. 
[I] Nov 14 22:32:33 ndm: Network::Interface::Mtk::WifiMaster: "WifiMaster0": country code set to RU (Russian Federation). 
[I] Nov 14 22:32:33 ndm: Network::Interface::Mtk::WifiMaster: "WifiMaster0": PHY mode set. 
[I] Nov 14 22:32:33 ndm: Network::Interface::Mtk::WifiMaster: "WifiMaster0": channel bandwidth setting applied. 
[I] Nov 14 22:32:33 ndm: Network::Interface::Mtk::WifiMaster: "WifiMaster0": TX burst enabled. 
[I] Nov 14 22:32:33 ndm: Network::Interface::Mtk::WifiMaster: "WifiMaster0": explicit beamforming enabled. 
[I] Nov 14 22:32:33 ndm: Network::Interface::Mtk::WifiMaster: "WifiMaster0": VHT enabled. 
[I] Nov 14 22:32:33 ndm: Network::Interface::Mtk::WifiMaster: "WifiMaster0": 11ac/ax downlink-mumimo enabled. 
[I] Nov 14 22:32:33 ndm: Network::Interface::Mtk::WifiMaster: "WifiMaster0": 11ax uplink-mumimo enabled. 
[I] Nov 14 22:32:33 ndm: Network::Interface::Mtk::WifiMaster: "WifiMaster0": 11ax spatial reuse enabled. 
[I] Nov 14 22:32:33 ndm: Network::Interface::Base: "WifiMaster0": "base" changed "conf" layer state "disabled" to "running". 
[I] Nov 14 22:32:33 ndm: Network::Interface::Base: "WifiMaster0": interface is up. 
[I] Nov 14 22:32:33 ndm: Network::Interface::Base: "WifiMaster0/AccessPoint0": renamed to "AccessPoint". 
[I] Nov 14 22:32:33 ndm: Network::Interface::Base: "WifiMaster0/AccessPoint0": description saved. 
[I] Nov 14 22:32:33 ndm: Network::Interface::EthernetIp: "WifiMaster0/AccessPoint0": ACL type unchanged. 
[I] Nov 14 22:32:33 ndm: Network::Interface::L3Base: "WifiMaster0/AccessPoint0": security level set to "private". 
[I] Nov 14 22:32:33 ndm: Network::Interface::Wifi: "WifiMaster0/AccessPoint0": WPA PSK set. 
[I] Nov 14 22:32:33 ndm: Network::Interface::Mtk::AccessPoint: "WifiMaster0/AccessPoint0": wireless encryption enabled. 
[I] Nov 14 22:32:33 ndm: Network::Interface::Mtk::AccessPoint: "WifiMaster0/AccessPoint0": WPA2 enabled. 
[I] Nov 14 22:32:33 ndm: Dhcp::Client: WifiMaster0/AccessPoint0 DHCP client DNS host routes are enabled. 
[I] Nov 14 22:32:33 ndm: Dns::InterfaceSpecific: "WifiMaster0/AccessPoint0": accept IPv4 name servers. 
[I] Nov 14 22:32:33 ndm: Network::Interface::Wireless: "WifiMaster0/AccessPoint0": SSID saved. 
[I] Nov 14 22:32:33 ndm: Network::Interface::Mtk::AccessPoint: "WifiMaster0/AccessPoint0": WMM extensions enabled. 
[I] Nov 14 22:32:33 ndm: Network::Interface::Mtk::AccessPoint: "WifiMaster0/AccessPoint0": fast transition MDID set to "35". 
[I] Nov 14 22:32:33 ndm: Network::Interface::Mtk::AccessPoint: "WifiMaster0/AccessPoint0": fast transition enabled. 
[I] Nov 14 22:32:33 ndm: Network::Interface::Base: "WifiMaster0/AccessPoint0": "base" changed "conf" layer state "disabled" to "running". 
[I] Nov 14 22:32:33 ndm: Network::Interface::Base: "WifiMaster0/AccessPoint0": interface is up. 
[I] Nov 14 22:32:33 ndm: Network::Interface::Base: "WifiMaster0/AccessPoint1": renamed to "GuestWiFi". 
[I] Nov 14 22:32:33 ndm: Network::Interface::Base: "WifiMaster0/AccessPoint1": description saved. 
[I] Nov 14 22:32:33 ndm: Network::Interface::EthernetIp: "WifiMaster0/AccessPoint1": ACL type unchanged. 
[I] Nov 14 22:32:33 ndm: Network::Interface::L3Base: "WifiMaster0/AccessPoint1": security level set to "private". 
[I] Nov 14 22:32:33 ndm: Dhcp::Client: WifiMaster0/AccessPoint1 DHCP client DNS host routes are enabled. 
[I] Nov 14 22:32:33 ndm: Dns::InterfaceSpecific: "WifiMaster0/AccessPoint1": accept IPv4 name servers. 
[I] Nov 14 22:32:33 ndm: Network::Interface::Wireless: "WifiMaster0/AccessPoint1": SSID saved. 
[I] Nov 14 22:32:33 ndm: Network::Interface::Mtk::AccessPoint: "WifiMaster0/AccessPoint1": WMM extensions enabled. 
[I] Nov 14 22:32:33 ndm: Network::Interface::Mtk::AccessPoint: "WifiMaster0/AccessPoint1": RRM enabled. 
[I] Nov 14 22:32:33 ndm: Network::Interface::Mtk::AccessPoint: "WifiMaster0/AccessPoint1": BTM enabled. 
[I] Nov 14 22:32:33 ndm: Network::Interface::Mtk::AccessPoint: "WifiMaster0/AccessPoint1": fast transition MDID set to "X5". 
[I] Nov 14 22:32:33 ndm: Network::Interface::Mtk::AccessPoint: "WifiMaster0/AccessPoint1": fast transition enabled. 
[I] Nov 14 22:32:33 ndm: Network::Interface::Base: "WifiMaster0/AccessPoint1": interface is down. 
[I] Nov 14 22:32:33 ndm: Network::Interface::EthernetIp: "WifiMaster0/AccessPoint2": ACL type unchanged. 
[I] Nov 14 22:32:33 ndm: Network::Interface::L3Base: "WifiMaster0/AccessPoint2": security level set to "private". 
[I] Nov 14 22:32:33 ndm: Dhcp::Client: WifiMaster0/AccessPoint2 DHCP client DNS host routes are enabled. 
[I] Nov 14 22:32:33 ndm: Dns::InterfaceSpecific: "WifiMaster0/AccessPoint2": accept IPv4 name servers. 
[I] Nov 14 22:32:33 ndm: Network::Interface::Base: "WifiMaster0/AccessPoint2": interface is down. 
[I] Nov 14 22:32:33 ndm: Network::Interface::EthernetIp: "WifiMaster0/AccessPoint3": ACL type unchanged. 
[I] Nov 14 22:32:33 ndm: Network::Interface::L3Base: "WifiMaster0/AccessPoint3": security level set to "private". 
[I] Nov 14 22:32:33 ndm: Dhcp::Client: WifiMaster0/AccessPoint3 DHCP client DNS host routes are enabled. 
[I] Nov 14 22:32:33 ndm: Dns::InterfaceSpecific: "WifiMaster0/AccessPoint3": accept IPv4 name servers. 
[I] Nov 14 22:32:33 ndm: Network::Interface::Base: "WifiMaster0/AccessPoint3": interface is down. 
[I] Nov 14 22:32:33 ndm: Network::Interface::L3Base: "WifiMaster0/WifiStation0": security level set to "public". 
[I] Nov 14 22:32:33 ndm: Network::Interface::Mtk::WifiStation: "WifiMaster0/WifiStation0": wireless encryption disabled. 
[I] Nov 14 22:32:33 ndm: Dhcp::Client: WifiMaster0/WifiStation0 DHCP client DNS host routes are enabled. 
[I] Nov 14 22:32:33 ndm: Dns::InterfaceSpecific: "WifiMaster0/WifiStation0": accept IPv4 name servers. 
[I] Nov 14 22:32:33 ndm: Network::Interface::Base: "WifiMaster0/WifiStation0": interface is down. 
[I] Nov 14 22:32:33 ndm: Network::Interface::Mtk::WifiMaster: "WifiMaster1": country code set to RU (Russian Federation). 
[I] Nov 14 22:32:33 ndm: Network::Interface::Mtk::WifiMaster: "WifiMaster1": PHY mode set. 
[I] Nov 14 22:32:33 ndm: Network::Interface::Mtk::WifiMaster: "WifiMaster1": channel bandwidth setting applied. 
[I] Nov 14 22:32:33 ndm: Network::Interface::Mtk::WifiMaster: "WifiMaster1": TX burst enabled. 
[I] Nov 14 22:32:33 ndm: Network::Interface::Mtk::WifiMaster: "WifiMaster1": band steering enabled. 
[I] Nov 14 22:32:33 ndm: Network::Interface::Mtk::WifiMaster: "WifiMaster1": explicit beamforming enabled. 
[I] Nov 14 22:32:33 ndm: Network::Interface::Mtk::WifiMaster: "WifiMaster1": 11ax TWT enabled. 
[I] Nov 14 22:32:33 ndm: Network::Interface::Mtk::WifiMaster: "WifiMaster1": 11ac/ax downlink-mumimo enabled. 
[I] Nov 14 22:32:33 ndm: Network::Interface::Mtk::WifiMaster: "WifiMaster1": 11ax uplink-mumimo enabled. 
[I] Nov 14 22:32:33 ndm: Network::Interface::Mtk::WifiMaster: "WifiMaster1": 11ax spatial reuse enabled. 
[I] Nov 14 22:32:33 ndm: Network::Interface::Base: "WifiMaster1": "base" changed "conf" layer state "disabled" to "running". 
[I] Nov 14 22:32:33 ndm: Network::Interface::Base: "WifiMaster1": interface is up. 
[I] Nov 14 22:32:33 ndm: Network::Interface::Base: "WifiMaster1/AccessPoint0": renamed to "AccessPoint_5G". 
[I] Nov 14 22:32:33 ndm: Network::Interface::Base: "WifiMaster1/AccessPoint0": description saved. 
[I] Nov 14 22:32:33 ndm: Network::Interface::EthernetIp: "WifiMaster1/AccessPoint0": ACL type unchanged. 
[I] Nov 14 22:32:33 ndm: Network::Interface::L3Base: "WifiMaster1/AccessPoint0": security level set to "private". 
[I] Nov 14 22:32:33 ndm: Network::Interface::Wifi: "WifiMaster1/AccessPoint0": WPA PSK set. 
[I] Nov 14 22:32:33 ndm: Network::Interface::Mtk::AccessPoint: "WifiMaster1/AccessPoint0": wireless encryption enabled. 
[I] Nov 14 22:32:33 ndm: Network::Interface::Mtk::AccessPoint: "WifiMaster1/AccessPoint0": WPA2 enabled. 
[I] Nov 14 22:32:33 ndm: Dhcp::Client: WifiMaster1/AccessPoint0 DHCP client DNS host routes are enabled. 
[I] Nov 14 22:32:33 ndm: Dns::InterfaceSpecific: "WifiMaster1/AccessPoint0": accept IPv4 name servers. 
[I] Nov 14 22:32:33 ndm: Network::Interface::Wireless: "WifiMaster1/AccessPoint0": SSID saved. 
[I] Nov 14 22:32:33 ndm: Network::Interface::Mtk::AccessPoint: "WifiMaster1/AccessPoint0": WMM extensions enabled. 
[I] Nov 14 22:32:33 ndm: Network::Interface::Mtk::AccessPoint: "WifiMaster1/AccessPoint0": fast transition MDID set to "35". 
[I] Nov 14 22:32:33 ndm: Network::Interface::Mtk::AccessPoint: "WifiMaster1/AccessPoint0": fast transition enabled. 
[I] Nov 14 22:32:33 kernel: IPv6: ADDRCONF(NETDEV_UP): ra0: link is not ready
[I] Nov 14 22:32:33 ndm: Network::Interface::Base: "WifiMaster1/AccessPoint0": "base" changed "conf" layer state "disabled" to "running". 
[I] Nov 14 22:32:33 ndm: Network::Interface::Base: "WifiMaster1/AccessPoint0": interface is up. 
[I] Nov 14 22:32:33 ndm: Network::Interface::Base: "WifiMaster1/AccessPoint1": renamed to "GuestWiFi_5G". 
[I] Nov 14 22:32:33 ndm: Network::Interface::Base: "WifiMaster1/AccessPoint1": description saved. 
[I] Nov 14 22:32:33 ndm: Network::Interface::EthernetIp: "WifiMaster1/AccessPoint1": ACL type unchanged. 
[I] Nov 14 22:32:33 ndm: Network::Interface::L3Base: "WifiMaster1/AccessPoint1": security level set to "private". 
[I] Nov 14 22:32:33 ndm: Network::Interface::Mtk::AccessPoint: "WifiMaster1/AccessPoint1": wireless encryption disabled. 
[I] Nov 14 22:32:33 ndm: Dhcp::Client: WifiMaster1/AccessPoint1 DHCP client DNS host routes are enabled. 
[I] Nov 14 22:32:33 ndm: Dns::InterfaceSpecific: "WifiMaster1/AccessPoint1": accept IPv4 name servers. 
[I] Nov 14 22:32:33 ndm: Network::Interface::Wireless: "WifiMaster1/AccessPoint1": SSID saved. 
[I] Nov 14 22:32:33 ndm: Network::Interface::Mtk::AccessPoint: "WifiMaster1/AccessPoint1": RRM enabled. 
[I] Nov 14 22:32:33 ndm: Network::Interface::Mtk::AccessPoint: "WifiMaster1/AccessPoint1": BTM enabled. 
[I] Nov 14 22:32:33 ndm: Network::Interface::Mtk::AccessPoint: "WifiMaster1/AccessPoint1": fast transition MDID set to "X5". 
[I] Nov 14 22:32:33 ndm: Network::Interface::Mtk::AccessPoint: "WifiMaster1/AccessPoint1": fast transition enabled. 
[I] Nov 14 22:32:33 ndm: Network::Interface::AccessPoint: "WifiMaster1/AccessPoint1": set to follow WifiMaster0/AccessPoint1. 
[I] Nov 14 22:32:33 ndm: Network::Interface::Base: "WifiMaster1/AccessPoint1": interface is down. 
[I] Nov 14 22:32:33 ndm: Network::Interface::EthernetIp: "WifiMaster1/AccessPoint2": ACL type unchanged. 
[I] Nov 14 22:32:33 ndm: Network::Interface::L3Base: "WifiMaster1/AccessPoint2": security level set to "private". 
[I] Nov 14 22:32:33 ndm: Dhcp::Client: WifiMaster1/AccessPoint2 DHCP client DNS host routes are enabled. 
[I] Nov 14 22:32:33 ndm: Dns::InterfaceSpecific: "WifiMaster1/AccessPoint2": accept IPv4 name servers. 
[I] Nov 14 22:32:33 ndm: Network::Interface::Base: "WifiMaster1/AccessPoint2": interface is down. 
[I] Nov 14 22:32:33 ndm: Network::Interface::EthernetIp: "WifiMaster1/AccessPoint3": ACL type unchanged. 
[I] Nov 14 22:32:33 ndm: Network::Interface::L3Base: "WifiMaster1/AccessPoint3": security level set to "private". 
[I] Nov 14 22:32:33 ndm: Dhcp::Client: WifiMaster1/AccessPoint3 DHCP client DNS host routes are enabled. 
[I] Nov 14 22:32:33 ndm: Dns::InterfaceSpecific: "WifiMaster1/AccessPoint3": accept IPv4 name servers. 
[I] Nov 14 22:32:33 ndm: Network::Interface::Base: "WifiMaster1/AccessPoint3": interface is down. 
[I] Nov 14 22:32:33 ndm: Network::Interface::L3Base: "WifiMaster1/WifiStation0": security level set to "public". 
[I] Nov 14 22:32:33 ndm: Network::Interface::Mtk::WifiStation: "WifiMaster1/WifiStation0": wireless encryption disabled. 
[I] Nov 14 22:32:33 ndm: Dhcp::Client: WifiMaster1/WifiStation0 DHCP client DNS host routes are enabled. 
[I] Nov 14 22:32:33 ndm: Dns::InterfaceSpecific: "WifiMaster1/WifiStation0": accept IPv4 name servers. 
[I] Nov 14 22:32:33 ndm: Network::Interface::Base: "WifiMaster1/WifiStation0": interface is down. 
[I] Nov 14 22:32:33 ndm: Network::Interface::Base: "Bridge0": interface is down. 
[I] Nov 14 22:32:33 ndm: Network::Interface::Base: "Bridge0": network MTU reset to default. 
[I] Nov 14 22:32:33 ndm: Network::Interface::Base: "Bridge0": "base" changed "conf" layer state "disabled" to "running". 
[I] Nov 14 22:32:33 ndm: Network::Interface::Base: "Bridge0": interface is up. 
[I] Nov 14 22:32:33 ndm: Network::Interface::Repository: "Bridge0" interface created. 
[I] Nov 14 22:32:34 kernel: IPv6: ADDRCONF(NETDEV_CHANGE): ra0: link becomes ready
[I] Nov 14 22:32:34 ndm: Network::Interface::Base: "Bridge0": renamed to "Home". 
[I] Nov 14 22:32:34 ndm: Network::Interface::Base: "Bridge0": description saved. 
[I] Nov 14 22:32:34 kernel: br0: port 1(eth2.1) entered blocking state
[I] Nov 14 22:32:34 kernel: br0: port 1(eth2.1) entered disabled state
[I] Nov 14 22:32:34 kernel: device eth2.1 entered promiscuous mode
[I] Nov 14 22:32:34 kernel: device eth2 entered promiscuous mode
[I] Nov 14 22:32:34 kernel: br0: port 1(eth2.1) entered blocking state
[I] Nov 14 22:32:34 kernel: br0: port 1(eth2.1) entered forwarding state
[I] Nov 14 22:32:34 kernel: br0: disabled STP choke for port 1(eth2.1)
[I] Nov 14 22:32:34 ndm: Network::Interface::Base: "Bridge0": interface is up. 
[I] Nov 14 22:32:34 ndm: Network::Interface::L3Base: "Bridge0": global priority unchanged. 
[I] Nov 14 22:32:34 ndm: Network::Interface::L3Base: "Bridge0": global priority cleared. 
[I] Nov 14 22:32:34 ndm: Network::Interface::Ip: "Bridge0": IP address cleared. 
[I] Nov 14 22:32:34 ndm: Network::Interface::Ip: "Bridge0": IP address cleared. 
[I] Nov 14 22:32:34 ndm: Network::Interface::Mac: "Bridge0": backed up the default address 50:ff:20:7b:fd:6d of "Home" before changing. 
[I] Nov 14 22:32:34 kernel: br0: port 1(eth2.1) entered disabled state
[I] Nov 14 22:32:35 kernel: br0: port 1(eth2.1) entered blocking state
[I] Nov 14 22:32:35 kernel: br0: port 1(eth2.1) entered forwarding state
[I] Nov 14 22:32:35 ndm: Network::Interface::Mac: "Bridge0": MAC address is 50:ff:20:7b:fd:6d. 
[I] Nov 14 22:32:35 ndm: Network::Interface::Bridge: "Bridge0": GigabitEthernet0/Vlan1 inherited in Bridge0. 
[I] Nov 14 22:32:35 kernel: br0: port 2(ra5) entered blocking state
[I] Nov 14 22:32:35 kernel: br0: port 2(ra5) entered disabled state
[I] Nov 14 22:32:35 kernel: device ra5 entered promiscuous mode
[I] Nov 14 22:32:35 kernel: br0: port 2(ra5) entered blocking state
[I] Nov 14 22:32:35 kernel: br0: port 2(ra5) entered forwarding state
[I] Nov 14 22:32:35 kernel: br0: disabled STP choke for port 2(ra5)
[I] Nov 14 22:32:35 kernel: br0: port 2(ra5) entered disabled state
[I] Nov 14 22:32:35 kernel: br0: port 1(eth2.1) entered disabled state
[I] Nov 14 22:32:35 kernel: br0: port 2(ra5) entered blocking state
[I] Nov 14 22:32:35 kernel: br0: port 2(ra5) entered forwarding state
[I] Nov 14 22:32:35 kernel: br0: port 1(eth2.1) entered blocking state
[I] Nov 14 22:32:35 kernel: br0: port 1(eth2.1) entered forwarding state
[I] Nov 14 22:32:35 ndm: Network::Interface::Bridge: "Bridge0": AccessPoint included. 
[I] Nov 14 22:32:35 kernel: br0: port 3(ra0) entered blocking state
[I] Nov 14 22:32:35 kernel: br0: port 3(ra0) entered disabled state
[I] Nov 14 22:32:35 kernel: device ra0 entered promiscuous mode
[I] Nov 14 22:32:35 kernel: br0: port 3(ra0) entered blocking state
[I] Nov 14 22:32:35 kernel: br0: port 3(ra0) entered forwarding state
[I] Nov 14 22:32:35 kernel: br0: disabled STP choke for port 3(ra0)
[I] Nov 14 22:32:35 kernel: br0: port 3(ra0) entered disabled state
[I] Nov 14 22:32:35 kernel: br0: port 2(ra5) entered disabled state
[I] Nov 14 22:32:35 kernel: br0: port 1(eth2.1) entered disabled state
[I] Nov 14 22:32:35 kernel: br0: port 3(ra0) entered blocking state
[I] Nov 14 22:32:35 kernel: br0: port 3(ra0) entered forwarding state
[I] Nov 14 22:32:35 kernel: br0: port 2(ra5) entered blocking state
[I] Nov 14 22:32:35 kernel: br0: port 2(ra5) entered forwarding state
[I] Nov 14 22:32:35 kernel: br0: port 1(eth2.1) entered blocking state
[I] Nov 14 22:32:35 kernel: br0: port 1(eth2.1) entered forwarding state
[I] Nov 14 22:32:35 ndm: Network::Interface::Bridge: "Bridge0": AccessPoint_5G included. 
[I] Nov 14 22:32:35 ndm: Network::Interface::EthernetIp: "Bridge0": ACL type unchanged. 
[I] Nov 14 22:32:35 ndm: Network::Interface::L3Base: "Bridge0": security level set to "private". 
[I] Nov 14 22:32:35 ndm: Network::Interface::Ip: "Bridge0": IP address is 192.168.1.1/24. 
[I] Nov 14 22:32:35 ndm: Dhcp::Client: Bridge0 DHCP client DNS host routes are enabled. 
[I] Nov 14 22:32:35 ndm: Dns::InterfaceSpecific: "Bridge0": accept IPv4 name servers. 
[I] Nov 14 22:32:35 ndm: Igmp::Proxy: added downstream interface Bridge0. 
[I] Nov 14 22:32:35 ndm: Network::Interface::Mtk::Iapp: Bridge0 key applied. 
[I] Nov 14 22:32:35 ndm: Network::Interface::Base: "Bridge0": interface is up. 
[I] Nov 14 22:32:35 ndm: Network::Interface::Base: "Bridge1": interface is down. 
[I] Nov 14 22:32:35 ndm: Network::Interface::Base: "Bridge1": network MTU reset to default. 
[I] Nov 14 22:32:35 ndm: Network::Interface::Base: "Bridge1": "base" changed "conf" layer state "disabled" to "running". 
[I] Nov 14 22:32:35 ndm: Network::Interface::Base: "Bridge1": interface is up. 
[I] Nov 14 22:32:35 ndm: Network::Interface::Repository: "Bridge1" interface created. 
[I] Nov 14 22:32:36 ndm: Network::Interface::Base: "Bridge1": renamed to "Guest". 
[I] Nov 14 22:32:36 ndm: Network::Interface::Base: "Bridge1": description saved. 
[I] Nov 14 22:32:36 ndm: TrafficControl::Manager: "Bridge1" interface rate limited to 5120 kbit/s. 
[I] Nov 14 22:32:36 kernel: br1: port 1(eth2.3) entered blocking state
[I] Nov 14 22:32:36 kernel: br1: port 1(eth2.3) entered disabled state
[I] Nov 14 22:32:36 kernel: device eth2.3 entered promiscuous mode
[I] Nov 14 22:32:36 kernel: br1: port 1(eth2.3) entered blocking state
[I] Nov 14 22:32:36 kernel: br1: port 1(eth2.3) entered forwarding state
[I] Nov 14 22:32:36 kernel: br1: disabled STP choke for port 1(eth2.3)
[I] Nov 14 22:32:36 ndm: Network::Interface::Base: "Bridge1": interface is up. 
[I] Nov 14 22:32:36 ndm: Network::Interface::L3Base: "Bridge1": global priority unchanged. 
[I] Nov 14 22:32:36 ndm: Network::Interface::L3Base: "Bridge1": global priority cleared. 
[I] Nov 14 22:32:36 ndm: Network::Interface::Ip: "Bridge1": IP address cleared. 
[I] Nov 14 22:32:36 ndm: Network::Interface::Ip: "Bridge1": IP address cleared. 
[I] Nov 14 22:32:36 ndm: Network::Interface::Mac: "Bridge1": backed up the default address 50:ff:20:7b:fd:6d of "Guest" before changing. 
[I] Nov 14 22:32:36 kernel: br1: port 1(eth2.3) entered disabled state
[I] Nov 14 22:32:36 kernel: br1: port 1(eth2.3) entered blocking state
[I] Nov 14 22:32:36 kernel: br1: port 1(eth2.3) entered forwarding state
[I] Nov 14 22:32:36 ndm: Network::Interface::Mac: "Bridge1": MAC address is 50:ff:20:7b:fd:6d. 
[I] Nov 14 22:32:36 ndm: Network::Interface::Bridge: "Bridge1": GigabitEthernet0/Vlan3 inherited in Bridge1. 
[I] Nov 14 22:32:36 kernel: br1: port 2(ra6) entered blocking state
[I] Nov 14 22:32:36 kernel: br1: port 2(ra6) entered disabled state
[I] Nov 14 22:32:36 kernel: device ra6 entered promiscuous mode
[I] Nov 14 22:32:36 kernel: br1: disabled STP choke for port 2(ra6)
[I] Nov 14 22:32:36 kernel: br1: port 1(eth2.3) entered disabled state
[I] Nov 14 22:32:36 kernel: br1: port 1(eth2.3) entered blocking state
[I] Nov 14 22:32:36 kernel: br1: port 1(eth2.3) entered forwarding state
[I] Nov 14 22:32:36 ndm: Network::Interface::Bridge: "Bridge1": GuestWiFi included. 
[I] Nov 14 22:32:36 kernel: br1: port 3(ra1) entered blocking state
[I] Nov 14 22:32:36 kernel: br1: port 3(ra1) entered disabled state
[I] Nov 14 22:32:36 kernel: device ra1 entered promiscuous mode
[I] Nov 14 22:32:36 kernel: br1: disabled STP choke for port 3(ra1)
[I] Nov 14 22:32:36 kernel: br1: port 1(eth2.3) entered disabled state
[I] Nov 14 22:32:36 kernel: br1: port 1(eth2.3) entered blocking state
[I] Nov 14 22:32:36 kernel: br1: port 1(eth2.3) entered forwarding state
[I] Nov 14 22:32:36 ndm: Network::Interface::Bridge: "Bridge1": GuestWiFi_5G included. 
[I] Nov 14 22:32:36 ndm: Network::Interface::EthernetIp: "Bridge1": ACL type unchanged. 
[I] Nov 14 22:32:36 ndm: Network::Interface::Mtk::AccessPoint: "WifiMaster0/AccessPoint1": peer isolation enabled. 
[I] Nov 14 22:32:36 ndm: Network::Interface::Mtk::AccessPoint: "WifiMaster1/AccessPoint1": peer isolation enabled. 
[I] Nov 14 22:32:36 ndm: Network::Interface::EthernetIp: "Bridge1": peer isolation enabled. 
[I] Nov 14 22:32:36 ndm: Network::Interface::L3Base: "Bridge1": security level set to "protected". 
[I] Nov 14 22:32:36 ndm: Network::Interface::Bridge: "Bridge1": set enhanced address "52:ff:20:7b:fd:6c". 
[I] Nov 14 22:32:36 ndm: Network::Interface::Mac: "GigabitEthernet0/Vlan3": backed up the default address 50:ff:20:7b:fd:6d of "GigabitEthernet0/Vlan3" before changing. 
[I] Nov 14 22:32:36 kernel: br1: port 1(eth2.3) entered disabled state
[I] Nov 14 22:32:36 kernel: br1: port 1(eth2.3) entered blocking state
[I] Nov 14 22:32:36 kernel: br1: port 1(eth2.3) entered forwarding state
[I] Nov 14 22:32:36 kernel: br1: port 1(eth2.3) entered disabled state
[I] Nov 14 22:32:36 kernel: br1: port 1(eth2.3) entered blocking state
[I] Nov 14 22:32:36 kernel: br1: port 1(eth2.3) entered forwarding state
[I] Nov 14 22:32:36 ndm: Network::Interface::Mac: "Bridge1": MAC address is 52:ff:20:7b:fd:6c. 
[I] Nov 14 22:32:36 ndm: Network::Interface::Ip: "Bridge1": IP address is 10.1.30.1/24. 
[I] Nov 14 22:32:36 ndm: Dhcp::Client: Bridge1 DHCP client DNS host routes are enabled. 
[I] Nov 14 22:32:36 ndm: Dns::InterfaceSpecific: "Bridge1": accept IPv4 name servers. 
[I] Nov 14 22:32:36 ndm: Network::Interface::Mtk::Iapp: Bridge1 key applied. 
[I] Nov 14 22:32:36 kernel: br1: port 1(eth2.3) entered disabled state
[I] Nov 14 22:32:37 ndm: Network::Interface::Base: "Bridge1": "base" changed "conf" layer state "running" to "disabled". 
[I] Nov 14 22:32:37 ndm: Network::Interface::Base: "Bridge1": interface is down. 
[I] Nov 14 22:32:37 ndm: Dhcp::Pool: "_WEBADMIN": assigned IP address range 192.168.1.33 to 192.168.1.152. 
[I] Nov 14 22:32:37 ndm: Dhcp::Server: pool "_WEBADMIN" bound to interface Home. 
[I] Nov 14 22:32:37 ndm: Dhcp::Server: pool "_WEBADMIN" is enabled. 
[I] Nov 14 22:32:37 ndm: Dhcp::Pool: "_WEBADMIN_GUEST_AP": assigned IP address range 10.1.30.33 to 10.1.30.152. 
[I] Nov 14 22:32:37 ndm: Dhcp::Server: pool "_WEBADMIN_GUEST_AP" bound to interface Guest. 
[I] Nov 14 22:32:37 ndm: Dhcp::Server: pool "_WEBADMIN_GUEST_AP" is enabled. 
[I] Nov 14 22:32:37 ndm: Http::Manager: port unchanged. 
[I] Nov 14 22:32:37 ndm: Http::Manager: security level set to public SSL. 
[I] Nov 14 22:32:37 ndm: Http::Manager: bruteforce detection is enabled. 
[I] Nov 14 22:32:37 ndm: Http::Manager: bruteforce detection is reconfigured. 
[I] Nov 14 22:32:37 ndm: Http::Manager: enabled SSL service. 
[I] Nov 14 22:32:37 ndm: Http::Manager: enabled SSL redirect. 
[I] Nov 14 22:32:37 ndm: Http::Manager: WebDAV security level set to public. 
[I] Nov 14 22:32:37 ndm: WebDav::Server: enabled. 
[I] Nov 14 22:32:37 ndm: Network::Nat: a NAT rule added. 
[I] Nov 14 22:32:37 ndm: Network::Nat: a NAT rule added. 
[I] Nov 14 22:32:37 ndm: Telnet::Server: port unchanged. 
[I] Nov 14 22:32:37 ndm: Telnet::Server: security level unchanged. 
[I] Nov 14 22:32:37 ndm: Telnet::Server: bruteforce detection is reconfigured. 
[I] Nov 14 22:32:37 ndm: Ssh::Manager: port unchanged. 
[I] Nov 14 22:32:37 ndm: Ssh::Manager: security level unchanged. 
[I] Nov 14 22:32:37 ndm: Ssh::Manager: bruteforce detection is reconfigured. 
[I] Nov 14 22:32:37 ndm: Ssh::Manager: enabled SFTP server. 
[I] Nov 14 22:32:37 ndm: Ftp::Server: security level unchanged. 
[I] Nov 14 22:32:37 ndm: Ftp::Server: bruteforce detection is reconfigured. 
[I] Nov 14 22:32:37 ndm: Network::Ip6::Subnets: created subnet "Default". 
[I] Nov 14 22:32:37 ndm: Network::Ip6::Subnets: interface "Home" bound to subnet "Default". 
[I] Nov 14 22:32:37 ndm: Network::Ip6::Subnets: subnet "Default" enabled as SLAAC. 
[I] Nov 14 22:32:37 ndm: Network::Ip6::Subnets: number 0 assigned to subnet "Default". 
[I] Nov 14 22:32:37 ndm: Network::Ip6::Prefixes: default ULA prefix enabled. 
[I] Nov 14 22:32:37 ndm: Network::Interface::Mtk::Ppe: software PPE enabled. 
[I] Nov 14 22:32:37 ndm: Network::Interface::Mtk::Ppe: hardware PPE enabled. 
[I] Nov 14 22:32:37 ndm: UPnP::Manager: using LAN interface: Bridge0. 
[I] Nov 14 22:32:37 ndm: Ntce::Manager: set category "calling" priority to "1". 
[I] Nov 14 22:32:37 ndm: Ntce::Manager: set category "gaming" priority to "2". 
[I] Nov 14 22:32:37 ndm: Ntce::Manager: set category "streaming" priority to "3". 
[I] Nov 14 22:32:37 ndm: Ntce::Manager: set category "work" priority to "4". 
[I] Nov 14 22:32:37 ndm: Ntce::Manager: set category "surfing" priority to "5". 
[I] Nov 14 22:32:37 ndm: Ntce::Manager: set category "other" priority to "6". 
[I] Nov 14 22:32:37 ndm: Ntce::Manager: set category "filetransfering" priority to "7". 
[I] Nov 14 22:32:37 ndm: Torrent::Client: RPC port unchanged. 
[I] Nov 14 22:32:37 ndm: Torrent::Client: peer port unchanged. 
[I] Nov 14 22:32:37 ndm: Torrent::Client: peer port changed to 51413. 
[I] Nov 14 22:32:37 ndm: Dhcp::Server: service enabled. 
[I] Nov 14 22:32:37 ndm: Dns::Manager: DNS proxy enabled. 
[I] Nov 14 22:32:37 ndm: Igmp::Proxy: IGMP proxy enabled. 
[I] Nov 14 22:32:37 ndm: Http::Manager: HTTP service was enabled. 
[I] Nov 14 22:32:37 ndm: Ftp::Server: enabled. 
[I] Nov 14 22:32:37 ndm: Cifs::ServerTsmb: enabled. 
[I] Nov 14 22:32:37 ndm: Telnet::Server: telnet server enabled. 
[I] Nov 14 22:32:37 ndm: Ssh::Manager: SSH server enabled. 
[I] Nov 14 22:32:37 ndm: Ntp::Server: enabled. 
[I] Nov 14 22:32:37 ndm: Ntp::Client: NTP service enabled. 
[I] Nov 14 22:32:37 ndm: Cifs::ServerTsmb: automount enabled. 
[I] Nov 14 22:32:37 ndm: Cifs::ServerTsmb: permissive mode enabled. 
[I] Nov 14 22:32:37 ndm: Dlna::Server: port unchanged. 
[I] Nov 14 22:32:37 ndm: Dlna::Server: set a display name. 
[I] Nov 14 22:32:37 ndm: Dns::Manager: enabled rebind protection. 
[I] Nov 14 22:32:37 ndm: EasyConfig::Manager: disabled. 
[I] Nov 14 22:32:37 ndm: Components::Manager: auto-update channel is "stable". 
[I] Nov 14 22:32:37 ndm: CloudControl2::Agent: security level unchanged. 
[I] Nov 14 22:32:37 ndm: Core::Server: system ready, core startup time is 25 seconds. 
[I] Nov 14 22:32:37 ndm: Network::Interface::Base: "Bridge0": "ethernet" changed "link" layer state "pending" to "running". 
[I] Nov 14 22:32:37 ndm: Ntce::Database: cleared classification data. 
[I] Nov 14 22:32:37 ndm: Core::Syslog: last message repeated 4 times.
[I] Nov 14 22:32:37 ndm: Network::Interface::Base: "WifiMaster0": "wifi-radio" changed "link" layer state "pending" to "running". 
[I] Nov 14 22:32:37 ndm: Network::Interface::Base: "WifiMaster1": "wifi-radio" changed "link" layer state "pending" to "running". 
[I] Nov 14 22:32:37 kernel: br0: port 4(ra9.1) entered blocking state
[I] Nov 14 22:32:37 kernel: br0: port 4(ra9.1) entered disabled state
[I] Nov 14 22:32:37 kernel: device ra9.1 entered promiscuous mode
[I] Nov 14 22:32:37 kernel: device ra9 entered promiscuous mode
[I] Nov 14 22:32:37 kernel: br0: port 4(ra9.1) entered blocking state
[I] Nov 14 22:32:37 kernel: br0: port 4(ra9.1) entered forwarding state
[I] Nov 14 22:32:37 kernel: br0: port 5(ra4.1) entered blocking state
[I] Nov 14 22:32:37 kernel: br0: port 5(ra4.1) entered disabled state
[I] Nov 14 22:32:37 kernel: device ra4.1 entered promiscuous mode
[I] Nov 14 22:32:37 kernel: device ra4 entered promiscuous mode
[I] Nov 14 22:32:37 kernel: br0: port 5(ra4.1) entered blocking state
[I] Nov 14 22:32:37 kernel: br0: port 5(ra4.1) entered forwarding state
[I] Nov 14 22:32:37 ndm: Ntce::Database: cleared classification data. 
[I] Nov 14 22:32:37 ndm: Network::Interface::Mtk::AccessPoint: "WifiMaster0/AccessPoint0": peer isolation disabled. 
[I] Nov 14 22:32:37 ndm: Network::Interface::Mtk::AccessPoint: "WifiMaster1/AccessPoint0": peer isolation disabled. 
[I] Nov 14 22:32:37 ndm: Ntce::Database: cleared classification data. 
[I] Nov 14 22:32:37 ndm: Network::Interface::Base: "WifiMaster1/AccessPoint1": schedule cleared. 
[I] Nov 14 22:32:37 ndm: Network::Interface::Wireless: "WifiMaster1/AccessPoint1": SSID saved. 
[I] Nov 14 22:32:37 ndm: Network::Interface::Mtk::AccessPoint: "WifiMaster1/AccessPoint1": SSID broadcasting enabled. 
[I] Nov 14 22:32:37 ndm: Network::Interface::Wifi: "WifiMaster1/AccessPoint1": WPA PSK set. 
[I] Nov 14 22:32:37 ndm: Network::Interface::Mtk::AccessPoint: "WifiMaster1/AccessPoint1": wireless encryption disabled. 
[I] Nov 14 22:32:37 ndm: Network::Interface::Mtk::AccessPoint: "WifiMaster1/AccessPoint1": WPA disabled. 
[I] Nov 14 22:32:37 ndm: Network::Interface::Mtk::AccessPoint: "WifiMaster1/AccessPoint1": WPA2 disabled. 
[I] Nov 14 22:32:37 ndm: Network::Interface::Mtk::AccessPoint: "WifiMaster1/AccessPoint1": WPA3 disabled. 
[I] Nov 14 22:32:37 ndm: Network::Interface::Mtk::AccessPoint: "WifiMaster1/AccessPoint1": OWE disabled. 
[I] Nov 14 22:32:37 ndm: Network::Interface::Mtk::AccessPoint: "WifiMaster1/AccessPoint1": RRM enabled. 
[I] Nov 14 22:32:37 ndm: Network::Interface::Mtk::AccessPoint: "WifiMaster1/AccessPoint1": BTM enabled. 
[I] Nov 14 22:32:37 ndm: Network::Interface::Mtk::AccessPoint: "WifiMaster1/AccessPoint1": fast transition enabled. 
[I] Nov 14 22:32:37 ndm: Network::Interface::Mtk::AccessPoint: "WifiMaster1/AccessPoint1": fast transition MDID set to "X5". 
[I] Nov 14 22:32:37 kernel: br1: port 4(ra9.2) entered blocking state
[I] Nov 14 22:32:37 kernel: br1: port 4(ra9.2) entered disabled state
[I] Nov 14 22:32:37 kernel: device ra9.2 entered promiscuous mode
[I] Nov 14 22:32:37 kernel: br1: port 5(ra4.2) entered blocking state
[I] Nov 14 22:32:37 kernel: br1: port 5(ra4.2) entered disabled state
[I] Nov 14 22:32:37 kernel: device ra4.2 entered promiscuous mode
[I] Nov 14 22:32:37 ndm: Ntce::Database: cleared classification data. 
[I] Nov 14 22:32:37 ndm: Network::Interface::Mtk::AccessPoint: "WifiMaster0/AccessPoint1": peer isolation enabled. 
[I] Nov 14 22:32:37 ndm: Network::Interface::Mtk::AccessPoint: "WifiMaster1/AccessPoint1": peer isolation enabled. 
[I] Nov 14 22:32:37 ndm: Ntce::Database: cleared classification data. 
[I] Nov 14 22:32:37 ndm: Network::Interface::Base: "WifiMaster1/AccessPoint0": "wifi" changed "link" layer state "pending" to "running". 
[I] Nov 14 22:32:37 ndm: Network::Interface::Base: "WifiMaster0/AccessPoint0": "wifi" changed "link" layer state "pending" to "running". 
[I] Nov 14 22:32:37 ndm: Network::Interface::Base: "Bridge0": "ip6" changed "ipv6" layer state "disabled" to "running". 
[I] Nov 14 22:32:37 ndm: Usb::Hotplug::Manager: scanning hardware... 
[I] Nov 14 22:32:38 ndm: Usb::Hotplug::Manager: scanning hardware: done. 
[I] Nov 14 22:32:38 ndm: Core::System::DriverManager: loading /lib/modules/4.9-ndm-5/xhci-hcd.ko. 
[I] Nov 14 22:32:38 ndm: Core::System::DriverManager: loading /lib/modules/4.9-ndm-5/xhci-mtk.ko. 
[I] Nov 14 22:32:38 kernel: xhci-mtk xhci-mtk: xHCI Host Controller
[I] Nov 14 22:32:38 kernel: xhci-mtk xhci-mtk: new USB bus registered, assigned bus number 1
[I] Nov 14 22:32:38 kernel: EN7528 USB PHY config
[I] Nov 14 22:32:38 kernel: U2PHY P0 set SRCTRL calibration value: 5
[I] Nov 14 22:32:38 kernel: U2PHY P1 set SRCTRL calibration value: 5
[I] Nov 14 22:32:38 kernel: xhci-mtk xhci-mtk: hcc params 0x01400f98 hci version 0x110 quirks 0x00210810
[I] Nov 14 22:32:38 kernel: xhci-mtk xhci-mtk: irq 10, io mem 0x1fb90000
[I] Nov 14 22:32:38 kernel: usb usb1: New USB device found, idVendor=1d6b, idProduct=0002, bcdDevice= 4.09
[I] Nov 14 22:32:38 kernel: usb usb1: New USB device strings: Mfr=3, Product=2, SerialNumber=1
[I] Nov 14 22:32:38 kernel: usb usb1: Product: xHCI Host Controller
[I] Nov 14 22:32:38 kernel: usb usb1: Manufacturer: Linux 4.9-ndm-5 xhci-hcd
[I] Nov 14 22:32:38 kernel: usb usb1: SerialNumber: xhci-mtk
[I] Nov 14 22:32:38 kernel: hub 1-0:1.0: USB hub found
[I] Nov 14 22:32:38 kernel: hub 1-0:1.0: 2 ports detected
[I] Nov 14 22:32:38 kernel: xhci-mtk xhci-mtk: xHCI Host Controller
[I] Nov 14 22:32:38 kernel: xhci-mtk xhci-mtk: new USB bus registered, assigned bus number 2
[I] Nov 14 22:32:38 kernel: xhci-mtk xhci-mtk: Host supports USB 3.1 Enhanced SuperSpeed
[I] Nov 14 22:32:38 kernel: usb usb2: New USB device found, idVendor=1d6b, idProduct=0003, bcdDevice= 4.09
[I] Nov 14 22:32:38 kernel: usb usb2: New USB device strings: Mfr=3, Product=2, SerialNumber=1
[I] Nov 14 22:32:38 kernel: usb usb2: Product: xHCI Host Controller
[I] Nov 14 22:32:38 kernel: usb usb2: Manufacturer: Linux 4.9-ndm-5 xhci-hcd
[I] Nov 14 22:32:38 kernel: usb usb2: SerialNumber: xhci-mtk
[I] Nov 14 22:32:38 kernel: hub 2-0:1.0: USB hub found
[I] Nov 14 22:32:38 kernel: hub 2-0:1.0: 1 port detected
[I] Nov 14 22:32:38 kernel: Disable SMB fastpath
[I] Nov 14 22:32:38 kernel: Enable SMB fastpath for 192.168.1.1/255.255.255.0
[I] Nov 14 22:32:38 ndm: Http::Manager: disabled NDMP passthrough. 
[I] Nov 14 22:32:38 ndm: Core::System::DriverManager: loading /lib/modules/4.9-ndm-5/igmpsn.ko. 
[I] Nov 14 22:32:38 kernel: igmpsn: NDM IGMP Switch Snooping Module, v4.3.5
[I] Nov 14 22:32:38 ndm: Network::Interface::Mtk::WifiMaster: "WifiMaster1": auto channel mode set. 
[I] Nov 14 22:32:38 ndm: Network::Interface::Mtk::WifiMaster: "WifiMaster0": auto channel mode set. 
[I] Nov 14 22:32:38 ndm: Ntce::Database: limiting dataset count to 3865. 
[I] Nov 14 22:32:38 ndm: Network::Interface::Mtk::Ppe: WHNAT is supported. 
[I] Nov 14 22:32:38 ndm: Hotspot::Discovery::Explorer: "Bridge0": Interface Bridge0 IPv4 neighbour explorer started. 
[I] Nov 14 22:32:38 ndm: Http::Nginx: loaded SSL certificate for "83290548161b0772886ea313.keenetic.io". 
[W] Nov 14 22:32:39 pure-ftpd: (?@?) [WARNING] Starting with an ACL support feature. 
[I] Nov 14 22:32:39 telnetd: waiting for connections... 
[I] Nov 14 22:32:39 dropbear: Started version 2022.82-1 
[I] Nov 14 22:32:39 dropbear: Enabled SFTP service 
[I] Nov 14 22:32:39 ndm: Core::Server: started Session /var/run/ndm.core.socket. 
[I] Nov 14 22:32:39 ndm: Core::Session: client disconnected. 
[I] Nov 14 22:32:39 coalagent: version 0.4.60 starting on 192.168.1.1. 
[I] Nov 14 22:32:39 ndm: Http::Manager: updated configuration. 
[I] Nov 14 22:32:39 ndm: Core::System::DriverManager: loading /lib/modules/4.9-ndm-5/hw_nat.ko. 
[I] Nov 14 22:32:39 kernel: EcoNet HW NAT 5.0.5.0-en-41 Module Enabled, FoE Size: 16384
[I] Nov 14 22:32:39 ndm: Core::System::DriverManager: loading /lib/modules/4.9-ndm-5/fastvpn.ko. 
[I] Nov 14 22:32:39 wind: version 1.0.4 started on br0. 
[I] Nov 14 22:32:39 kernel: fastvpn: sizeof(bind) = 264
[I] Nov 14 22:32:39 kernel: fastvpn: sizeof(hashent) = 88
[I] Nov 14 22:32:39 radvd[559]: version 2.15 started 
[I] Nov 14 22:32:39 kernel: fastvpn: registered
