<?xml version="1.0" encoding="UTF-8"?>
<selftest xmlns="https://www.keenetic.com/ns/ndm" version="0.1">
    <!-- cat -->
    <file name="ndm:sharing-config">
        <![CDATA[
! $$$ Model: Keenetic Hero 4G+
! $$$ Version: 2.06.1
! $$$ Agent: http/rci
! $$$ Md5 checksum: ed754ff56e8346db826016d59d4fc974
! $$$ Last change: Wed, 12 Jul 2023 17:14:01 GMT
! $$$ Username: admin

system
    set net.ipv4.ip_forward 1
    set net.ipv4.tcp_fin_timeout 30
    set net.ipv4.tcp_keepalive_time 120
    set net.ipv4.neigh.default.gc_thresh1 256
    set net.ipv4.neigh.default.gc_thresh2 1024
    set net.ipv4.neigh.default.gc_thresh3 2048
    set net.ipv6.neigh.default.gc_thresh1 256
    set net.ipv6.neigh.default.gc_thresh2 1024
    set net.ipv6.neigh.default.gc_thresh3 2048
    set net.netfilter.nf_conntrack_tcp_timeout_established 1200
    set net.netfilter.nf_conntrack_max 16384
    set vm.swappiness 60
    set vm.overcommit_memory 0
    set vm.vfs_cache_pressure 1000
    set net.ipv6.conf.all.forwarding 1
    domainname WORKGROUP
    hostname Keenetic-8617
    caption default
    ndss dump-report no disable
!
schedule schedule0
    description "\xd0\xa0\xd0\xb0\xd1\x81\xd0\xbf\xd0\xb8\xd1\x81\xd0\xb0\xd0\xbd\xd0\xb8\xd0\xb5 \xd0\xb0\xd0\xb2\xd1\x82\xd0\xbe\xd0\xbe\xd0\xb1\xd0\xbd\xd0\xbe\xd0\xb2\xd0\xbb\xd0\xb5\xd0\xbd\xd0\xb8\xd1\x8f"
    action start 0 7 0,2,3,4,5,6
    action stop 0 9 0,2,3,4,5,6
!
known host Galaxy-Tab-S6 12:d5:6f:09:17:5b
known host S21-pol-zovatela-Mihail 16:49:47:2d:80:b6
known host DESKTOP-HS7M4VT 1c:bf:ce:4e:cd:2f
known host Z-Flip4-pol-zovatela-Ol-ga 66:91:73:fa:3b:d9
known host we1626 78:a3:51:65:9c:06
known host Galaxy-A5-2016 90:06:28:51:80:d5
known host S21-Ultra-pol-zovatela-Viktoo 96:e1:50:a7:17:d2
known host Galaxy-A21s-pol-zovatela-Nina aa:2a:9f:74:86:9f
known host S20-pol-zovatela-Ol-ga ba:85:d7:1b:54:c7
access-list _WEBADMIN_UsbLte0
    permit tcp 0.0.0.0 0.0.0.0 0.0.0.0 0.0.0.0
    auto-delete
! 
isolate-private
user admin
    password md5 ***
    password nt ***
    tag cli
    tag http
    tag cifs
    tag printers
    tag webdav
!
dyndns profile _WEBADMIN
!
interface GigabitEthernet0
    up
!
interface GigabitEthernet0/0
    rename 1
    switchport mode access
    switchport access vlan 1
    up
!
interface GigabitEthernet0/1
    rename 2
    switchport mode access
    switchport access vlan 1
    up
!
interface GigabitEthernet0/2
    rename 3
    switchport mode access
    switchport access vlan 1
    up
!
interface GigabitEthernet0/Vlan1
    description "Home VLAN"
    security-level private
    ip dhcp client dns-routes
    ip name-servers
    up
!
interface GigabitEthernet0/Vlan3
    security-level public
    ip dhcp client dns-routes
    ip name-servers
    up
!
interface GigabitEthernet1
    rename ISP
    description "Ethernet-\xd0\xbf\xd0\xbe\xd0\xb4\xd0\xba\xd0\xbb\xd1\x8e\xd1\x87\xd0\xb5\xd0\xbd\xd0\xb8\xd0\xb5"
    mac address factory wan
    security-level public
    ip address dhcp
    ip dhcp client hostname Keenetic-8617
    ip dhcp client dns-routes
    ip mtu 1500
    ip global 33167
    ip name-servers
    igmp upstream
    ipv6 address auto
    ipv6 prefix auto
    ipv6 name-servers
    up
!
interface GigabitEthernet1/0
    rename 0
    up
!
interface WifiMaster0
    country-code RU
    compatibility BGN+AX
    channel 7
    channel width 40-below
    tx-burst
    rekey-interval 86400
    beamforming explicit
    vht
    downlink-mumimo
    uplink-mumimo
    spatial-reuse
    up
!
interface WifiMaster0/AccessPoint0
    rename AccessPoint
    description "Wi-Fi access point"
    mac access-list type none
    security-level private
    wps
    wps no auto-self-pin
    authentication wpa-psk ns3 ***
    encryption enable
    encryption wpa2
    ip dhcp client dns-routes
    ip name-servers
    ssid "Dacha 20"
    wmm
    rrm
    ft mdid vU
    ft enable
    up
!
interface WifiMaster0/AccessPoint1
    rename GuestWiFi
    description "Guest access point"
    mac access-list type none
    security-level private
    ip dhcp client dns-routes
    ip name-servers
    ssid Guest
    wmm
    rrm
    ft mdid PU
    ft enable
    down
!
interface WifiMaster0/AccessPoint2
    mac access-list type none
    security-level private
    ip dhcp client dns-routes
    ip name-servers
    down
!
interface WifiMaster0/AccessPoint3
    mac access-list type none
    security-level private
    ip dhcp client dns-routes
    ip name-servers
    down
!
interface WifiMaster0/WifiStation0
    security-level public
    authentication wpa-psk ns3 ***
    encryption enable
    encryption wpa2
    ip address dhcp
    ip dhcp client hostname Keenetic-8617
    ip dhcp client dns-routes
    ip global 48844
    ip name-servers
    ssid "Dacha 20"
    up
!
interface WifiMaster1
    country-code RU
    compatibility AN+AC+AX
    channel width 40-above/80
    tx-burst
    rekey-interval 86400
    band-steering
    beamforming explicit
    target-waketime
    downlink-mumimo
    uplink-mumimo
    spatial-reuse
    up
!
interface WifiMaster1/AccessPoint0
    rename AccessPoint_5G
    description "5GHz Wi-Fi access point"
    mac access-list type none
    security-level private
    wps
    wps no auto-self-pin
    authentication wpa-psk ns3 ***
    encryption enable
    encryption wpa2
    ip dhcp client dns-routes
    ip name-servers
    ssid "Dacha 20"
    wmm
    rrm
    ft mdid vU
    ft enable
    follow AccessPoint
    up
!
interface WifiMaster1/AccessPoint1
    rename GuestWiFi_5G
    description "5GHz Guest access point"
    mac access-list type none
    security-level private
    encryption disable
    ip dhcp client dns-routes
    ip name-servers
    ssid Guest
    rrm
    ft mdid PU
    ft enable
    follow GuestWiFi
    down
!
interface WifiMaster1/AccessPoint2
    mac access-list type none
    security-level private
    ip dhcp client dns-routes
    ip name-servers
    down
!
interface WifiMaster1/AccessPoint3
    mac access-list type none
    security-level private
    ip dhcp client dns-routes
    ip name-servers
    down
!
interface WifiMaster1/WifiStation0
    security-level public
    encryption disable
    ip dhcp client dns-routes
    ip name-servers
    down
!
interface UsbLte0
    description "\xd0\x9e\xd0\xbf\xd0\xb5\xd1\x80\xd0\xb0\xd1\x82\xd0\xbe\xd1\x80 \xd0\xbc\xd0\xbe\xd0\xb1\xd0\xb8\xd0\xbb\xd1\x8c\xd0\xbd\xd0\xbe\xd0\xb9 \xd1\x81\xd0\xb2\xd1\x8f\xd0\xb7\xd0\xb8"
    usb device-id 2c7c 6004
    usb acq lte
    security-level public
    mobile pdp ipv4v6
    mobile umts disable-band 1
    mobile umts disable-band 5
    mobile umts disable-band 8
    mobile lte disable-band 1
    mobile lte disable-band 5
    mobile lte disable-band 8
    mobile lte disable-band 20
    mobile lte disable-band 28
    mobile lte disable-band 38
    mobile lte disable-band 40
    mobile lte disable-band 41
    traffic-counter enable
    traffic-counter limit 350 GiB
    traffic-counter threshold 90
    traffic-counter monthly 1
    ip address dhcp
    ip dhcp client dns-routes
    ip access-group _WEBADMIN_UsbLte0 in
    ip global 64522
    ip name-servers
    ipv6 address auto
    ipv6 prefix auto
    ipv6 name-servers
    up
!
interface Bridge0
    rename Home
    description "Dacha 20"
    inherit GigabitEthernet0/Vlan1
    include AccessPoint
    include AccessPoint_5G
    mac access-list type none
    security-level private
    ip address 192.168.1.1 255.255.255.0
    ip dhcp client dns-routes
    ip name-servers
    igmp downstream
    iapp key ns3 ***
    up
!
interface Bridge1
    rename Guest
    description "Guest network"
    traffic-shape rate 5120
    include GigabitEthernet0/Vlan3
    include GuestWiFi
    include GuestWiFi_5G
    mac access-list type none
    peer-isolation
    security-level protected
    ip address 10.1.30.1 255.255.255.0
    ip dhcp client dns-routes
    ip name-servers
    iapp key ns3 ***
    down
!
ip dhcp pool _WEBADMIN
    range 192.168.1.33 192.168.1.152
    lease 25200
    bind Home
    enable
!
ip dhcp pool _WEBADMIN_GUEST_AP
    range 10.1.30.33 10.1.30.152
    bind Guest
    enable
!
ip http security-level private
ip http lockout-policy 5 15 3
ip http ssl enable
ip http ssl redirect
ip http webdav
    security-level public
!
ip nat Home
ip nat Guest
ip telnet
    security-level private
    lockout-policy 5 15 3
!
ip hotspot
    policy Home permit
    host 66:91:73:fa:3b:d9 permit
    host aa:2a:9f:74:86:9f permit
    host 90:06:28:51:80:d5 permit
    host 96:e1:50:a7:17:d2 permit
    host 12:d5:6f:09:17:5b permit
    host 78:a3:51:65:9c:06 permit
    host ba:85:d7:1b:54:c7 permit
    host 1c:bf:ce:4e:cd:2f permit
    host 16:49:47:2d:80:b6 permit
!
ipv6 subnet Default
    bind Home
    mode slaac
    prefix length 64
    number 0
!
ppe software
ppe hardware
upnp lan Home
service dhcp
service dns-proxy
service igmp-proxy
service http
service cifs
service telnet
service ntp
service upnp
cifs
    automount
    permissive
!
dns-proxy
    rebind-protect auto
    filter engine public
!
mdns
    reflector disable
!
easyconfig disable
components
    auto-update no disable
    auto-update channel stable
    auto-update schedule schedule0
!
cloud control2 security-level public
!

]]>
    </file>
    <file name="ndm:log">
        <![CDATA[
[I] Jan  1 00:00:04 kernel: Linux version 4.9-ndm-5 (developers@keenetic.com) (gcc version 12.3.0 (crosstool-NG 1.24.0-rc2-ndm-28-1 - NDMS Toolkit 1.0.0) ) #0 SMP Wed Oct 4 18:11:49 2023
[I] Jan  1 00:00:04 kernel: MediaTek SoC: MT7621A, RevID: 0103, RAM: DDR3, XTAL: 40MHz
[I] Jan  1 00:00:04 kernel: CPU/OCP/SYS frequency: 880/293/220 MHz
[I] Jan  1 00:00:04 kernel: SoC power status: software reset
[I] Jan  1 00:00:04 kernel: bootconsole [early0] enabled
[I] Jan  1 00:00:04 kernel: CPU0 revision is: 0001992f (MIPS 1004Kc)
[I] Jan  1 00:00:04 kernel: Determined physical RAM map:
[I] Jan  1 00:00:04 kernel:  memory: 10000000 @ 00000000 (usable)
[I] Jan  1 00:00:04 kernel: VPE topology {2,2} total 4
[I] Jan  1 00:00:04 kernel: Primary instruction cache 32kB, VIPT, 4-way, linesize 32 bytes.
[I] Jan  1 00:00:04 kernel: Primary data cache 32kB, 4-way, PIPT, no aliases, linesize 32 bytes
[I] Jan  1 00:00:04 kernel: MIPS secondary cache 256kB, 8-way, linesize 32 bytes.
[I] Jan  1 00:00:04 kernel: Zone ranges:
[I] Jan  1 00:00:04 kernel:   DMA      [mem 0x0000000000000000-0x0000000000ffffff]
[I] Jan  1 00:00:04 kernel:   Normal   [mem 0x0000000001000000-0x000000000fffffff]
[I] Jan  1 00:00:04 kernel: Movable zone start for each node
[I] Jan  1 00:00:04 kernel: Early memory node ranges
[I] Jan  1 00:00:04 kernel:   node   0: [mem 0x0000000000000000-0x000000000fffffff]
[I] Jan  1 00:00:04 kernel: Initmem setup node 0 [mem 0x0000000000000000-0x000000000fffffff]
[I] Jan  1 00:00:04 kernel: On node 0 totalpages: 65536
[I] Jan  1 00:00:04 kernel: free_area_init_node: node 0, pgdat 814ac340, node_mem_map 814f9000
[I] Jan  1 00:00:04 kernel:   DMA zone: 32 pages used for memmap
[I] Jan  1 00:00:04 kernel:   DMA zone: 0 pages reserved
[I] Jan  1 00:00:04 kernel:   DMA zone: 4096 pages, LIFO batch:0
[I] Jan  1 00:00:04 kernel:   Normal zone: 480 pages used for memmap
[I] Jan  1 00:00:04 kernel:   Normal zone: 61440 pages, LIFO batch:15
[I] Jan  1 00:00:04 kernel: percpu: Embedded 12 pages/cpu s18448 r8192 d22512 u49152
[I] Jan  1 00:00:04 kernel: pcpu-alloc: s18448 r8192 d22512 u49152 alloc=12*4096
[I] Jan  1 00:00:04 kernel: pcpu-alloc: [0] 0 [0] 1 [0] 2 [0] 3 
[I] Jan  1 00:00:04 kernel: Built 1 zonelists in Zone order, mobility grouping on.  Total pages: 65024
[I] Jan  1 00:00:04 kernel: Kernel command line: console=ttyS0,115200n8
[I] Jan  1 00:00:04 kernel: log_buf_len individual max cpu contribution: 4096 bytes
[I] Jan  1 00:00:04 kernel: log_buf_len total cpu_extra contributions: 12288 bytes
[I] Jan  1 00:00:04 kernel: log_buf_len min size: 16384 bytes
[I] Jan  1 00:00:04 kernel: log_buf_len: 32768 bytes
[I] Jan  1 00:00:04 kernel: early log buf free: 14136(86%)
[I] Jan  1 00:00:04 kernel: PID hash table entries: 1024 (order: 0, 4096 bytes)
[I] Jan  1 00:00:04 kernel: Dentry cache hash table entries: 32768 (order: 5, 131072 bytes)
[I] Jan  1 00:00:04 kernel: Inode-cache hash table entries: 16384 (order: 4, 65536 bytes)
[I] Jan  1 00:00:04 kernel: Writing ErrCtl register=00060000
[I] Jan  1 00:00:04 kernel: Readback ErrCtl register=00060000
[I] Jan  1 00:00:04 kernel: Memory: 254548K/262144K available (3919K kernel code, 163K rwdata, 692K rodata, 204K init, 91K bss, 7596K reserved, 0K cma-reserved)
[I] Jan  1 00:00:04 kernel: Hierarchical RCU implementation.
[I] Jan  1 00:00:04 kernel:  Build-time adjustment of leaf fanout to 32.
[I] Jan  1 00:00:04 kernel: NR_IRQS:79
[I] Jan  1 00:00:04 kernel: MIPS GIC RevID: 3.0
[I] Jan  1 00:00:04 kernel: clocksource: MIPS: mask: 0xffffffff max_cycles: 0xffffffff, max_idle_ns: 4343773742 ns
[I] Jan  1 00:00:04 kernel: sched_clock: 32 bits at 440MHz, resolution 2ns, wraps every 4880645118ns
[I] Jan  1 00:00:04 kernel: console [ttyS0] enabled
[I] Jan  1 00:00:04 kernel: bootconsole [early0] disabled
[I] Jan  1 00:00:04 kernel: Calibrating delay loop... 583.68 BogoMIPS (lpj=1167360)
[I] Jan  1 00:00:04 kernel: pid_max: default: 32768 minimum: 301
[I] Jan  1 00:00:04 kernel: Mount-cache hash table entries: 1024 (order: 0, 4096 bytes)
[I] Jan  1 00:00:04 kernel: Mountpoint-cache hash table entries: 1024 (order: 0, 4096 bytes)
[I] Jan  1 00:00:04 kernel: Primary instruction cache 32kB, VIPT, 4-way, linesize 32 bytes.
[I] Jan  1 00:00:04 kernel: Primary data cache 32kB, 4-way, PIPT, no aliases, linesize 32 bytes
[I] Jan  1 00:00:04 kernel: MIPS secondary cache 256kB, 8-way, linesize 32 bytes.
[I] Jan  1 00:00:04 kernel: CPU1 revision is: 0001992f (MIPS 1004Kc)
[I] Jan  1 00:00:04 kernel: Synchronize counters for CPU 1: done.
[I] Jan  1 00:00:04 kernel: Primary instruction cache 32kB, VIPT, 4-way, linesize 32 bytes.
[I] Jan  1 00:00:04 kernel: Primary data cache 32kB, 4-way, PIPT, no aliases, linesize 32 bytes
[I] Jan  1 00:00:04 kernel: MIPS secondary cache 256kB, 8-way, linesize 32 bytes.
[I] Jan  1 00:00:04 kernel: CPU2 revision is: 0001992f (MIPS 1004Kc)
[I] Jan  1 00:00:04 kernel: Synchronize counters for CPU 2: done.
[I] Jan  1 00:00:04 kernel: Primary instruction cache 32kB, VIPT, 4-way, linesize 32 bytes.
[I] Jan  1 00:00:04 kernel: Primary data cache 32kB, 4-way, PIPT, no aliases, linesize 32 bytes
[I] Jan  1 00:00:04 kernel: MIPS secondary cache 256kB, 8-way, linesize 32 bytes.
[I] Jan  1 00:00:04 kernel: CPU3 revision is: 0001992f (MIPS 1004Kc)
[I] Jan  1 00:00:04 kernel: Synchronize counters for CPU 3: done.
[I] Jan  1 00:00:04 kernel: Brought up 4 CPUs
[I] Jan  1 00:00:04 kernel: clocksource: jiffies: mask: 0xffffffff max_cycles: 0xffffffff, max_idle_ns: 7645041785100000 ns
[I] Jan  1 00:00:04 kernel: futex hash table entries: 1024 (order: 3, 32768 bytes)
[I] Jan  1 00:00:04 kernel: NET: Registered protocol family 16
[I] Jan  1 00:00:04 kernel: PCI host bridge to bus 0000:00
[I] Jan  1 00:00:04 kernel: pci_bus 0000:00: root bus resource [mem 0x60000000-0x6fffffff]
[I] Jan  1 00:00:04 kernel: pci_bus 0000:00: root bus resource [io  0x1e160000-0x1e16ffff]
[I] Jan  1 00:00:04 kernel: pci_bus 0000:00: root bus resource [??? 0x00000000 flags 0x0]
[I] Jan  1 00:00:04 kernel: pci_bus 0000:00: No busn resource found for root bus, will use [bus 00-ff]
[I] Jan  1 00:00:04 kernel: pci 0000:00:00.0: [0e8d:0801] type 01 class 0x060400
[I] Jan  1 00:00:04 kernel: pci 0000:00:00.0: reg 0x10: [mem 0x00000000-0x7fffffff]
[I] Jan  1 00:00:04 kernel: pci 0000:00:00.0: supports D1
[I] Jan  1 00:00:04 kernel: pci 0000:00:00.0: PME# supported from D0 D1 D3hot
[I] Jan  1 00:00:04 kernel: pci 0000:00:01.0: [0e8d:0801] type 01 class 0x060400
[I] Jan  1 00:00:04 kernel: pci 0000:00:01.0: reg 0x10: [mem 0x00000000-0x7fffffff]
[I] Jan  1 00:00:04 kernel: pci 0000:00:01.0: supports D1
[I] Jan  1 00:00:04 kernel: pci 0000:00:01.0: PME# supported from D0 D1 D3hot
[I] Jan  1 00:00:04 kernel: pci 0000:01:00.0: [14c3:7916] type 00 class 0x000280
[I] Jan  1 00:00:04 kernel: pci 0000:01:00.0: reg 0x10: [mem 0x00000000-0x000fffff 64bit pref]
[I] Jan  1 00:00:04 kernel: pci 0000:01:00.0: reg 0x18: [mem 0x00000000-0x00003fff 64bit pref]
[I] Jan  1 00:00:04 kernel: pci 0000:01:00.0: reg 0x20: [mem 0x00000000-0x00000fff 64bit pref]
[I] Jan  1 00:00:04 kernel: pci 0000:01:00.0: supports D1 D2
[I] Jan  1 00:00:04 kernel: pci 0000:01:00.0: PME# supported from D0 D1 D2 D3hot D3cold
[I] Jan  1 00:00:04 kernel: pci_bus 0000:01: busn_res: [bus 01-ff] end is updated to 01
[I] Jan  1 00:00:04 kernel: pci 0000:02:00.0: [14c3:7915] type 00 class 0x000280
[I] Jan  1 00:00:04 kernel: pci 0000:02:00.0: reg 0x10: [mem 0x00000000-0x000fffff 64bit pref]
[I] Jan  1 00:00:04 kernel: pci 0000:02:00.0: reg 0x18: [mem 0x00000000-0x00003fff 64bit pref]
[I] Jan  1 00:00:04 kernel: pci 0000:02:00.0: reg 0x20: [mem 0x00000000-0x00000fff 64bit pref]
[I] Jan  1 00:00:04 kernel: pci 0000:02:00.0: supports D1 D2
[I] Jan  1 00:00:04 kernel: pci 0000:02:00.0: PME# supported from D0 D1 D2 D3hot D3cold
[I] Jan  1 00:00:04 kernel: pci_bus 0000:02: busn_res: [bus 02-ff] end is updated to 02
[I] Jan  1 00:00:04 kernel: pci_bus 0000:00: busn_res: [bus 00-ff] end is updated to 02
[I] Jan  1 00:00:04 kernel: pci 0000:00:00.0: BAR 0: no space for [mem size 0x80000000]
[I] Jan  1 00:00:04 kernel: pci 0000:00:00.0: BAR 0: failed to assign [mem size 0x80000000]
[I] Jan  1 00:00:04 kernel: pci 0000:00:01.0: BAR 0: no space for [mem size 0x80000000]
[I] Jan  1 00:00:04 kernel: pci 0000:00:01.0: BAR 0: failed to assign [mem size 0x80000000]
[I] Jan  1 00:00:04 kernel: pci 0000:00:00.0: BAR 9: assigned [mem 0x60000000-0x601fffff pref]
[I] Jan  1 00:00:04 kernel: pci 0000:00:01.0: BAR 9: assigned [mem 0x60200000-0x603fffff pref]
[I] Jan  1 00:00:04 kernel: pci 0000:01:00.0: BAR 0: assigned [mem 0x60000000-0x600fffff 64bit pref]
[I] Jan  1 00:00:04 kernel: pci 0000:01:00.0: BAR 2: assigned [mem 0x60100000-0x60103fff 64bit pref]
[I] Jan  1 00:00:04 kernel: pci 0000:01:00.0: BAR 4: assigned [mem 0x60104000-0x60104fff 64bit pref]
[I] Jan  1 00:00:04 kernel: pci 0000:00:00.0: PCI bridge to [bus 01]
[I] Jan  1 00:00:04 kernel: pci 0000:00:00.0:   bridge window [mem 0x60000000-0x601fffff pref]
[I] Jan  1 00:00:04 kernel: pci 0000:02:00.0: BAR 0: assigned [mem 0x60200000-0x602fffff 64bit pref]
[I] Jan  1 00:00:04 kernel: pci 0000:02:00.0: BAR 2: assigned [mem 0x60300000-0x60303fff 64bit pref]
[I] Jan  1 00:00:04 kernel: pci 0000:02:00.0: BAR 4: assigned [mem 0x60304000-0x60304fff 64bit pref]
[I] Jan  1 00:00:04 kernel: pci 0000:00:01.0: PCI bridge to [bus 02]
[I] Jan  1 00:00:04 kernel: pci 0000:00:01.0:   bridge window [mem 0x60200000-0x603fffff pref]
[I] Jan  1 00:00:04 kernel: clocksource: Switched to clocksource MIPS
[I] Jan  1 00:00:04 kernel: NET: Registered protocol family 2
[I] Jan  1 00:00:04 kernel: IP idents hash table entries: 4096 (order: 3, 32768 bytes)
[I] Jan  1 00:00:04 kernel: TCP established hash table entries: 8192 (order: 3, 32768 bytes)
[I] Jan  1 00:00:04 kernel: TCP bind hash table entries: 8192 (order: 4, 65536 bytes)
[I] Jan  1 00:00:04 kernel: TCP: Hash tables configured (established 8192 bind 8192)
[I] Jan  1 00:00:04 kernel: UDP hash table entries: 256 (order: 1, 8192 bytes)
[I] Jan  1 00:00:04 kernel: UDP-Lite hash table entries: 256 (order: 1, 8192 bytes)
[I] Jan  1 00:00:04 kernel: NET: Registered protocol family 1
[I] Jan  1 00:00:04 kernel: PCI: CLS 32 bytes, default 32
[I] Jan  1 00:00:04 kernel: workingset: timestamp_bits=29 max_order=16 bucket_order=0
[I] Jan  1 00:00:04 kernel: squashfs: version 4.0 (2009/01/31) Phillip Lougher
[I] Jan  1 00:00:04 kernel: io scheduler noop registered (default)
[I] Jan  1 00:00:04 kernel: Serial: 8250/16550 driver, 1 ports, IRQ sharing disabled
[I] Jan  1 00:00:04 kernel: serial8250: ttyS0 at MMIO 0x1e000c00 (irq = 41, base_baud = 3125000) is a 16550A
[I] Jan  1 00:00:04 kernel: ndmpart: registering the NDM partition parser...
[I] Jan  1 00:00:04 kernel: MediaTek NAND driver init, version v2.1
[I] Jan  1 00:00:04 kernel: MTK NFI: NAND ID [01 F1, 80 1D 01 F1]
[I] Jan  1 00:00:04 kernel: MTK NFI: NAND chip found in the MTK table: S34ML01G100TF
[I] Jan  1 00:00:04 kernel: nand: device found, Manufacturer ID: 0x01, Chip ID: 0xf1
[I] Jan  1 00:00:04 kernel: nand: AMD/Spansion NAND 128MiB 3,3V 8-bit
[I] Jan  1 00:00:04 kernel: nand: 128 MiB, SLC, erase size: 128 KiB, page size: 2048, OOB size: 64
[I] Jan  1 00:00:04 kernel: Scanning device for bad blocks
[I] Jan  1 00:00:04 kernel: MTK NFI: success load FACT_BBT from block 1023
[I] Jan  1 00:00:04 kernel: ndmpart: di: active = 1, backup = 2, current = 1
[I] Jan  1 00:00:04 kernel: 16 ndmpart partitions found on MTD device MT7621-NAND
[I] Jan  1 00:00:04 kernel: mtd: creating 16 MTD partitions on "MT7621-NAND":
[I] Jan  1 00:00:04 kernel: 0x000000000000-0x000000080000 : "U-Boot"
[I] Jan  1 00:00:04 kernel: 0x000000080000-0x000000100000 : "U-Config"
[I] Jan  1 00:00:04 kernel: 0x000000100000-0x000000180000 : "RF-EEPROM"
[I] Jan  1 00:00:04 kernel: 0x000000180000-0x000000340000 : "Kernel_1"
[I] Jan  1 00:00:04 kernel: 0x000000340000-0x0000021c0000 : "RootFS_1"
[I] Jan  1 00:00:04 kernel: mtd: device 4 (RootFS_1) set to be root filesystem
[I] Jan  1 00:00:04 kernel: 0x000000180000-0x0000021c0000 : "Firmware_1"
[I] Jan  1 00:00:04 kernel: 0x0000021c0000-0x0000023c0000 : "Config_1"
[I] Jan  1 00:00:04 kernel: 0x0000023c0000-0x000002400000 : "Dump"
[I] Jan  1 00:00:04 kernel: 0x000002400000-0x000003fc0000 : "Storage_A"
[I] Jan  1 00:00:04 kernel: 0x000003fc0000-0x000004040000 : "U-State"
[I] Jan  1 00:00:04 kernel: 0x000004040000-0x0000040c0000 : "U-Config_res"
[I] Jan  1 00:00:04 kernel: 0x0000040c0000-0x000004140000 : "RF-EEPROM_res"
[I] Jan  1 00:00:04 kernel: 0x000004140000-0x000006180000 : "Firmware_2"
[I] Jan  1 00:00:04 kernel: 0x000006180000-0x000006380000 : "Config_2"
[I] Jan  1 00:00:04 kernel: 0x000006380000-0x000007f80000 : "Storage_B"
[I] Jan  1 00:00:04 kernel: 0x000000000000-0x000007f80000 : "Full"
[I] Jan  1 00:00:04 kernel: tun: Universal TUN/TAP device driver, 1.6
[I] Jan  1 00:00:04 kernel: tun: (C) 1999-2004 Max Krasnyansky <maxk@qualcomm.com>
[I] Jan  1 00:00:04 kernel: PPP generic driver version 2.4.2
[I] Jan  1 00:00:04 kernel: PPP MPPE Compression module registered
[I] Jan  1 00:00:04 kernel: NET: Registered protocol family 24
[I] Jan  1 00:00:04 kernel: PPTP driver version 0.8.5
[I] Jan  1 00:00:04 kernel: mips_wdt: watchdog timer activated with 30 second delay
[I] Jan  1 00:00:04 kernel: Netfilter messages via NETLINK v0.30.
[I] Jan  1 00:00:04 kernel: nf_conntrack version 0.5.0 (32768 buckets, 65536 max)
[I] Jan  1 00:00:04 kernel: ctnetlink v0.93: registering with nfnetlink.
[I] Jan  1 00:00:04 kernel: Fast NAT loaded
[I] Jan  1 00:00:04 kernel: ip_set: protocol 6
[I] Jan  1 00:00:04 kernel: ipip: IPv4 and MPLS over IPv4 tunneling driver
[I] Jan  1 00:00:04 kernel: gre: GRE over IPv4 demultiplexor driver
[I] Jan  1 00:00:04 kernel: ip_tables: (C) 2000-2006 Netfilter Core Team
[I] Jan  1 00:00:04 kernel: NET: Registered protocol family 10
[I] Jan  1 00:00:04 kernel: ip6_tables: (C) 2000-2006 Netfilter Core Team
[I] Jan  1 00:00:04 kernel: NET: Registered protocol family 17
[I] Jan  1 00:00:04 kernel: ubridge: Tiny bridge driver, 1.2
[I] Jan  1 00:00:04 kernel: 8021q: 802.1Q VLAN Support v1.8
[I] Jan  1 00:00:04 kernel: VFS: Mounted root (squashfs filesystem) readonly on device 31:4.
[I] Jan  1 00:00:04 kernel: Freeing unused kernel memory: 204K
[I] Jan  1 00:00:04 kernel: This architecture does not have kernel memory protection.
[I] Jan  1 00:00:04 kernel: RNG reseed started
[I] Jan  1 00:00:04 kernel: random: crng init done
[I] Jan  1 00:00:04 ndm: Core::Main: *** 
[I] Jan  1 00:00:04 ndm: Core::Main: *** Network Device Manager 4.00.C.5.0-2. 
[I] Jan  1 00:00:04 ndm: Core::Main: *** Built Oct  4 2023 18:11:49. 
[I] Jan  1 00:00:04 ndm: Core::Main: *** 
[I] Jan  1 00:00:06 ndm: Core::System::DriverManager: loading /lib/modules/4.9-ndm-5/nf_nat_proto_gre.ko. 
[I] Jan  1 00:00:06 ndm: Core::System::DriverManager: loading /lib/modules/4.9-ndm-5/sit.ko. 
[I] Jan  1 00:00:06 kernel: sit: IPv6, IPv4 and MPLS over IPv4 tunneling driver
[I] Jan  1 00:00:06 ndm: Core::System::DriverManager: loading /lib/modules/4.9-ndm-5/usb-common.ko. 
[I] Jan  1 00:00:06 ndm: Core::System::DriverManager: loading /lib/modules/4.9-ndm-5/tsmb.ko. 
[W] Jan  1 00:00:06 kernel: tsmb: loading out-of-tree module taints kernel.
[W] Jan  1 00:00:06 kernel: tsmb: module license 'Proprietary' taints kernel.
[W] Jan  1 00:00:06 kernel: Disabling lock debugging due to kernel taint
[I] Jan  1 00:00:06 kernel: Loading TSMB module version 3020.9.24.17.
[I] Jan  1 00:00:06 kernel: Built against headers 4.9-ndm-5 #0 SMP Fri Aug 18 07:38:29 2023 mips
[I] Jan  1 00:00:06 kernel: Running on kernel 4.9-ndm-5 #0 SMP Wed Oct 4 18:11:49 2023 mips
[I] Jan  1 00:00:06 kernel: TSMB module version 3020.9.24.17 loaded.
[I] Jan  1 00:00:06 ndm: Core::System::DriverManager: loading /lib/modules/4.9-ndm-5/crypto_null.ko. 
[I] Jan  1 00:00:06 ndm: Core::System::DriverManager: loading /lib/modules/4.9-ndm-5/udp_tunnel.ko. 
[I] Jan  1 00:00:06 ndm: Core::System::DriverManager: loading /lib/modules/4.9-ndm-5/scsi_mod.ko. 
[I] Jan  1 00:00:06 kernel: SCSI subsystem initialized
[I] Jan  1 00:00:06 ndm: Core::System::DriverManager: loading /lib/modules/4.9-ndm-5/veth.ko. 
[I] Jan  1 00:00:06 ndm: Core::System::DriverManager: loading /lib/modules/4.9-ndm-5/xt_NETMAP.ko. 
[I] Jan  1 00:00:06 ndm: Core::System::DriverManager: loading /lib/modules/4.9-ndm-5/crc16.ko. 
[I] Jan  1 00:00:06 ndm: Core::System::DriverManager: loading /lib/modules/4.9-ndm-5/zlib_inflate.ko. 
[I] Jan  1 00:00:06 ndm: Core::System::DriverManager: loading /lib/modules/4.9-ndm-5/ip_gre.ko. 
[I] Jan  1 00:00:06 kernel: ip_gre: GRE over IPv4 tunneling driver
[I] Jan  1 00:00:06 ndm: Core::System::DriverManager: loading /lib/modules/4.9-ndm-5/ndm_storage.ko. 
[I] Jan  1 00:00:06 kernel: Searching for suitable storage partitions...
[I] Jan  1 00:00:06 kernel: Found 1st storage partition of size 29097984 bytes
[I] Jan  1 00:00:06 kernel: Found 2nd storage partition of size 29360128 bytes
[I] Jan  1 00:00:06 kernel: Registering UBI data partitions parser
[W] Jan  1 00:00:06 kernel: Concatenating MTD devices:
[W] Jan  1 00:00:06 kernel: (0): "Storage_A"
[W] Jan  1 00:00:06 kernel: (1): "Storage_B"
[W] Jan  1 00:00:06 kernel: into device "NDM combined UBI partition"
[I] Jan  1 00:00:06 kernel: 1 ndmubipart partitions found on MTD device NDM combined UBI partition
[I] Jan  1 00:00:06 kernel: mtd: creating 1 MTD partitions on "NDM combined UBI partition":
[I] Jan  1 00:00:06 kernel: 0x000000000000-0x0000037c0000 : "Storage"
[I] Jan  1 00:00:06 kernel: Merging storage partitions OK
[I] Jan  1 00:00:06 ndm: Core::System::DriverManager: loading /lib/modules/4.9-ndm-5/nf_conntrack_rtsp.ko. 
[I] Jan  1 00:00:06 kernel: nf_conntrack_rtsp v0.7 loading
[I] Jan  1 00:00:06 ndm: Core::System::DriverManager: loading /lib/modules/4.9-ndm-5/mbcache.ko. 
[I] Jan  1 00:00:06 ndm: Core::System::DriverManager: loading /lib/modules/4.9-ndm-5/phr.ko. 
[I] Jan  1 00:00:06 kernel: phr: NDM I/O Peripheral Driver, v2.4.35
[I] Jan  1 00:00:06 kernel: phr: "KN-2311" profile driver loaded
[I] Jan  1 00:00:06 ndm: Core::System::DriverManager: loading /lib/modules/4.9-ndm-5/nf_conntrack_proto_gre.ko. 
[I] Jan  1 00:00:06 ndm: Core::System::DriverManager: loading /lib/modules/4.9-ndm-5/sch_cake.ko. 
[I] Jan  1 00:00:06 ndm: Core::System::DriverManager: loading /lib/modules/4.9-ndm-5/xxhash.ko. 
[I] Jan  1 00:00:06 ndm: Core::System::DriverManager: loading /lib/modules/4.9-ndm-5/ip6_udp_tunnel.ko. 
[I] Jan  1 00:00:06 ndm: Core::System::DriverManager: loading /lib/modules/4.9-ndm-5/nls_base.ko. 
[I] Jan  1 00:00:06 ndm: Core::System::DriverManager: loading /lib/modules/4.9-ndm-5/nat46.ko. 
[W] Jan  1 00:00:06 kernel: nat46: module (version 1.0.3) loaded.
[I] Jan  1 00:00:06 ndm: Core::System::DriverManager: loading /lib/modules/4.9-ndm-5/jbd2.ko. 
[I] Jan  1 00:00:06 ndm: Core::System::DriverManager: loading /lib/modules/4.9-ndm-5/nf_nat_masquerade_ipv6.ko. 
[I] Jan  1 00:00:06 ndm: Core::System::DriverManager: loading /lib/modules/4.9-ndm-5/zlib_deflate.ko. 
[I] Jan  1 00:00:06 ndm: Core::System::DriverManager: loading /lib/modules/4.9-ndm-5/nf_conntrack_h323.ko. 
[I] Jan  1 00:00:06 ndm: Core::System::DriverManager: loading /lib/modules/4.9-ndm-5/mtdoops_proc.ko. 
[I] Jan  1 00:00:06 kernel: mtdoops_proc: Attached to MTD device 7
[I] Jan  1 00:00:06 ndm: Core::System::DriverManager: loading /lib/modules/4.9-ndm-5/resetnds.ko. 
[I] Jan  1 00:00:06 kernel: resetnds: Module loaded.
[I] Jan  1 00:00:06 ndm: Core::System::DriverManager: loading /lib/modules/4.9-ndm-5/tunnel6.ko. 
[I] Jan  1 00:00:06 ndm: Core::System::DriverManager: loading /lib/modules/4.9-ndm-5/cdrom.ko. 
[I] Jan  1 00:00:06 ndm: Core::System::DriverManager: loading /lib/modules/4.9-ndm-5/crc32c_generic.ko. 
[I] Jan  1 00:00:06 ndm: Core::System::DriverManager: loading /lib/modules/4.9-ndm-5/nf_conntrack_pptp.ko. 
[I] Jan  1 00:00:06 ndm: Core::System::DriverManager: loading /lib/modules/4.9-ndm-5/usbcore.ko. 
[I] Jan  1 00:00:06 kernel: usbcore: registered new interface driver usbfs
[I] Jan  1 00:00:06 kernel: usbcore: registered new interface driver hub
[I] Jan  1 00:00:06 kernel: usbcore: registered new device driver usb
[I] Jan  1 00:00:06 ndm: Core::System::DriverManager: loading /lib/modules/4.9-ndm-5/nf_nat_h323.ko. 
[I] Jan  1 00:00:06 ndm: Core::System::DriverManager: loading /lib/modules/4.9-ndm-5/nf_nat_pptp.ko. 
[I] Jan  1 00:00:06 ndm: Core::System::DriverManager: loading /lib/modules/4.9-ndm-5/usbserial.ko. 
[I] Jan  1 00:00:06 kernel: usbcore: registered new interface driver usbserial
[I] Jan  1 00:00:06 ndm: Core::System::DriverManager: loading /lib/modules/4.9-ndm-5/aead.ko. 
[I] Jan  1 00:00:06 ndm: Core::System::DriverManager: loading /lib/modules/4.9-ndm-5/zstd_compress.ko. 
[I] Jan  1 00:00:07 ndm: Core::System::DriverManager: loading /lib/modules/4.9-ndm-5/l2tp_core.ko. 
[I] Jan  1 00:00:07 kernel: l2tp_core: L2TP core driver, V2.0
[I] Jan  1 00:00:07 ndm: Core::System::DriverManager: loading /lib/modules/4.9-ndm-5/cdc-wdm.ko. 
[I] Jan  1 00:00:07 kernel: usbcore: registered new interface driver cdc_wdm
[I] Jan  1 00:00:07 ndm: Core::System::DriverManager: loading /lib/modules/4.9-ndm-5/jffs2.ko. 
[I] Jan  1 00:00:07 kernel: jffs2: version 2.2. (NAND) (c) 2001-2006 Red Hat, Inc.
[I] Jan  1 00:00:07 ndm: Core::System::DriverManager: loading /lib/modules/4.9-ndm-5/tntfs.ko. 
[I] Jan  1 00:00:07 kernel: Tuxera NTFS driver 3021.4.23.18 [Flags: R/W MODULE].
[I] Jan  1 00:00:07 kernel: Built against headers 4.9-ndm-5 #0 SMP Fri Aug 18 07:38:29 2023 mips
[I] Jan  1 00:00:07 kernel: Running on kernel 4.9-ndm-5 #0 SMP Wed Oct 4 18:11:49 2023 mips
[I] Jan  1 00:00:07 ndm: Core::System::DriverManager: loading /lib/modules/4.9-ndm-5/nls_cp866.ko. 
[I] Jan  1 00:00:07 ndm: Core::System::DriverManager: loading /lib/modules/4.9-ndm-5/deflate.ko. 
[I] Jan  1 00:00:07 ndm: Core::System::DriverManager: loading /lib/modules/4.9-ndm-5/zstd_decompress.ko. 
[I] Jan  1 00:00:07 ndm: Core::System::DriverManager: loading /lib/modules/4.9-ndm-5/tfat.ko. 
[I] Jan  1 00:00:07 kernel: Tuxera FAT 12/16/32 driver version 3021.3.22.24 [Flags: R/W MODULE].
[I] Jan  1 00:00:07 kernel: Built against headers 4.9-ndm-5 #0 SMP Fri Aug 18 07:38:29 2023 mips
[I] Jan  1 00:00:07 kernel: Running on kernel 4.9-ndm-5 #0 SMP Wed Oct 4 18:11:49 2023 mips
[I] Jan  1 00:00:07 ndm: Core::System::DriverManager: loading /lib/modules/4.9-ndm-5/ext4.ko. 
[I] Jan  1 00:00:07 ndm: Core::System::DriverManager: loading /lib/modules/4.9-ndm-5/usbnet.ko. 
[I] Jan  1 00:00:07 ndm: Core::System::DriverManager: loading /lib/modules/4.9-ndm-5/sg.ko. 
[I] Jan  1 00:00:07 ndm: Core::System::DriverManager: loading /lib/modules/4.9-ndm-5/sierra.ko. 
[I] Jan  1 00:00:07 kernel: usbcore: registered new interface driver sierra
[I] Jan  1 00:00:07 kernel: usbserial: USB Serial support registered for Sierra USB modem
[I] Jan  1 00:00:07 ndm: Core::System::DriverManager: loading /lib/modules/4.9-ndm-5/nls_cp437.ko. 
[I] Jan  1 00:00:07 ndm: Core::System::DriverManager: loading /lib/modules/4.9-ndm-5/sr_mod.ko. 
[I] Jan  1 00:00:07 ndm: Core::System::DriverManager: loading /lib/modules/4.9-ndm-5/sd_mod.ko. 
[I] Jan  1 00:00:07 ndm: Core::System::DriverManager: loading /lib/modules/4.9-ndm-5/usblp.ko. 
[I] Jan  1 00:00:07 kernel: usbcore: registered new interface driver usblp
[I] Jan  1 00:00:07 ndm: Core::System::DriverManager: loading /lib/modules/4.9-ndm-5/l2tp_ppp.ko. 
[I] Jan  1 00:00:07 kernel: l2tp_ppp: PPPoL2TP kernel driver, V2.0
[I] Jan  1 00:00:07 ndm: Core::System::DriverManager: loading /lib/modules/4.9-ndm-5/cdc-acm.ko. 
[I] Jan  1 00:00:07 kernel: usbcore: registered new interface driver cdc_acm
[I] Jan  1 00:00:07 kernel: cdc_acm: USB Abstract Control Model driver for USB modems and ISDN adapters
[I] Jan  1 00:00:07 ndm: Core::System::DriverManager: loading /lib/modules/4.9-ndm-5/usb-storage.ko. 
[I] Jan  1 00:00:07 kernel: usbcore: registered new interface driver usb-storage
[I] Jan  1 00:00:07 ndm: Core::System::DriverManager: loading /lib/modules/4.9-ndm-5/nls_cp1251.ko. 
[I] Jan  1 00:00:07 ndm: Core::System::DriverManager: loading /lib/modules/4.9-ndm-5/nf_nat_rtsp.ko. 
[I] Jan  1 00:00:07 kernel: nf_nat_rtsp v0.7 loading
[I] Jan  1 00:00:07 ndm: Core::System::DriverManager: loading /lib/modules/4.9-ndm-5/thfsplus.ko. 
[I] Jan  1 00:00:07 kernel: Tuxera HFS+ driver 3021.12.17
[I] Jan  1 00:00:07 kernel: Built against headers 4.9-ndm-5 #0 SMP Fri Aug 18 07:38:29 2023 mips
[I] Jan  1 00:00:07 kernel: Running on kernel 4.9-ndm-5 #0 SMP Wed Oct 4 18:11:49 2023 mips
[I] Jan  1 00:00:07 ndm: Core::System::DriverManager: loading /lib/modules/4.9-ndm-5/ip6_tunnel.ko. 
[I] Jan  1 00:00:07 ndm: Core::System::DriverManager: loading /lib/modules/4.9-ndm-5/zstd.ko. 
[I] Jan  1 00:00:07 ndm: Core::System::DriverManager: loading /lib/modules/4.9-ndm-5/nls_utf8.ko. 
[I] Jan  1 00:00:07 ndm: Core::System::DriverManager: loading /lib/modules/4.9-ndm-5/exfat.ko. 
[I] Jan  1 00:00:07 kernel: exFAT: file-system version 5.9-6ndm
[I] Jan  1 00:00:07 ndm: Core::System::DriverManager: loading /lib/modules/4.9-ndm-5/ip6t_MASQUERADE.ko. 
[I] Jan  1 00:00:07 ndm: Core::System::DriverManager: loading /lib/modules/4.9-ndm-5/usbextras.ko. 
[I] Jan  1 00:00:07 kernel: usbextras: loaded
[I] Jan  1 00:00:07 ndm: Core::System::DriverManager: loading /lib/modules/4.9-ndm-5/usb_wwan.ko. 
[I] Jan  1 00:00:07 ndm: Core::System::DriverManager: loading /lib/modules/4.9-ndm-5/cdc_ncm.ko. 
[I] Jan  1 00:00:07 kernel: usbcore: registered new interface driver cdc_ncm
[I] Jan  1 00:00:07 ndm: Core::System::DriverManager: loading /lib/modules/4.9-ndm-5/option.ko. 
[I] Jan  1 00:00:08 kernel: usbcore: registered new interface driver option
[I] Jan  1 00:00:08 kernel: usbserial: USB Serial support registered for GSM modem (1-port)
[I] Jan  1 00:00:08 ndm: Core::System::DriverManager: loading /lib/modules/4.9-ndm-5/qmi_wwan.ko. 
[I] Jan  1 00:00:08 kernel: usbcore: registered new interface driver qmi_wwan
[I] Jan  1 00:00:08 ndm: Core::System::DriverManager: loading /lib/modules/4.9-ndm-5/huawei_cdc_ncm.ko. 
[I] Jan  1 00:00:08 kernel: usbcore: registered new interface driver huawei_cdc_ncm
[I] Jan  1 00:00:08 ndm: Core::System::DriverManager: loading /lib/modules/4.9-ndm-5/cdc_ether.ko. 
[I] Jan  1 00:00:08 kernel: usbcore: registered new interface driver cdc_ether
[I] Jan  1 00:00:08 ndm: Core::System::DriverManager: loading /lib/modules/4.9-ndm-5/qcserial.ko. 
[I] Jan  1 00:00:08 kernel: usbcore: registered new interface driver qcserial
[I] Jan  1 00:00:08 kernel: usbserial: USB Serial support registered for Qualcomm USB modem
[I] Jan  1 00:00:08 ndm: Core::System::DriverManager: loading /lib/modules/4.9-ndm-5/rndis_host.ko. 
[I] Jan  1 00:00:08 kernel: usbcore: registered new interface driver rndis_host
[I] Jan  1 00:00:08 ndm: Core::System::Mtd::Table: current firmware image index is 1. 
[I] Jan  1 00:00:08 ndm: Core::System::Mtd::ConfigStorage: enabled a 180-second fail-safe "reboot" timer. 
[I] Jan  1 00:00:08 ndm: Core::FileSystem::Temp: mounting /var/... 
[I] Jan  1 00:00:08 ndm: Core::Authenticator: MD5 generator created. 
[I] Jan  1 00:00:08 ndm: Core::Authenticator: NT generator created. 
[I] Jan  1 00:00:08 ndm: Core::System::Country: set the system country code to "RU". 
[I] Jan  1 00:00:08 ndm: Core::Authenticator: "readonly" tag registered. 
[I] Jan  1 00:00:08 ndm: Core::FileSystem::Dynamic: "ndm:": registered "log" node. 
[I] Jan  1 00:00:08 ndm: Core::FileSystem::Dynamic: "ndm:": registered "running-config" node. 
[I] Jan  1 00:00:08 ndm: Core::FileSystem::Dynamic: "ndm:": registered "sharing-config" node. 
[I] Jan  1 00:00:08 ndm: Core::FileSystem::Dynamic: "ndm:": registered "self-test" node. 
[I] Jan  1 00:00:08 ndm: Core::System::Hostname: the host name set. 
[I] Jan  1 00:00:08 ndm: Core::System::Timezone: building a timezone list... 
[I] Jan  1 00:00:08 ndm: Core::System::Timezone: scanning done, 312 localities available. 
[I] Jan  1 03:00:08 ndm: Core::System::Timezone: "Europe/Moscow" locality set as default. 
[I] Jan  1 03:00:08 ndm: Telnet::Server: bruteforce detection is enabled. 
[I] Jan  1 03:00:08 ndm: Ntp::Client: configuration reset. 
[I] Jan  1 03:00:08 ndm: Ntp::Client: configuration reset. 
[I] Jan  1 03:00:08 ndm: Http::Manager: bruteforce detection is enabled. 
[I] Jan  1 03:00:08 ndm: Core::Authenticator: "http" tag registered. 
[I] Jan  1 03:00:08 ndm: Core::Authenticator: "http-proxy" tag registered. 
[I] Jan  1 03:00:09 ndm: Core::System::DriverManager: loading /lib/modules/4.9-ndm-5/nacct.ko. 
[I] Jan  1 03:00:09 kernel: nacct: init, v 3.4-2
[I] Jan  1 03:00:09 ndm: Core::System::DriverManager: loading /lib/modules/4.9-ndm-5/mt7621_eth.ko. 
[I] Jan  1 03:00:09 kernel: mt7621_eth: NDM Ethernet Switch Driver for MediaTek MT7621, v1.3.32
[I] Jan  1 03:00:09 kernel: mt7621_eth: MT7621 SoC, TX/RX descriptors: 1024/1024, NAPI weight 64
[I] Jan  1 03:00:09 kernel: mt7621_eth: eth2 created for GMAC1 (50:ff:20:95:a3:a2 address, 3 EPHY ports)
[I] Jan  1 03:00:09 kernel: mt7621_eth: eth3 created for GMAC2 (50:ff:20:95:a3:a3 address, 1 EPHY port)
[I] Jan  1 03:00:09 kernel: mt7621_eth: MT7530 switch initialized
[I] Jan  1 03:00:09 ndm: Network::Interface::Base: "GigabitEthernet0": interface is down. 
[I] Jan  1 03:00:09 ndm: Network::Interface::Mac: "GigabitEthernet0": backed up the default address 50:ff:20:95:a3:a2 of "GigabitEthernet0" before changing. 
[I] Jan  1 03:00:09 ndm: Network::Interface::Repository: "GigabitEthernet0" interface created. 
[I] Jan  1 03:00:09 ndm: Network::Interface::Base: "GigabitEthernet0/0": interface is down. 
[I] Jan  1 03:00:09 ndm: Network::Interface::Repository: "GigabitEthernet0/0" interface created. 
[I] Jan  1 03:00:09 ndm: Network::Interface::Base: "GigabitEthernet0/1": interface is down. 
[I] Jan  1 03:00:09 ndm: Network::Interface::Repository: "GigabitEthernet0/1" interface created. 
[I] Jan  1 03:00:09 ndm: Network::Interface::Base: "GigabitEthernet0/2": interface is down. 
[I] Jan  1 03:00:09 ndm: Network::Interface::Repository: "GigabitEthernet0/2" interface created. 
[I] Jan  1 03:00:09 ndm: Network::Interface::Base: "GigabitEthernet1": interface is down. 
[I] Jan  1 03:00:09 ndm: Network::Interface::Base: "GigabitEthernet1": network MTU reset to default. 
[I] Jan  1 03:00:09 ndm: Network::Interface::Repository: "GigabitEthernet1" interface created. 
[I] Jan  1 03:00:09 ndm: Network::Interface::Base: "GigabitEthernet1/0": interface is down. 
[I] Jan  1 03:00:09 ndm: Network::Interface::Repository: "GigabitEthernet1/0" interface created. 
[I] Jan  1 03:00:09 ndm: Core::System::DriverManager: loading /lib/modules/4.9-ndm-5/ubi.ko. 
[I] Jan  1 03:00:09 ndm: Core::System::DriverManager: loading /lib/modules/4.9-ndm-5/ubifs.ko. 
[W] Jan  1 03:00:09 kernel: ubi0: attaching mtd16
[W] Jan  1 03:00:09 kernel: ubi0: scanning is finished
[W] Jan  1 03:00:09 kernel: ubi0: attached mtd16 (name "Storage", size 55 MiB)
[W] Jan  1 03:00:09 kernel: ubi0: PEB size: 131072 bytes (128 KiB), LEB size: 126976 bytes
[W] Jan  1 03:00:09 kernel: ubi0: min./max. I/O unit sizes: 2048/2048, sub-page size 2048
[W] Jan  1 03:00:09 kernel: ubi0: VID header offset: 2048 (aligned 2048), data offset: 4096
[W] Jan  1 03:00:09 kernel: ubi0: good PEBs: 446, bad PEBs: 0, corrupted PEBs: 0
[W] Jan  1 03:00:09 kernel: ubi0: user volume: 1, internal volumes: 1, max. volumes count: 128
[W] Jan  1 03:00:09 kernel: ubi0: max/mean erase counter: 2/1, WL threshold: 2048, image sequence number: 3988268126
[W] Jan  1 03:00:09 kernel: ubi0: available PEBs: 0, total reserved PEBs: 446, PEBs reserved for bad PEB handling: 11
[W] Jan  1 03:00:09 kernel: ubi0: background thread "ubi_bgt0d" started, PID 432
[W] Jan  1 03:00:09 kernel: UBIFS (ubi0:0): background thread "ubifs_bgt0_0" started, PID 433
[W] Jan  1 03:00:09 kernel: UBIFS (ubi0:0): recovery needed
[W] Jan  1 03:00:09 kernel: UBIFS (ubi0:0): recovery completed
[W] Jan  1 03:00:09 kernel: UBIFS (ubi0:0): UBIFS: mounted UBI device 0, volume 0, name "storage"
[W] Jan  1 03:00:09 kernel: UBIFS (ubi0:0): LEB size: 126976 bytes (124 KiB), min./max. I/O unit sizes: 2048 bytes/2048 bytes
[W] Jan  1 03:00:09 kernel: UBIFS (ubi0:0): FS size: 53456896 bytes (50 MiB, 421 LEBs), journal size 2666496 bytes (2 MiB, 21 LEBs)
[W] Jan  1 03:00:09 kernel: UBIFS (ubi0:0): reserved for root: 2524900 bytes (2465 KiB)
[W] Jan  1 03:00:09 kernel: UBIFS (ubi0:0): media format: w4/r0 (latest is w4/r0), UUID D7CDAFB0-C6AA-4326-8161-CECE0C79E55E, small LPT model
[I] Jan  1 03:00:09 ndm: Core::Authenticator: "printers" tag registered. 
[I] Jan  1 03:00:09 ndm: Core::Authenticator: "cifs" tag registered. 
[I] Jan  1 03:00:09 ndm: Cloud::UhpService: "cloud" component registered. 
[I] Jan  1 03:00:09 ndm: Cloud::Agent: "ndns" TTP component registered. 
[I] Jan  1 03:00:09 ndm: Cloud::UhpService: "ndns" component registered. 
[I] Jan  1 03:00:09 ndm: Cloud::UhpService: "ndmp" component registered. 
[I] Jan  1 03:00:09 ndm: Dns::Filter::Public: loaded 17 presets (version 12). 
[I] Jan  1 03:00:09 ndm: Dns::Manager: DNS-over-HTTPS support initialized. 
[I] Jan  1 03:00:09 ndm: Dns::Manager: DNS-over-TLS support initialized. 
[I] Jan  1 03:00:09 ndm: Network::InternetChecker: gateway checking enabled. 
[I] Jan  1 03:00:09 kernel: IPv6: ADDRCONF(NETDEV_UP): tunl0: link is not ready
[I] Jan  1 03:00:09 kernel: IPv6: ADDRCONF(NETDEV_UP): sit0: link is not ready
[I] Jan  1 03:00:09 kernel: IPv6: ADDRCONF(NETDEV_UP): gre0: link is not ready
[I] Jan  1 03:00:09 kernel: IPv6: ADDRCONF(NETDEV_UP): gretap0: link is not ready
[I] Jan  1 03:00:09 kernel: IPv6: ADDRCONF(NETDEV_UP): ethoip0: link is not ready
[I] Jan  1 03:00:09 kernel: IPv6: ADDRCONF(NETDEV_UP): ip6tnl0: link is not ready
[I] Jan  1 03:00:09 kernel: IPv6: ADDRCONF(NETDEV_UP): ezcfg0: link is not ready
[I] Jan  1 03:00:09 kernel: IPv6: ADDRCONF(NETDEV_UP): eth2: link is not ready
[I] Jan  1 03:00:09 kernel: IPv6: ADDRCONF(NETDEV_UP): eth3: link is not ready
[I] Jan  1 03:00:09 ndm: Network::Interface::Mtk::Sku: main default profile applied. 
[I] Jan  1 03:00:09 ndm: Network::Interface::Mtk::Sku: beamforming default profile applied. 
[I] Jan  1 03:00:09 ndm: Core::System::DriverManager: loading /lib/modules/4.9-ndm-5/mt7915_ap.ko. 
[I] Jan  1 03:00:10 kernel: PCI: Enabling device 0000:01:00.0 (0000 -> 0002)
[I] Jan  1 03:00:10 kernel: PCI: Enabling device 0000:02:00.0 (0000 -> 0002)
[I] Jan  1 03:00:10 kernel: MT7915 AP Driver version: 7.5.0.0
[I] Jan  1 03:00:10 ndm: Network::Interface::Mtk::WifiMaster: "WifiMaster1": PHY mode set. 
[I] Jan  1 03:00:10 ndm: Network::Interface::Mtk::WifiMaster: "WifiMaster1": channel bandwidth settings reset to default. 
[I] Jan  1 03:00:10 ndm: Network::Interface::Base: "WifiMaster1": interface is down. 
[I] Jan  1 03:00:10 kernel: MT7915 CPU 0 patch info:
[I] Jan  1 03:00:10 kernel:  Built date: 20230828104359a
[I] Jan  1 03:00:11 kernel: MT7915 CPU 0 firmware info:
[I] Jan  1 03:00:11 kernel:  Chip ID: 0x0b
[I] Jan  1 03:00:11 kernel:  Eco version: 0x01
[I] Jan  1 03:00:11 kernel:  Built date: 20230828104432
[I] Jan  1 03:00:11 kernel:  Common crc: 0x68378479
[I] Jan  1 03:00:11 kernel: MT7915 CPU 1 firmware info:
[I] Jan  1 03:00:11 kernel:  Chip ID: 0x00
[I] Jan  1 03:00:11 kernel:  Eco version: 0x01
[I] Jan  1 03:00:11 kernel:  Built date: 20230828104451
[I] Jan  1 03:00:11 kernel:  Common crc: 0x6c78177a
[I] Jan  1 03:00:17 ndm: Network::Interface::Repository: "WifiMaster1" interface created. 
[I] Jan  1 03:00:17 ndm: Network::Interface::Mtk::WifiMaster: "WifiMaster0": PHY mode set. 
[I] Jan  1 03:00:17 ndm: Network::Interface::Mtk::WifiMaster: "WifiMaster0": channel bandwidth settings reset to default. 
[I] Jan  1 03:00:17 ndm: Network::Interface::Base: "WifiMaster0": interface is down. 
[I] Jan  1 03:00:17 ndm: Network::Interface::Repository: "WifiMaster0" interface created. 
[I] Jan  1 03:00:17 ndm: Network::Interface::Wireless: "WifiMaster0/AccessPoint0": SSID saved. 
[I] Jan  1 03:00:17 ndm: Network::Interface::Mtk::AccessPoint: "WifiMaster0/AccessPoint0": SSID reset. 
[I] Jan  1 03:00:17 ndm: Network::Interface::Base: "WifiMaster0/AccessPoint0": interface is down. 
[I] Jan  1 03:00:17 ndm: Network::Interface::Base: "WifiMaster0/AccessPoint0": network MTU reset to default. 
[I] Jan  1 03:00:17 ndm: Network::Interface::Repository: "WifiMaster0/AccessPoint0" interface created. 
[I] Jan  1 03:00:17 ndm: Network::Interface::Wireless: "WifiMaster1/AccessPoint2": SSID saved. 
[I] Jan  1 03:00:17 ndm: Network::Interface::Mtk::AccessPoint: "WifiMaster1/AccessPoint2": SSID reset. 
[I] Jan  1 03:00:17 ndm: Network::Interface::Base: "WifiMaster1/AccessPoint2": interface is down. 
[I] Jan  1 03:00:17 ndm: Network::Interface::Base: "WifiMaster1/AccessPoint2": interface is down. 
[I] Jan  1 03:00:17 ndm: Network::Interface::Base: "WifiMaster1/AccessPoint2": network MTU reset to default. 
[I] Jan  1 03:00:17 ndm: Network::Interface::Repository: "WifiMaster1/AccessPoint2" interface created. 
[I] Jan  1 03:00:17 ndm: Network::Interface::Wireless: "WifiMaster0/AccessPoint1": SSID saved. 
[I] Jan  1 03:00:17 ndm: Network::Interface::Mtk::AccessPoint: "WifiMaster0/AccessPoint1": SSID reset. 
[I] Jan  1 03:00:17 ndm: Network::Interface::Base: "WifiMaster0/AccessPoint1": interface is down. 
[I] Jan  1 03:00:17 ndm: Network::Interface::Base: "WifiMaster0/AccessPoint1": interface is down. 
[I] Jan  1 03:00:17 ndm: Network::Interface::Base: "WifiMaster0/AccessPoint1": network MTU reset to default. 
[I] Jan  1 03:00:17 ndm: Network::Interface::Repository: "WifiMaster0/AccessPoint1" interface created. 
[I] Jan  1 03:00:17 ndm: Network::Interface::Wireless: "WifiMaster1/AccessPoint3": SSID saved. 
[I] Jan  1 03:00:17 ndm: Network::Interface::Mtk::AccessPoint: "WifiMaster1/AccessPoint3": SSID reset. 
[I] Jan  1 03:00:17 ndm: Network::Interface::Base: "WifiMaster1/AccessPoint3": interface is down. 
[I] Jan  1 03:00:17 ndm: Network::Interface::Base: "WifiMaster1/AccessPoint3": interface is down. 
[I] Jan  1 03:00:17 ndm: Network::Interface::Base: "WifiMaster1/AccessPoint3": network MTU reset to default. 
[I] Jan  1 03:00:17 ndm: Network::Interface::Repository: "WifiMaster1/AccessPoint3" interface created. 
[I] Jan  1 03:00:17 ndm: Network::Interface::Wireless: "WifiMaster1/AccessPoint0": SSID saved. 
[I] Jan  1 03:00:17 ndm: Network::Interface::Mtk::AccessPoint: "WifiMaster1/AccessPoint0": SSID reset. 
[I] Jan  1 03:00:17 ndm: Network::Interface::Base: "WifiMaster1/AccessPoint0": interface is down. 
[I] Jan  1 03:00:17 ndm: Network::Interface::Base: "WifiMaster1/AccessPoint0": network MTU reset to default. 
[I] Jan  1 03:00:17 ndm: Network::Interface::Repository: "WifiMaster1/AccessPoint0" interface created. 
[I] Jan  1 03:00:17 ndm: Network::Interface::Wireless: "WifiMaster0/AccessPoint2": SSID saved. 
[I] Jan  1 03:00:17 ndm: Network::Interface::Mtk::AccessPoint: "WifiMaster0/AccessPoint2": SSID reset. 
[I] Jan  1 03:00:17 ndm: Network::Interface::Base: "WifiMaster0/AccessPoint2": interface is down. 
[I] Jan  1 03:00:17 ndm: Network::Interface::Base: "WifiMaster0/AccessPoint2": interface is down. 
[I] Jan  1 03:00:17 ndm: Network::Interface::Base: "WifiMaster0/AccessPoint2": network MTU reset to default. 
[I] Jan  1 03:00:17 ndm: Network::Interface::Repository: "WifiMaster0/AccessPoint2" interface created. 
[I] Jan  1 03:00:17 ndm: Network::Interface::Wireless: "WifiMaster1/AccessPoint1": SSID saved. 
[I] Jan  1 03:00:17 ndm: Network::Interface::Mtk::AccessPoint: "WifiMaster1/AccessPoint1": SSID reset. 
[I] Jan  1 03:00:17 ndm: Network::Interface::Base: "WifiMaster1/AccessPoint1": interface is down. 
[I] Jan  1 03:00:17 ndm: Network::Interface::Base: "WifiMaster1/AccessPoint1": interface is down. 
[I] Jan  1 03:00:17 ndm: Network::Interface::Base: "WifiMaster1/AccessPoint1": network MTU reset to default. 
[I] Jan  1 03:00:17 ndm: Network::Interface::Repository: "WifiMaster1/AccessPoint1" interface created. 
[I] Jan  1 03:00:17 ndm: Network::Interface::Wireless: "WifiMaster0/AccessPoint3": SSID saved. 
[I] Jan  1 03:00:17 ndm: Network::Interface::Mtk::AccessPoint: "WifiMaster0/AccessPoint3": SSID reset. 
[I] Jan  1 03:00:17 ndm: Network::Interface::Base: "WifiMaster0/AccessPoint3": interface is down. 
[I] Jan  1 03:00:17 ndm: Network::Interface::Base: "WifiMaster0/AccessPoint3": interface is down. 
[I] Jan  1 03:00:17 ndm: Network::Interface::Base: "WifiMaster0/AccessPoint3": network MTU reset to default. 
[I] Jan  1 03:00:17 ndm: Network::Interface::Repository: "WifiMaster0/AccessPoint3" interface created. 
[I] Jan  1 03:00:17 ndm: Network::Interface::Base: "WifiMaster0/WifiStation0": interface is down. 
[I] Jan  1 03:00:17 ndm: Network::Interface::Base: "WifiMaster0/WifiStation0": network MTU reset to default. 
[I] Jan  1 03:00:17 ndm: Network::Interface::Repository: "WifiMaster0/WifiStation0" interface created. 
[I] Jan  1 03:00:17 ndm: Network::Interface::Base: "WifiMaster1/WifiStation0": interface is down. 
[I] Jan  1 03:00:17 ndm: Network::Interface::Base: "WifiMaster1/WifiStation0": network MTU reset to default. 
[I] Jan  1 03:00:17 ndm: Network::Interface::Repository: "WifiMaster1/WifiStation0" interface created. 
[I] Jan  1 03:00:17 ndm: Network::Interface::Mtk::WifiMonitor: added system name for "WifiMaster0/Backhaul0". 
[I] Jan  1 03:00:17 ndm: Network::Interface::Mtk::WifiMonitor: added system name for "WifiMaster1/Backhaul0". 
[I] Jan  1 03:00:17 ndm: Core::FileSystem::Dynamic: "ndm:": registered "wifi-configuration.dat" node. 
[I] Jan  1 03:00:17 ndm: Network::Interface::Mtk::WifiController: backhaul STP disabled. 
[I] Jan  1 03:00:17 ndm: Network::Interface::Mtk::WifiController: "WifiMaster0/Backhaul0": set metric 1. 
[I] Jan  1 03:00:17 ndnproxy: NDM DNS Proxy, v1.3.0b63. 
[I] Jan  1 03:00:17 ndnproxy: PID file: /var/ndnproxymain.pid. 
[I] Jan  1 03:00:17 ndnproxy: stats. file: /var/ndnproxymain.stat. 
[I] Jan  1 03:00:23 ndm: Network::Interface::Mtk::WifiController: "WifiMaster0/Backhaul0": activated. 
[I] Jan  1 03:00:23 ndm: Network::Interface::Mtk::WifiController: "WifiMaster1/Backhaul0": set metric 1. 
[I] Jan  1 03:00:23 ndm: Network::Interface::Mtk::WifiController: "WifiMaster1/Backhaul0": activated. 
[I] Jan  1 03:00:23 ndm: Network::Interface::Mtk::WifiController: backhaul activated. 
[I] Jan  1 03:00:23 ndm: PingCheck::Profile: "default": update interval is changed to 10 seconds. 
[I] Jan  1 03:00:23 ndm: PingCheck::Profile: "default": uses tls mode. 
[I] Jan  1 03:00:23 ndm: PingCheck::Profile: "default": uses port 443 for testing. 
[I] Jan  1 03:00:23 ndm: PingCheck::Profile: "default": add host "ya.ru" for testing. 
[I] Jan  1 03:00:23 ndm: PingCheck::Profile: "default": add host "vk.com" for testing. 
[I] Jan  1 03:00:23 ndm: PingCheck::Profile: "default": add host "youtube.com" for testing. 
[I] Jan  1 03:00:23 ndm: Core::System::DriverManager: loading /lib/modules/4.9-ndm-5/ntc.ko. 
[I] Jan  1 03:00:23 kernel: ntc: NDM Traffic Control Module, v8.0.20
[I] Jan  1 03:00:23 ndm: Core::Authenticator: "webdav" tag registered. 
[I] Jan  1 03:00:23 ndm: WebDav::Server: has no temporary directory, unable to start. 
[I] Jan  1 03:00:23 ndm: Module::Manager: loaded 43 modules. 
[I] Jul 12 20:14:01 ndm: Core::System::Clock: system time has been changed. 
[I] Jul 12 20:14:01 ndm: Core::FileSystem::Proc: system setting saved. 
[I] Jul 12 20:14:01 ndm: Core::Syslog: last message repeated 14 times.
[I] Jul 12 20:14:01 ndm: Core::System::Domainname: the system domain name set. 
[I] Jul 12 20:14:01 ndm: Core::System::Hostname: the host name set. 
[I] Jul 12 20:14:01 ndm: Core::System::Caption: template set to default. 
[I] Jul 12 20:14:01 ndm: Core::Ndss: dump-reporting enabled. 
[I] Jul 12 20:14:01 ndm: Core::Schedule::Manager: created schedule "schedule0". 
[I] Jul 12 20:14:01 ndm: Core::Schedule::Manager: updated description of "schedule0". 
[I] Jul 12 20:14:01 ndm: Core::Schedule::Manager: updated schedule "schedule0". 
[I] Jul 12 20:14:01 ndm: Core::Schedule::Manager: updated schedule "schedule0". 
[I] Jul 12 20:14:01 ndm: Core::KnownHosts: new host "Galaxy-Tab-S6" has been created. 
[I] Jul 12 20:14:01 ndm: Core::KnownHosts: new host "S21-pol-zovatela-Mihail" has been created. 
[I] Jul 12 20:14:01 ndm: Core::KnownHosts: new host "DESKTOP-HS7M4VT" has been created. 
[I] Jul 12 20:14:01 ndm: Core::KnownHosts: new host "Z-Flip4-pol-zovatela-Ol-ga" has been created. 
[I] Jul 12 20:14:01 ndm: Core::KnownHosts: new host "we1626" has been created. 
[I] Jul 12 20:14:01 ndm: Core::KnownHosts: new host "Galaxy-A5-2016" has been created. 
[I] Jul 12 20:14:01 ndm: Core::KnownHosts: new host "S21-Ultra-pol-zovatela-Viktoo" has been created. 
[I] Jul 12 20:14:01 ndm: Core::KnownHosts: new host "Galaxy-A21s-pol-zovatela-Nina" has been created. 
[I] Jul 12 20:14:01 ndm: Core::KnownHosts: new host "S20-pol-zovatela-Ol-ga" has been created. 
[I] Jul 12 20:14:01 ndm: Network::Acl: "_WEBADMIN_UsbLte0" access list created. 
[I] Jul 12 20:14:01 ndm: Network::Acl: rule accepted. 
[I] Jul 12 20:14:01 ndm: Network::Acl: enabled auto-deletion for "_WEBADMIN_UsbLte0" access group. 
[I] Jul 12 20:14:01 ndm: Netfilter::Manager: private networks isolated. 
[I] Jul 12 20:14:01 ndm: Core::Authenticator: password has been set for user "admin". 
[I] Jul 12 20:14:01 ndm: Core::Authenticator: password has been set for user "admin". 
[I] Jul 12 20:14:01 ndm: Core::Authenticator: user "admin" tagged with "cli". 
[I] Jul 12 20:14:01 ndm: Core::Authenticator: user "admin" tagged with "http". 
[I] Jul 12 20:14:01 ndm: Core::Authenticator: user "admin" tagged with "cifs". 
[I] Jul 12 20:14:01 ndm: Core::Authenticator: user "admin" tagged with "printers". 
[I] Jul 12 20:14:01 ndm: Core::Authenticator: user "admin" tagged with "webdav". 
[I] Jul 12 20:14:01 ndm: Network::Interface::Base: "GigabitEthernet0": "base" changed "conf" layer state "disabled" to "running". 
[I] Jul 12 20:14:01 ndm: Network::Interface::Base: "GigabitEthernet0": interface is up. 
[I] Jul 12 20:14:01 ndm: Network::Interface::Base: "GigabitEthernet0/0": renamed to "1". 
[I] Jul 12 20:14:01 ndm: Network::Interface::Switch: "GigabitEthernet0/0": access mode enabled. 
[I] Jul 12 20:14:01 ndm: Network::Interface::Switch: "GigabitEthernet0/0": set access VLAN ID: 1. 
[I] Jul 12 20:14:01 ndm: Network::Interface::Base: "GigabitEthernet0/0": "base" changed "conf" layer state "disabled" to "running". 
[I] Jul 12 20:14:01 ndm: Network::Interface::Base: "GigabitEthernet0/0": interface is up. 
[I] Jul 12 20:14:01 ndm: Network::Interface::Base: "GigabitEthernet0/1": renamed to "2". 
[I] Jul 12 20:14:01 ndm: Network::Interface::Switch: "GigabitEthernet0/1": access mode enabled. 
[I] Jul 12 20:14:01 ndm: Network::Interface::Switch: "GigabitEthernet0/1": set access VLAN ID: 1. 
[I] Jul 12 20:14:01 ndm: Network::Interface::Base: "GigabitEthernet0/1": "base" changed "conf" layer state "disabled" to "running". 
[I] Jul 12 20:14:01 ndm: Network::Interface::Base: "GigabitEthernet0/1": interface is up. 
[I] Jul 12 20:14:01 ndm: Network::Interface::Base: "GigabitEthernet0/2": renamed to "3". 
[I] Jul 12 20:14:01 ndm: Network::Interface::Switch: "GigabitEthernet0/2": access mode enabled. 
[I] Jul 12 20:14:01 ndm: Network::Interface::Switch: "GigabitEthernet0/2": set access VLAN ID: 1. 
[I] Jul 12 20:14:01 ndm: Network::Interface::Base: "GigabitEthernet0/2": "base" changed "conf" layer state "disabled" to "running". 
[I] Jul 12 20:14:01 ndm: Network::Interface::Base: "GigabitEthernet0/2": interface is up. 
[I] Jul 12 20:14:01 ndm: Network::Interface::Base: "GigabitEthernet0/Vlan1": interface is down. 
[I] Jul 12 20:14:01 ndm: Network::Interface::Base: "GigabitEthernet0/Vlan1": network MTU reset to default. 
[I] Jul 12 20:14:01 ndm: Network::Interface::Repository: "GigabitEthernet0/Vlan1" interface created. 
[I] Jul 12 20:14:02 ndm: Network::Interface::Base: "GigabitEthernet0/Vlan1": description saved. 
[I] Jul 12 20:14:02 ndm: Network::Interface::L3Base: "GigabitEthernet0/Vlan1": security level set to "private". 
[I] Jul 12 20:14:02 ndm: Dhcp::Client: GigabitEthernet0/Vlan1 DHCP client DNS host routes are enabled. 
[I] Jul 12 20:14:02 ndm: Dns::InterfaceSpecific: "GigabitEthernet0/Vlan1": accept IPv4 name servers. 
[I] Jul 12 20:14:02 ndm: Network::Interface::Base: "GigabitEthernet0/Vlan1": "base" changed "conf" layer state "disabled" to "running". 
[I] Jul 12 20:14:02 ndm: Network::Interface::Base: "GigabitEthernet0/Vlan1": interface is up. 
[I] Jul 12 20:14:02 ndm: Network::Interface::Base: "GigabitEthernet0/Vlan3": interface is down. 
[I] Jul 12 20:14:02 ndm: Network::Interface::Base: "GigabitEthernet0/Vlan3": network MTU reset to default. 
[I] Jul 12 20:14:02 ndm: Network::Interface::Repository: "GigabitEthernet0/Vlan3" interface created. 
[I] Jul 12 20:14:03 ndm: Network::Interface::L3Base: "GigabitEthernet0/Vlan3": security level set to "public". 
[I] Jul 12 20:14:03 ndm: Dhcp::Client: GigabitEthernet0/Vlan3 DHCP client DNS host routes are enabled. 
[I] Jul 12 20:14:03 ndm: Dns::InterfaceSpecific: "GigabitEthernet0/Vlan3": accept IPv4 name servers. 
[I] Jul 12 20:14:03 ndm: Network::Interface::Base: "GigabitEthernet0/Vlan3": "base" changed "conf" layer state "disabled" to "running". 
[I] Jul 12 20:14:03 ndm: Network::Interface::Base: "GigabitEthernet0/Vlan3": interface is up. 
[I] Jul 12 20:14:03 ndm: Network::Interface::Base: "GigabitEthernet1": renamed to "ISP". 
[I] Jul 12 20:14:03 ndm: Network::Interface::Base: "GigabitEthernet1": description saved. 
[I] Jul 12 20:14:03 ndm: Network::Interface::Mac: "GigabitEthernet1": MAC address reset to factory 50:ff:20:95:a3:a3. 
[I] Jul 12 20:14:03 ndm: Network::Interface::L3Base: "GigabitEthernet1": security level set to "public". 
[I] Jul 12 20:14:03 ndm: Dhcp::Client: started DHCP client on GigabitEthernet1. 
[I] Jul 12 20:14:03 ndm: Dhcp::Client: GigabitEthernet1 DHCP client hostname is set to Keenetic-8617. 
[I] Jul 12 20:14:03 ndm: Dhcp::Client: GigabitEthernet1 DHCP client DNS host routes are enabled. 
[I] Jul 12 20:14:03 ndm: Dns::InterfaceSpecific: "GigabitEthernet1": accept IPv4 name servers. 
[I] Jul 12 20:14:03 ndm: Network::Interface::Base: "GigabitEthernet1": static MTU is 1500. 
[I] Jul 12 20:14:03 ndm: Network::Interface::L3Base: "GigabitEthernet1": global priority is 33167. 
[I] Jul 12 20:14:03 ndm: Igmp::Proxy: upstream role assigned to GigabitEthernet1. 
[I] Jul 12 20:14:03 ndm: Network::Interface::Ip6: "GigabitEthernet1": accept address provided by the interface network. 
[I] Jul 12 20:14:03 ndm: Network::Interface::Ip6: "GigabitEthernet1": accept prefixes provided by the interface network. 
[I] Jul 12 20:14:03 ndm: Dns::InterfaceSpecific: "GigabitEthernet1": accept IPv6 name servers. 
[I] Jul 12 20:14:03 ndm: Network::Interface::Base: "GigabitEthernet1": "base" changed "conf" layer state "disabled" to "running". 
[I] Jul 12 20:14:03 ndm: Network::Interface::Base: "GigabitEthernet1": interface is up. 
[I] Jul 12 20:14:03 ndm: Network::Interface::Base: "GigabitEthernet1/0": renamed to "0". 
[I] Jul 12 20:14:03 ndm: Network::Interface::Base: "GigabitEthernet1/0": "base" changed "conf" layer state "disabled" to "running". 
[I] Jul 12 20:14:03 ndm: Network::Interface::Base: "GigabitEthernet1/0": interface is up. 
[I] Jul 12 20:14:03 ndm: Network::Interface::Mtk::WifiMaster: "WifiMaster0": country code set to RU (Russian Federation). 
[I] Jul 12 20:14:03 ndm: Network::Interface::Mtk::WifiMaster: "WifiMaster0": PHY mode set. 
[I] Jul 12 20:14:03 ndm: Network::Interface::Mtk::WifiMaster: "WifiMaster0": channel set to 7. 
[I] Jul 12 20:14:03 ndm: Network::Interface::Mtk::WifiMaster: "WifiMaster0": channel bandwidth setting applied. 
[I] Jul 12 20:14:03 ndm: Network::Interface::Mtk::WifiMaster: "WifiMaster0": TX burst enabled. 
[I] Jul 12 20:14:03 ndm: Network::Interface::Mtk::WifiMaster: "WifiMaster0": explicit beamforming enabled. 
[I] Jul 12 20:14:03 ndm: Network::Interface::Mtk::WifiMaster: "WifiMaster0": VHT enabled. 
[I] Jul 12 20:14:03 ndm: Network::Interface::Mtk::WifiMaster: "WifiMaster0": 11ac/ax downlink-mumimo enabled. 
[I] Jul 12 20:14:03 ndm: Network::Interface::Mtk::WifiMaster: "WifiMaster0": 11ax uplink-mumimo enabled. 
[I] Jul 12 20:14:03 ndm: Network::Interface::Mtk::WifiMaster: "WifiMaster0": 11ax spatial reuse enabled. 
[I] Jul 12 20:14:03 ndm: Network::Interface::Base: "WifiMaster0": "base" changed "conf" layer state "disabled" to "running". 
[I] Jul 12 20:14:03 ndm: Network::Interface::Base: "WifiMaster0": interface is up. 
[I] Jul 12 20:14:03 ndm: Network::Interface::Base: "WifiMaster0/AccessPoint0": renamed to "AccessPoint". 
[I] Jul 12 20:14:03 ndm: Network::Interface::Base: "WifiMaster0/AccessPoint0": description saved. 
[I] Jul 12 20:14:03 ndm: Network::Interface::EthernetIp: "WifiMaster0/AccessPoint0": ACL type unchanged. 
[I] Jul 12 20:14:03 ndm: Network::Interface::L3Base: "WifiMaster0/AccessPoint0": security level set to "private". 
[I] Jul 12 20:14:03 ndm: Network::Interface::Mtk::Wps: "WifiMaster0/AccessPoint0": WPS enabled. 
[I] Jul 12 20:14:03 ndm: Network::Interface::Mtk::Wps: "WifiMaster0/AccessPoint0": an auto self PIN mode disabled. 
[I] Jul 12 20:14:03 ndm: Network::Interface::Wifi: "WifiMaster0/AccessPoint0": WPA PSK set. 
[I] Jul 12 20:14:03 ndm: Network::Interface::Mtk::AccessPoint: "WifiMaster0/AccessPoint0": wireless encryption enabled. 
[I] Jul 12 20:14:03 ndm: Network::Interface::Mtk::AccessPoint: "WifiMaster0/AccessPoint0": WPA2 enabled. 
[I] Jul 12 20:14:03 ndm: Dhcp::Client: WifiMaster0/AccessPoint0 DHCP client DNS host routes are enabled. 
[I] Jul 12 20:14:03 ndm: Dns::InterfaceSpecific: "WifiMaster0/AccessPoint0": accept IPv4 name servers. 
[I] Jul 12 20:14:03 ndm: Network::Interface::Wireless: "WifiMaster0/AccessPoint0": SSID saved. 
[I] Jul 12 20:14:03 ndm: Network::Interface::Mtk::AccessPoint: "WifiMaster0/AccessPoint0": WMM extensions enabled. 
[I] Jul 12 20:14:03 ndm: Network::Interface::Mtk::AccessPoint: "WifiMaster0/AccessPoint0": RRM enabled. 
[I] Jul 12 20:14:03 ndm: Network::Interface::Mtk::AccessPoint: "WifiMaster0/AccessPoint0": BTM enabled. 
[I] Jul 12 20:14:03 ndm: Network::Interface::Mtk::AccessPoint: "WifiMaster0/AccessPoint0": fast transition MDID set to "vU". 
[I] Jul 12 20:14:03 ndm: Network::Interface::Mtk::AccessPoint: "WifiMaster0/AccessPoint0": fast transition enabled. 
[I] Jul 12 20:14:03 ndm: Network::Interface::Base: "WifiMaster0/AccessPoint0": "base" changed "conf" layer state "disabled" to "running". 
[I] Jul 12 20:14:03 ndm: Network::Interface::Base: "WifiMaster0/AccessPoint0": interface is up. 
[I] Jul 12 20:14:03 ndm: Network::Interface::Base: "WifiMaster0/AccessPoint1": renamed to "GuestWiFi". 
[I] Jul 12 20:14:03 ndm: Network::Interface::Base: "WifiMaster0/AccessPoint1": description saved. 
[I] Jul 12 20:14:03 ndm: Network::Interface::EthernetIp: "WifiMaster0/AccessPoint1": ACL type unchanged. 
[I] Jul 12 20:14:03 ndm: Network::Interface::L3Base: "WifiMaster0/AccessPoint1": security level set to "private". 
[I] Jul 12 20:14:03 ndm: Dhcp::Client: WifiMaster0/AccessPoint1 DHCP client DNS host routes are enabled. 
[I] Jul 12 20:14:03 ndm: Dns::InterfaceSpecific: "WifiMaster0/AccessPoint1": accept IPv4 name servers. 
[I] Jul 12 20:14:03 ndm: Network::Interface::Wireless: "WifiMaster0/AccessPoint1": SSID saved. 
[I] Jul 12 20:14:03 ndm: Network::Interface::Mtk::AccessPoint: "WifiMaster0/AccessPoint1": WMM extensions enabled. 
[I] Jul 12 20:14:03 ndm: Network::Interface::Mtk::AccessPoint: "WifiMaster0/AccessPoint1": RRM enabled. 
[I] Jul 12 20:14:03 ndm: Network::Interface::Mtk::AccessPoint: "WifiMaster0/AccessPoint1": BTM enabled. 
[I] Jul 12 20:14:03 ndm: Network::Interface::Mtk::AccessPoint: "WifiMaster0/AccessPoint1": fast transition MDID set to "PU". 
[I] Jul 12 20:14:03 ndm: Network::Interface::Mtk::AccessPoint: "WifiMaster0/AccessPoint1": fast transition enabled. 
[I] Jul 12 20:14:03 ndm: Network::Interface::Base: "WifiMaster0/AccessPoint1": interface is down. 
[I] Jul 12 20:14:03 ndm: Network::Interface::EthernetIp: "WifiMaster0/AccessPoint2": ACL type unchanged. 
[I] Jul 12 20:14:03 ndm: Network::Interface::L3Base: "WifiMaster0/AccessPoint2": security level set to "private". 
[I] Jul 12 20:14:03 ndm: Dhcp::Client: WifiMaster0/AccessPoint2 DHCP client DNS host routes are enabled. 
[I] Jul 12 20:14:03 ndm: Dns::InterfaceSpecific: "WifiMaster0/AccessPoint2": accept IPv4 name servers. 
[I] Jul 12 20:14:03 ndm: Network::Interface::Base: "WifiMaster0/AccessPoint2": interface is down. 
[I] Jul 12 20:14:03 ndm: Network::Interface::EthernetIp: "WifiMaster0/AccessPoint3": ACL type unchanged. 
[I] Jul 12 20:14:03 ndm: Network::Interface::L3Base: "WifiMaster0/AccessPoint3": security level set to "private". 
[I] Jul 12 20:14:03 ndm: Dhcp::Client: WifiMaster0/AccessPoint3 DHCP client DNS host routes are enabled. 
[I] Jul 12 20:14:03 ndm: Dns::InterfaceSpecific: "WifiMaster0/AccessPoint3": accept IPv4 name servers. 
[I] Jul 12 20:14:03 ndm: Network::Interface::Base: "WifiMaster0/AccessPoint3": interface is down. 
[I] Jul 12 20:14:03 ndm: Network::Interface::L3Base: "WifiMaster0/WifiStation0": security level set to "public". 
[I] Jul 12 20:14:03 ndm: Network::Interface::Wifi: "WifiMaster0/WifiStation0": WPA PSK set. 
[I] Jul 12 20:14:03 ndm: Network::Interface::Mtk::WifiStation: "WifiMaster0/WifiStation0": wireless encryption enabled. 
[I] Jul 12 20:14:03 ndm: Network::Interface::Mtk::WifiStation: "WifiMaster0/WifiStation0": WPA2 algorithms enabled. 
[I] Jul 12 20:14:03 ndm: Dhcp::Client: started DHCP client on WifiMaster0/WifiStation0. 
[I] Jul 12 20:14:03 ndm: Dhcp::Client: WifiMaster0/WifiStation0 DHCP client hostname is set to Keenetic-8617. 
[I] Jul 12 20:14:03 ndm: Dhcp::Client: WifiMaster0/WifiStation0 DHCP client DNS host routes are enabled. 
[I] Jul 12 20:14:03 ndm: Dns::InterfaceSpecific: "WifiMaster0/WifiStation0": accept IPv4 name servers. 
[I] Jul 12 20:14:03 ndm: Network::Interface::L3Base: "WifiMaster0/WifiStation0": global priority is 48844. 
[I] Jul 12 20:14:03 ndm: Network::Interface::Wireless: "WifiMaster0/WifiStation0": SSID saved. 
[I] Jul 12 20:14:03 kernel: IPv6: ADDRCONF(NETDEV_UP): apcli1: link is not ready
[I] Jul 12 20:14:03 ndm: Network::Interface::Base: "WifiMaster0/WifiStation0": "base" changed "conf" layer state "disabled" to "running". 
[I] Jul 12 20:14:03 ndm: Network::Interface::Base: "WifiMaster0/WifiStation0": interface is up. 
[I] Jul 12 20:14:03 ndm: Network::Interface::Mtk::WifiMaster: "WifiMaster1": country code set to RU (Russian Federation). 
[I] Jul 12 20:14:03 ndm: Network::Interface::Mtk::WifiMaster: "WifiMaster1": PHY mode set. 
[I] Jul 12 20:14:03 ndm: Network::Interface::Mtk::WifiMaster: "WifiMaster1": channel bandwidth setting applied. 
[I] Jul 12 20:14:03 ndm: Network::Interface::Mtk::WifiMaster: "WifiMaster1": TX burst enabled. 
[I] Jul 12 20:14:03 ndm: Network::Interface::Mtk::WifiMaster: "WifiMaster1": band steering enabled. 
[I] Jul 12 20:14:03 ndm: Network::Interface::Mtk::WifiMaster: "WifiMaster1": explicit beamforming enabled. 
[I] Jul 12 20:14:03 ndm: Network::Interface::Mtk::WifiMaster: "WifiMaster1": 11ax TWT enabled. 
[I] Jul 12 20:14:03 ndm: Network::Interface::Mtk::WifiMaster: "WifiMaster1": 11ac/ax downlink-mumimo enabled. 
[I] Jul 12 20:14:03 ndm: Network::Interface::Mtk::WifiMaster: "WifiMaster1": 11ax uplink-mumimo enabled. 
[I] Jul 12 20:14:03 ndm: Network::Interface::Mtk::WifiMaster: "WifiMaster1": 11ax spatial reuse enabled. 
[I] Jul 12 20:14:03 ndm: Network::Interface::Base: "WifiMaster1": "base" changed "conf" layer state "disabled" to "running". 
[I] Jul 12 20:14:03 ndm: Network::Interface::Base: "WifiMaster1": interface is up. 
[I] Jul 12 20:14:03 ndm: Network::Interface::Base: "WifiMaster1/AccessPoint0": renamed to "AccessPoint_5G". 
[I] Jul 12 20:14:03 ndm: Network::Interface::Base: "WifiMaster1/AccessPoint0": description saved. 
[I] Jul 12 20:14:03 ndm: Network::Interface::EthernetIp: "WifiMaster1/AccessPoint0": ACL type unchanged. 
[I] Jul 12 20:14:03 ndm: Network::Interface::L3Base: "WifiMaster1/AccessPoint0": security level set to "private". 
[I] Jul 12 20:14:03 ndm: Network::Interface::Mtk::Wps: "WifiMaster1/AccessPoint0": WPS enabled. 
[I] Jul 12 20:14:03 ndm: Network::Interface::Mtk::Wps: "WifiMaster1/AccessPoint0": an auto self PIN mode disabled. 
[I] Jul 12 20:14:03 ndm: Network::Interface::Wifi: "WifiMaster1/AccessPoint0": WPA PSK set. 
[I] Jul 12 20:14:03 ndm: Network::Interface::Mtk::AccessPoint: "WifiMaster1/AccessPoint0": wireless encryption enabled. 
[I] Jul 12 20:14:03 ndm: Network::Interface::Mtk::AccessPoint: "WifiMaster1/AccessPoint0": WPA2 enabled. 
[I] Jul 12 20:14:03 ndm: Dhcp::Client: WifiMaster1/AccessPoint0 DHCP client DNS host routes are enabled. 
[I] Jul 12 20:14:03 ndm: Dns::InterfaceSpecific: "WifiMaster1/AccessPoint0": accept IPv4 name servers. 
[I] Jul 12 20:14:03 ndm: Network::Interface::Wireless: "WifiMaster1/AccessPoint0": SSID saved. 
[I] Jul 12 20:14:03 ndm: Network::Interface::Mtk::AccessPoint: "WifiMaster1/AccessPoint0": WMM extensions enabled. 
[I] Jul 12 20:14:03 ndm: Network::Interface::Mtk::AccessPoint: "WifiMaster1/AccessPoint0": RRM enabled. 
[I] Jul 12 20:14:03 ndm: Network::Interface::Mtk::AccessPoint: "WifiMaster1/AccessPoint0": BTM enabled. 
[I] Jul 12 20:14:03 ndm: Network::Interface::Mtk::AccessPoint: "WifiMaster1/AccessPoint0": fast transition MDID set to "vU". 
[I] Jul 12 20:14:03 ndm: Network::Interface::Mtk::AccessPoint: "WifiMaster1/AccessPoint0": fast transition enabled. 
[I] Jul 12 20:14:03 ndm: Network::Interface::AccessPoint: "WifiMaster1/AccessPoint0": set to follow WifiMaster0/AccessPoint0. 
[I] Jul 12 20:14:04 kernel: IPv6: ADDRCONF(NETDEV_UP): ra0: link is not ready
[I] Jul 12 20:14:03 ndm: Network::Interface::Base: "WifiMaster1/AccessPoint0": "base" changed "conf" layer state "disabled" to "running". 
[I] Jul 12 20:14:03 ndm: Network::Interface::Base: "WifiMaster1/AccessPoint0": interface is up. 
[I] Jul 12 20:14:03 ndm: Network::Interface::Base: "WifiMaster1/AccessPoint1": renamed to "GuestWiFi_5G". 
[I] Jul 12 20:14:03 ndm: Network::Interface::Base: "WifiMaster1/AccessPoint1": description saved. 
[I] Jul 12 20:14:03 ndm: Network::Interface::EthernetIp: "WifiMaster1/AccessPoint1": ACL type unchanged. 
[I] Jul 12 20:14:03 ndm: Network::Interface::L3Base: "WifiMaster1/AccessPoint1": security level set to "private". 
[I] Jul 12 20:14:03 ndm: Network::Interface::Mtk::AccessPoint: "WifiMaster1/AccessPoint1": wireless encryption disabled. 
[I] Jul 12 20:14:03 ndm: Dhcp::Client: WifiMaster1/AccessPoint1 DHCP client DNS host routes are enabled. 
[I] Jul 12 20:14:03 ndm: Dns::InterfaceSpecific: "WifiMaster1/AccessPoint1": accept IPv4 name servers. 
[I] Jul 12 20:14:03 ndm: Network::Interface::Wireless: "WifiMaster1/AccessPoint1": SSID saved. 
[I] Jul 12 20:14:03 ndm: Network::Interface::Mtk::AccessPoint: "WifiMaster1/AccessPoint1": RRM enabled. 
[I] Jul 12 20:14:03 ndm: Network::Interface::Mtk::AccessPoint: "WifiMaster1/AccessPoint1": BTM enabled. 
[I] Jul 12 20:14:04 ndm: Network::Interface::Mtk::AccessPoint: "WifiMaster1/AccessPoint1": fast transition MDID set to "PU". 
[I] Jul 12 20:14:04 ndm: Network::Interface::Mtk::AccessPoint: "WifiMaster1/AccessPoint1": fast transition enabled. 
[I] Jul 12 20:14:04 ndm: Network::Interface::AccessPoint: "WifiMaster1/AccessPoint1": set to follow WifiMaster0/AccessPoint1. 
[I] Jul 12 20:14:04 ndm: Network::Interface::Base: "WifiMaster1/AccessPoint1": interface is down. 
[I] Jul 12 20:14:04 ndm: Network::Interface::EthernetIp: "WifiMaster1/AccessPoint2": ACL type unchanged. 
[I] Jul 12 20:14:04 ndm: Network::Interface::L3Base: "WifiMaster1/AccessPoint2": security level set to "private". 
[I] Jul 12 20:14:04 ndm: Dhcp::Client: WifiMaster1/AccessPoint2 DHCP client DNS host routes are enabled. 
[I] Jul 12 20:14:04 ndm: Dns::InterfaceSpecific: "WifiMaster1/AccessPoint2": accept IPv4 name servers. 
[I] Jul 12 20:14:04 ndm: Network::Interface::Base: "WifiMaster1/AccessPoint2": interface is down. 
[I] Jul 12 20:14:04 ndm: Network::Interface::EthernetIp: "WifiMaster1/AccessPoint3": ACL type unchanged. 
[I] Jul 12 20:14:04 ndm: Network::Interface::L3Base: "WifiMaster1/AccessPoint3": security level set to "private". 
[I] Jul 12 20:14:04 ndm: Dhcp::Client: WifiMaster1/AccessPoint3 DHCP client DNS host routes are enabled. 
[I] Jul 12 20:14:04 ndm: Dns::InterfaceSpecific: "WifiMaster1/AccessPoint3": accept IPv4 name servers. 
[I] Jul 12 20:14:04 ndm: Network::Interface::Base: "WifiMaster1/AccessPoint3": interface is down. 
[I] Jul 12 20:14:04 ndm: Network::Interface::L3Base: "WifiMaster1/WifiStation0": security level set to "public". 
[I] Jul 12 20:14:04 ndm: Network::Interface::Mtk::WifiStation: "WifiMaster1/WifiStation0": wireless encryption disabled. 
[I] Jul 12 20:14:04 ndm: Dhcp::Client: WifiMaster1/WifiStation0 DHCP client DNS host routes are enabled. 
[I] Jul 12 20:14:04 ndm: Dns::InterfaceSpecific: "WifiMaster1/WifiStation0": accept IPv4 name servers. 
[I] Jul 12 20:14:04 ndm: Network::Interface::Base: "WifiMaster1/WifiStation0": interface is down. 
[I] Jul 12 20:14:04 ndm: Network::Interface::Base: "UsbLte0": interface is down. 
[I] Jul 12 20:14:04 ndm: Network::Interface::Base: "UsbLte0": network MTU reset to default. 
[I] Jul 12 20:14:04 kernel: IPv6: ADDRCONF(NETDEV_UP): lte_br0: link is not ready
[I] Jul 12 20:14:04 ndm: Network::Interface::Base: "UsbLte0": "base" changed "conf" layer state "disabled" to "running". 
[I] Jul 12 20:14:04 ndm: Network::Interface::Base: "UsbLte0": interface is up. 
[I] Jul 12 20:14:04 ndm: Network::Interface::Repository: "UsbLte0" interface created. 
[I] Jul 12 20:14:04 kernel: IPv6: ADDRCONF(NETDEV_CHANGE): ra0: link becomes ready
[I] Jul 12 20:14:05 ndm: Network::Interface::Mtk::WifiMonitor: "WifiMaster0/WifiStation0": no SSID specified, Wi-Fi client is in a suspended state. 
[I] Jul 12 20:14:05 ndm: Network::Interface::Base: "UsbLte0": description saved. 
[I] Jul 12 20:14:05 ndm: Network::Interface::Usb: "UsbLte0": device ID assigned. 
[I] Jul 12 20:14:05 ndm: Mobile::Interface: "UsbLte0": ACQ saved. 
[I] Jul 12 20:14:05 ndm: Network::Interface::L3Base: "UsbLte0": security level set to "public". 
[I] Jul 12 20:14:05 ndm: Dns::InterfaceSpecific: "UsbLte0": accept IPv4 name servers. 
[I] Jul 12 20:14:05 ndm: Mobile::Interface: "UsbLte0": packet data protocol is set to "ipv4v6". 
[I] Jul 12 20:14:05 ndm: Mobile::Interface: "UsbLte0": WCDMA band 1 disabled. 
[I] Jul 12 20:14:05 ndm: Mobile::Interface: "UsbLte0": WCDMA band 5 disabled. 
[I] Jul 12 20:14:05 ndm: Mobile::Interface: "UsbLte0": WCDMA band 8 disabled. 
[I] Jul 12 20:14:05 ndm: Mobile::Interface: "UsbLte0": LTE band 1 disabled. 
[I] Jul 12 20:14:05 ndm: Mobile::Interface: "UsbLte0": LTE band 5 disabled. 
[I] Jul 12 20:14:05 ndm: Mobile::Interface: "UsbLte0": LTE band 8 disabled. 
[I] Jul 12 20:14:05 ndm: Mobile::Interface: "UsbLte0": LTE band 20 disabled. 
[I] Jul 12 20:14:05 ndm: Mobile::Interface: "UsbLte0": LTE band 28 disabled. 
[I] Jul 12 20:14:05 ndm: Mobile::Interface: "UsbLte0": LTE band 38 disabled. 
[I] Jul 12 20:14:05 ndm: Mobile::Interface: "UsbLte0": LTE band 40 disabled. 
[I] Jul 12 20:14:05 ndm: Mobile::Interface: "UsbLte0": LTE band 41 disabled. 
[I] Jul 12 20:14:05 ndm: Mobile::TrafficCounter: "UsbLte0": enabled. 
[I] Jul 12 20:14:05 ndm: Mobile::TrafficCounter: "UsbLte0": set limit to 350 GiB. 
[I] Jul 12 20:14:05 ndm: Mobile::TrafficCounter: "UsbLte0": set treshold to 90 percent of the limit. 
[I] Jul 12 20:14:05 ndm: Mobile::TrafficCounter: "UsbLte0": set day of month to "1". 
[I] Jul 12 20:14:05 ndm: Dhcp::Client: started DHCP client on UsbLte0. 
[I] Jul 12 20:14:05 ndm: Dhcp::Client: UsbLte0 DHCP client DNS host routes are enabled. 
[I] Jul 12 20:14:05 ndm: Dns::InterfaceSpecific: "UsbLte0": accept IPv4 name servers. 
[I] Jul 12 20:14:05 ndm: Network::Acl: input "_WEBADMIN_UsbLte0" access list added to "UsbLte0". 
[I] Jul 12 20:14:05 ndm: Network::Interface::L3Base: "UsbLte0": global priority is 64522. 
[I] Jul 12 20:14:05 ndm: Network::Interface::Ip6: "UsbLte0": accept address provided by the interface network. 
[I] Jul 12 20:14:05 ndm: Network::Interface::Ip6: "UsbLte0": accept prefixes provided by the interface network. 
[I] Jul 12 20:14:05 ndm: Dns::InterfaceSpecific: "UsbLte0": accept IPv6 name servers. 
[I] Jul 12 20:14:05 ndm: Network::Interface::Base: "UsbLte0": interface is up. 
[I] Jul 12 20:14:05 ndm: Network::Interface::Base: "Bridge0": interface is down. 
[I] Jul 12 20:14:05 ndm: Network::Interface::Base: "Bridge0": network MTU reset to default. 
[I] Jul 12 20:14:05 ndm: Network::Interface::Base: "Bridge0": "base" changed "conf" layer state "disabled" to "running". 
[I] Jul 12 20:14:05 ndm: Network::Interface::Base: "Bridge0": interface is up. 
[I] Jul 12 20:14:05 ndm: Network::Interface::Repository: "Bridge0" interface created. 
[I] Jul 12 20:14:06 ndm: Network::Interface::Base: "Bridge0": renamed to "Home". 
[I] Jul 12 20:14:06 ndm: Network::Interface::Base: "Bridge0": description saved. 
[I] Jul 12 20:14:06 kernel: br0: port 1(eth2.1) entered blocking state
[I] Jul 12 20:14:06 kernel: br0: port 1(eth2.1) entered disabled state
[I] Jul 12 20:14:06 kernel: device eth2.1 entered promiscuous mode
[I] Jul 12 20:14:06 kernel: device eth2 entered promiscuous mode
[I] Jul 12 20:14:06 kernel: br0: port 1(eth2.1) entered blocking state
[I] Jul 12 20:14:06 kernel: br0: port 1(eth2.1) entered forwarding state
[I] Jul 12 20:14:06 kernel: br0: disabled STP choke for port 1(eth2.1)
[I] Jul 12 20:14:06 ndm: Network::Interface::Base: "Bridge0": interface is up. 
[I] Jul 12 20:14:06 ndm: Network::Interface::L3Base: "Bridge0": global priority unchanged. 
[I] Jul 12 20:14:06 ndm: Network::Interface::L3Base: "Bridge0": global priority cleared. 
[I] Jul 12 20:14:06 ndm: Network::Interface::Ip: "Bridge0": IP address cleared. 
[I] Jul 12 20:14:06 ndm: Network::Interface::Ip: "Bridge0": IP address cleared. 
[I] Jul 12 20:14:06 ndm: Network::Interface::Mac: "Bridge0": backed up the default address 50:ff:20:95:a3:a2 of "Home" before changing. 
[I] Jul 12 20:14:06 kernel: br0: port 1(eth2.1) entered disabled state
[I] Jul 12 20:14:06 kernel: br0: port 1(eth2.1) entered blocking state
[I] Jul 12 20:14:06 kernel: br0: port 1(eth2.1) entered forwarding state
[I] Jul 12 20:14:06 ndm: Network::Interface::Mac: "Bridge0": MAC address is 50:ff:20:95:a3:a2. 
[I] Jul 12 20:14:06 ndm: Network::Interface::Bridge: "Bridge0": GigabitEthernet0/Vlan1 inherited in Bridge0. 
[I] Jul 12 20:14:06 kernel: br0: port 2(ra5) entered blocking state
[I] Jul 12 20:14:06 kernel: br0: port 2(ra5) entered disabled state
[I] Jul 12 20:14:06 kernel: device ra5 entered promiscuous mode
[I] Jul 12 20:14:06 kernel: br0: port 2(ra5) entered blocking state
[I] Jul 12 20:14:06 kernel: br0: port 2(ra5) entered forwarding state
[I] Jul 12 20:14:06 kernel: br0: disabled STP choke for port 2(ra5)
[I] Jul 12 20:14:06 kernel: br0: port 2(ra5) entered disabled state
[I] Jul 12 20:14:06 kernel: br0: port 1(eth2.1) entered disabled state
[I] Jul 12 20:14:06 kernel: br0: port 2(ra5) entered blocking state
[I] Jul 12 20:14:06 kernel: br0: port 2(ra5) entered forwarding state
[I] Jul 12 20:14:06 kernel: br0: port 1(eth2.1) entered blocking state
[I] Jul 12 20:14:06 kernel: br0: port 1(eth2.1) entered forwarding state
[I] Jul 12 20:14:06 ndm: Network::Interface::Bridge: "Bridge0": AccessPoint included. 
[I] Jul 12 20:14:06 kernel: br0: port 3(ra0) entered blocking state
[I] Jul 12 20:14:06 kernel: br0: port 3(ra0) entered disabled state
[I] Jul 12 20:14:06 kernel: device ra0 entered promiscuous mode
[I] Jul 12 20:14:06 kernel: br0: port 3(ra0) entered blocking state
[I] Jul 12 20:14:06 kernel: br0: port 3(ra0) entered forwarding state
[I] Jul 12 20:14:06 kernel: br0: disabled STP choke for port 3(ra0)
[I] Jul 12 20:14:06 kernel: br0: port 3(ra0) entered disabled state
[I] Jul 12 20:14:06 kernel: br0: port 2(ra5) entered disabled state
[I] Jul 12 20:14:06 kernel: br0: port 1(eth2.1) entered disabled state
[I] Jul 12 20:14:06 kernel: br0: port 3(ra0) entered blocking state
[I] Jul 12 20:14:06 kernel: br0: port 3(ra0) entered forwarding state
[I] Jul 12 20:14:06 kernel: br0: port 2(ra5) entered blocking state
[I] Jul 12 20:14:06 kernel: br0: port 2(ra5) entered forwarding state
[I] Jul 12 20:14:06 kernel: br0: port 1(eth2.1) entered blocking state
[I] Jul 12 20:14:06 kernel: br0: port 1(eth2.1) entered forwarding state
[I] Jul 12 20:14:06 ndm: Network::Interface::Bridge: "Bridge0": AccessPoint_5G included. 
[I] Jul 12 20:14:06 ndm: Network::Interface::EthernetIp: "Bridge0": ACL type unchanged. 
[I] Jul 12 20:14:06 ndm: Network::Interface::L3Base: "Bridge0": security level set to "private". 
[I] Jul 12 20:14:06 ndm: Network::Interface::Ip: "Bridge0": IP address is 192.168.1.1/24. 
[I] Jul 12 20:14:06 ndm: Dhcp::Client: Bridge0 DHCP client DNS host routes are enabled. 
[I] Jul 12 20:14:06 ndm: Dns::InterfaceSpecific: "Bridge0": accept IPv4 name servers. 
[I] Jul 12 20:14:06 ndm: Igmp::Proxy: added downstream interface Bridge0. 
[I] Jul 12 20:14:06 ndm: Network::Interface::Mtk::Iapp: Bridge0 key applied. 
[I] Jul 12 20:14:06 ndm: Network::Interface::Base: "Bridge0": interface is up. 
[I] Jul 12 20:14:06 ndm: Network::Interface::Base: "Bridge1": interface is down. 
[I] Jul 12 20:14:06 ndm: Network::Interface::Base: "Bridge1": network MTU reset to default. 
[I] Jul 12 20:14:06 ndm: Network::Interface::Base: "Bridge1": "base" changed "conf" layer state "disabled" to "running". 
[I] Jul 12 20:14:06 ndm: Network::Interface::Base: "Bridge1": interface is up. 
[I] Jul 12 20:14:06 ndm: Network::Interface::Repository: "Bridge1" interface created. 
[I] Jul 12 20:14:07 ndm: Network::Interface::Base: "Bridge1": renamed to "Guest". 
[I] Jul 12 20:14:07 ndm: Network::Interface::Base: "Bridge1": description saved. 
[I] Jul 12 20:14:07 ndm: TrafficControl::Manager: "Bridge1" interface rate limited to 5120 kbit/s. 
[I] Jul 12 20:14:07 kernel: br1: port 1(eth2.3) entered blocking state
[I] Jul 12 20:14:07 kernel: br1: port 1(eth2.3) entered disabled state
[I] Jul 12 20:14:07 kernel: device eth2.3 entered promiscuous mode
[I] Jul 12 20:14:07 kernel: br1: port 1(eth2.3) entered blocking state
[I] Jul 12 20:14:07 kernel: br1: port 1(eth2.3) entered forwarding state
[I] Jul 12 20:14:07 kernel: br1: disabled STP choke for port 1(eth2.3)
[I] Jul 12 20:14:07 ndm: Network::Interface::Bridge: "Bridge1": GigabitEthernet0/Vlan3 included. 
[I] Jul 12 20:14:07 kernel: br1: port 2(ra6) entered blocking state
[I] Jul 12 20:14:07 kernel: br1: port 2(ra6) entered disabled state
[I] Jul 12 20:14:07 kernel: device ra6 entered promiscuous mode
[I] Jul 12 20:14:07 kernel: br1: disabled STP choke for port 2(ra6)
[I] Jul 12 20:14:07 ndm: Network::Interface::Bridge: "Bridge1": GuestWiFi included. 
[I] Jul 12 20:14:07 kernel: br1: port 3(ra1) entered blocking state
[I] Jul 12 20:14:07 kernel: br1: port 3(ra1) entered disabled state
[I] Jul 12 20:14:07 kernel: device ra1 entered promiscuous mode
[I] Jul 12 20:14:07 kernel: br1: disabled STP choke for port 3(ra1)
[I] Jul 12 20:14:07 ndm: Network::Interface::Bridge: "Bridge1": GuestWiFi_5G included. 
[I] Jul 12 20:14:07 ndm: Network::Interface::EthernetIp: "Bridge1": ACL type unchanged. 
[I] Jul 12 20:14:07 ndm: Network::Interface::Mtk::AccessPoint: "WifiMaster0/AccessPoint1": peer isolation enabled. 
[I] Jul 12 20:14:07 ndm: Network::Interface::Mtk::AccessPoint: "WifiMaster1/AccessPoint1": peer isolation enabled. 
[I] Jul 12 20:14:07 ndm: Network::Interface::EthernetIp: "Bridge1": peer isolation enabled. 
[I] Jul 12 20:14:07 ndm: Network::Interface::L3Base: "Bridge1": security level set to "protected". 
[I] Jul 12 20:14:07 ndm: Network::Interface::Bridge: "Bridge1": set enhanced address "52:ff:20:95:a3:a1". 
[I] Jul 12 20:14:07 ndm: Network::Interface::Mac: "GigabitEthernet0/Vlan3": backed up the default address 50:ff:20:95:a3:a2 of "GigabitEthernet0/Vlan3" before changing. 
[I] Jul 12 20:14:07 kernel: br1: port 1(eth2.3) entered disabled state
[I] Jul 12 20:14:07 kernel: br1: port 1(eth2.3) entered blocking state
[I] Jul 12 20:14:07 kernel: br1: port 1(eth2.3) entered forwarding state
[I] Jul 12 20:14:07 ndm: Network::Interface::Mac: "Bridge1": backed up the default address 52:ff:20:15:a3:a2 of "Guest" before changing. 
[I] Jul 12 20:14:08 kernel: br1: port 1(eth2.3) entered disabled state
[I] Jul 12 20:14:08 kernel: br1: port 1(eth2.3) entered blocking state
[I] Jul 12 20:14:08 kernel: br1: port 1(eth2.3) entered forwarding state
[I] Jul 12 20:14:08 ndm: Network::Interface::Mac: "Bridge1": MAC address is 52:ff:20:95:a3:a1. 
[I] Jul 12 20:14:08 ndm: Network::Interface::Ip: "Bridge1": IP address is 10.1.30.1/24. 
[I] Jul 12 20:14:08 ndm: Dhcp::Client: Bridge1 DHCP client DNS host routes are enabled. 
[I] Jul 12 20:14:08 ndm: Dns::InterfaceSpecific: "Bridge1": accept IPv4 name servers. 
[I] Jul 12 20:14:08 ndm: Network::Interface::Mtk::Iapp: Bridge1 key applied. 
[I] Jul 12 20:14:08 kernel: br1: port 1(eth2.3) entered disabled state
[I] Jul 12 20:14:08 ndm: Network::Interface::Base: "Bridge1": "base" changed "conf" layer state "running" to "disabled". 
[I] Jul 12 20:14:08 ndm: Network::Interface::Base: "Bridge1": interface is down. 
[I] Jul 12 20:14:08 ndm: Dhcp::Pool: "_WEBADMIN": assigned IP address range 192.168.1.33 to 192.168.1.152. 
[I] Jul 12 20:14:08 ndm: Dhcp::Pool: "_WEBADMIN": set lease time: 25200 seconds. 
[I] Jul 12 20:14:08 ndm: Dhcp::Server: pool "_WEBADMIN" bound to interface Home. 
[I] Jul 12 20:14:08 ndm: Dhcp::Server: pool "_WEBADMIN" is enabled. 
[I] Jul 12 20:14:08 ndm: Dhcp::Pool: "_WEBADMIN_GUEST_AP": assigned IP address range 10.1.30.33 to 10.1.30.152. 
[I] Jul 12 20:14:08 ndm: Dhcp::Server: pool "_WEBADMIN_GUEST_AP" bound to interface Guest. 
[I] Jul 12 20:14:08 ndm: Dhcp::Server: pool "_WEBADMIN_GUEST_AP" is enabled. 
[I] Jul 12 20:14:08 ndm: Http::Manager: security level set to private. 
[I] Jul 12 20:14:08 ndm: Http::Manager: bruteforce detection is enabled. 
[I] Jul 12 20:14:08 ndm: Http::Manager: bruteforce detection is reconfigured. 
[I] Jul 12 20:14:08 ndm: Http::Manager: enabled SSL service. 
[I] Jul 12 20:14:08 ndm: Http::Manager: enabled SSL redirect. 
[I] Jul 12 20:14:08 ndm: Http::Manager: WebDAV security level set to public. 
[I] Jul 12 20:14:08 ndm: Network::Nat: a NAT rule added. 
[I] Jul 12 20:14:08 ndm: Network::Nat: a NAT rule added. 
[I] Jul 12 20:14:08 ndm: Telnet::Server: security level unchanged. 
[I] Jul 12 20:14:08 ndm: Telnet::Server: bruteforce detection is reconfigured. 
[I] Jul 12 20:14:08 ndm: Hotspot::Manager: policy "permit" applied to interface "Home". 
[I] Jul 12 20:14:08 ndm: Hotspot::Manager: rule "permit" applied to host "66:91:73:fa:3b:d9". 
[I] Jul 12 20:14:08 ndm: Hotspot::Manager: rule "permit" applied to host "aa:2a:9f:74:86:9f". 
[I] Jul 12 20:14:08 ndm: Hotspot::Manager: rule "permit" applied to host "90:06:28:51:80:d5". 
[I] Jul 12 20:14:08 ndm: Network::Interface::Base: "Bridge0": "ethernet" changed "link" layer state "pending" to "running". 
[I] Jul 12 20:14:08 ndm: Hotspot::Manager: rule "permit" applied to host "96:e1:50:a7:17:d2". 
[I] Jul 12 20:14:08 ndm: Core::System::DriverManager: loading /lib/modules/4.9-ndm-5/nf_conntrack_ftp.ko. 
[I] Jul 12 20:14:08 ndm: Core::System::DriverManager: loading /lib/modules/4.9-ndm-5/nf_nat_ftp.ko. 
[I] Jul 12 20:14:08 ndm: Hotspot::Manager: rule "permit" applied to host "12:d5:6f:09:17:5b". 
[I] Jul 12 20:14:08 ndm: Hotspot::Manager: rule "permit" applied to host "78:a3:51:65:9c:06". 
[I] Jul 12 20:14:08 ndm: Hotspot::Manager: rule "permit" applied to host "ba:85:d7:1b:54:c7". 
[I] Jul 12 20:14:08 ndm: Hotspot::Manager: rule "permit" applied to host "1c:bf:ce:4e:cd:2f". 
[I] Jul 12 20:14:08 ndm: Hotspot::Manager: rule "permit" applied to host "16:49:47:2d:80:b6". 
[I] Jul 12 20:14:08 ndm: Network::Ip6::Subnets: created subnet "Default". 
[I] Jul 12 20:14:08 ndm: Network::Ip6::Subnets: interface "Home" bound to subnet "Default". 
[I] Jul 12 20:14:08 ndm: Network::Ip6::Subnets: number 0 assigned to subnet "Default". 
[I] Jul 12 20:14:08 ndm: Network::Ip6::Subnets: subnet "Default" enabled as SLAAC. 
[E] Jul 12 20:14:08 ndm: Command::Base: no such command: firewall. 
[I] Jul 12 20:14:08 ndm: Network::Interface::Mtk::Ppe: software PPE enabled. 
[I] Jul 12 20:14:08 ndm: Network::Interface::Mtk::Ppe: hardware PPE enabled. 
[E] Jul 12 20:14:08 ndm: Command::Base: argument parse error. 
[I] Jul 12 20:14:08 ndm: UPnP::Manager: using LAN interface: Bridge0. 
[I] Jul 12 20:14:08 ndm: Dhcp::Server: service enabled. 
[I] Jul 12 20:14:08 ndm: Dns::Manager: DNS proxy enabled. 
[I] Jul 12 20:14:08 ndm: Igmp::Proxy: IGMP proxy enabled. 
[I] Jul 12 20:14:08 ndm: Http::Manager: HTTP service was enabled. 
[I] Jul 12 20:14:08 ndm: Cifs::ServerTsmb: enabled. 
[I] Jul 12 20:14:08 ndm: Telnet::Server: telnet server enabled. 
[I] Jul 12 20:14:08 ndm: Ntp::Server: enabled. 
[I] Jul 12 20:14:08 ndm: Ntp::Client: NTP service enabled. 
[I] Jul 12 20:14:08 ndm: Cifs::ServerTsmb: automount enabled. 
[I] Jul 12 20:14:08 ndm: Cifs::ServerTsmb: permissive mode enabled. 
[I] Jul 12 20:14:08 ndm: Dns::Manager: enabled rebind protection. 
[I] Jul 12 20:14:08 ndm: Dns::Manager: enable DNS filter engine "public". 
[I] Jul 12 20:14:08 ndm: Dns::Manager: proxy reload. 
[I] Jul 12 20:14:08 ndm: Dns::Filter::Public: enabled. 
[I] Jul 12 20:14:08 ndm: Mdns::Manager: reflector disabled. 
[I] Jul 12 20:14:08 ndm: EasyConfig::Manager: disabled. 
[I] Jul 12 20:14:08 ndm: Components::Manager: components auto-update enabled. 
[I] Jul 12 20:14:08 ndm: Components::Manager: auto-update channel is "stable". 
[I] Jul 12 20:14:08 ndm: Components::Manager: set auto-update schedule "schedule0". 
[I] Jul 12 20:14:08 ndm: CloudControl2::Agent: security level unchanged. 
[I] Jul 12 20:14:08 ndm: Core::Server: system ready, core startup time is 32 seconds. 
[I] Jul 12 20:14:08 ndm: Network::Interface::Base: "WifiMaster0": "wifi-radio" changed "link" layer state "pending" to "running". 
[I] Jul 12 20:14:08 ndm: Network::Interface::Base: "WifiMaster1": "wifi-radio" changed "link" layer state "pending" to "running". 
[I] Jul 12 20:14:08 kernel: br0: port 4(ra9.1) entered blocking state
[I] Jul 12 20:14:08 kernel: br0: port 4(ra9.1) entered disabled state
[I] Jul 12 20:14:08 kernel: device ra9.1 entered promiscuous mode
[I] Jul 12 20:14:08 kernel: device ra9 entered promiscuous mode
[I] Jul 12 20:14:08 kernel: br0: port 4(ra9.1) entered blocking state
[I] Jul 12 20:14:08 kernel: br0: port 4(ra9.1) entered forwarding state
[I] Jul 12 20:14:08 kernel: br0: port 5(ra4.1) entered blocking state
[I] Jul 12 20:14:08 kernel: br0: port 5(ra4.1) entered disabled state
[I] Jul 12 20:14:08 kernel: device ra4.1 entered promiscuous mode
[I] Jul 12 20:14:08 kernel: device ra4 entered promiscuous mode
[I] Jul 12 20:14:08 kernel: br0: port 5(ra4.1) entered blocking state
[I] Jul 12 20:14:08 kernel: br0: port 5(ra4.1) entered forwarding state
[I] Jul 12 20:14:08 ndm: Network::Interface::Base: "WifiMaster0/AccessPoint0": "wifi" changed "link" layer state "pending" to "running". 
[I] Jul 12 20:14:08 ndm: Network::Interface::Mtk::AccessPoint: "WifiMaster0/AccessPoint0": peer isolation disabled. 
[I] Jul 12 20:14:08 ndm: Network::Interface::Base: "WifiMaster1/AccessPoint0": schedule cleared. 
[I] Jul 12 20:14:08 ndm: Network::Interface::Wireless: "WifiMaster1/AccessPoint0": SSID saved. 
[I] Jul 12 20:14:08 ndm: Network::Interface::Mtk::AccessPoint: "WifiMaster1/AccessPoint0": SSID broadcasting enabled. 
[I] Jul 12 20:14:08 ndm: Network::Interface::Wifi: "WifiMaster1/AccessPoint0": WPA PSK set. 
[I] Jul 12 20:14:08 ndm: Network::Interface::Mtk::AccessPoint: "WifiMaster1/AccessPoint0": wireless encryption enabled. 
[I] Jul 12 20:14:08 ndm: Network::Interface::Mtk::AccessPoint: "WifiMaster1/AccessPoint0": WPA disabled. 
[I] Jul 12 20:14:08 ndm: Network::Interface::Mtk::AccessPoint: "WifiMaster1/AccessPoint0": WPA2 enabled. 
[I] Jul 12 20:14:08 ndm: Network::Interface::Mtk::AccessPoint: "WifiMaster1/AccessPoint0": WPA3 disabled. 
[I] Jul 12 20:14:08 ndm: Network::Interface::Mtk::AccessPoint: "WifiMaster1/AccessPoint0": OWE disabled. 
[I] Jul 12 20:14:08 ndm: Network::Interface::Mtk::AccessPoint: "WifiMaster1/AccessPoint0": RRM enabled. 
[I] Jul 12 20:14:08 ndm: Network::Interface::Mtk::AccessPoint: "WifiMaster1/AccessPoint0": BTM enabled. 
[I] Jul 12 20:14:08 ndm: Network::Interface::Mtk::AccessPoint: "WifiMaster1/AccessPoint0": fast transition enabled. 
[I] Jul 12 20:14:08 ndm: Network::Interface::Mtk::AccessPoint: "WifiMaster1/AccessPoint0": fast transition MDID set to "vU". 
[I] Jul 12 20:14:08 ndm: Network::Interface::Mtk::AccessPoint: "WifiMaster1/AccessPoint0": peer isolation disabled. 
[I] Jul 12 20:14:08 ndm: Network::Interface::Base: "WifiMaster1/AccessPoint1": schedule cleared. 
[I] Jul 12 20:14:08 ndm: Network::Interface::Wireless: "WifiMaster1/AccessPoint1": SSID saved. 
[I] Jul 12 20:14:08 ndm: Network::Interface::Mtk::AccessPoint: "WifiMaster1/AccessPoint1": SSID broadcasting enabled. 
[I] Jul 12 20:14:08 ndm: Network::Interface::Wifi: "WifiMaster1/AccessPoint1": WPA PSK set. 
[I] Jul 12 20:14:08 ndm: Network::Interface::Mtk::AccessPoint: "WifiMaster1/AccessPoint1": wireless encryption disabled. 
[I] Jul 12 20:14:08 ndm: Network::Interface::Mtk::AccessPoint: "WifiMaster1/AccessPoint1": WPA disabled. 
[I] Jul 12 20:14:08 ndm: Network::Interface::Mtk::AccessPoint: "WifiMaster1/AccessPoint1": WPA2 disabled. 
[I] Jul 12 20:14:08 ndm: Network::Interface::Mtk::AccessPoint: "WifiMaster1/AccessPoint1": WPA3 disabled. 
[I] Jul 12 20:14:08 ndm: Network::Interface::Mtk::AccessPoint: "WifiMaster1/AccessPoint1": OWE disabled. 
[I] Jul 12 20:14:08 ndm: Network::Interface::Mtk::AccessPoint: "WifiMaster1/AccessPoint1": RRM enabled. 
[I] Jul 12 20:14:08 ndm: Network::Interface::Mtk::AccessPoint: "WifiMaster1/AccessPoint1": BTM enabled. 
[I] Jul 12 20:14:08 ndm: Network::Interface::Mtk::AccessPoint: "WifiMaster1/AccessPoint1": fast transition enabled. 
[I] Jul 12 20:14:08 ndm: Network::Interface::Mtk::AccessPoint: "WifiMaster1/AccessPoint1": fast transition MDID set to "PU". 
[I] Jul 12 20:14:08 ndm: Network::Interface::Base: "WifiMaster1/AccessPoint0": "wifi" changed "link" layer state "pending" to "running". 
[I] Jul 12 20:14:08 kernel: br1: port 4(ra9.2) entered blocking state
[I] Jul 12 20:14:08 kernel: br1: port 4(ra9.2) entered disabled state
[I] Jul 12 20:14:08 kernel: device ra9.2 entered promiscuous mode
[I] Jul 12 20:14:08 kernel: br1: port 5(ra4.2) entered blocking state
[I] Jul 12 20:14:08 kernel: br1: port 5(ra4.2) entered disabled state
[I] Jul 12 20:14:08 kernel: device ra4.2 entered promiscuous mode
[I] Jul 12 20:14:08 ndm: Network::Interface::Mtk::AccessPoint: "WifiMaster0/AccessPoint1": peer isolation enabled. 
[I] Jul 12 20:14:08 ndm: Network::Interface::Mtk::AccessPoint: "WifiMaster1/AccessPoint1": peer isolation enabled. 
[I] Jul 12 20:14:08 ndm: Hotspot::Discovery::Explorer: "Bridge0": Interface Bridge0 IPv4 neighbour explorer started. 
[I] Jul 12 20:14:08 ndm: Usb::Hotplug::Manager: scanning hardware... 
[I] Jul 12 20:14:09 ndm: Usb::Hotplug::Manager: scanning hardware: done. 
[I] Jul 12 20:14:09 ndm: Core::System::DriverManager: loading /lib/modules/4.9-ndm-5/xhci-hcd.ko. 
[I] Jul 12 20:14:09 ndm: Core::System::DriverManager: loading /lib/modules/4.9-ndm-5/xhci-mtk.ko. 
[I] Jul 12 20:14:09 kernel: xhci-mtk xhci-mtk: xHCI Host Controller
[I] Jul 12 20:14:09 kernel: xhci-mtk xhci-mtk: new USB bus registered, assigned bus number 1
[I] Jul 12 20:14:09 kernel: U2PHY P0 set SRCTRL calibration value: 3
[I] Jul 12 20:14:09 kernel: U2PHY P1 set SRCTRL calibration value: 3
[I] Jul 12 20:14:09 kernel: xhci-mtk xhci-mtk: hcc params 0x01401198 hci version 0x96 quirks 0x00294810
[I] Jul 12 20:14:09 kernel: xhci-mtk xhci-mtk: irq 37, io mem 0x1e1c0000
[I] Jul 12 20:14:09 kernel: usb usb1: New USB device found, idVendor=1d6b, idProduct=0002, bcdDevice= 4.09
[I] Jul 12 20:14:09 kernel: usb usb1: New USB device strings: Mfr=3, Product=2, SerialNumber=1
[I] Jul 12 20:14:09 kernel: usb usb1: Product: xHCI Host Controller
[I] Jul 12 20:14:09 kernel: usb usb1: Manufacturer: Linux 4.9-ndm-5 xhci-hcd
[I] Jul 12 20:14:09 kernel: usb usb1: SerialNumber: xhci-mtk
[I] Jul 12 20:14:09 kernel: hub 1-0:1.0: USB hub found
[I] Jul 12 20:14:09 kernel: hub 1-0:1.0: 2 ports detected
[I] Jul 12 20:14:09 kernel: xhci-mtk xhci-mtk: xHCI Host Controller
[I] Jul 12 20:14:09 kernel: xhci-mtk xhci-mtk: new USB bus registered, assigned bus number 2
[I] Jul 12 20:14:09 kernel: xhci-mtk xhci-mtk: Host supports USB 3.0 SuperSpeed
[I] Jul 12 20:14:09 kernel: usb usb2: New USB device found, idVendor=1d6b, idProduct=0003, bcdDevice= 4.09
[I] Jul 12 20:14:09 kernel: usb usb2: New USB device strings: Mfr=3, Product=2, SerialNumber=1
[I] Jul 12 20:14:09 kernel: usb usb2: Product: xHCI Host Controller
[I] Jul 12 20:14:09 kernel: usb usb2: Manufacturer: Linux 4.9-ndm-5 xhci-hcd
[I] Jul 12 20:14:09 kernel: usb usb2: SerialNumber: xhci-mtk
[I] Jul 12 20:14:09 kernel: hub 2-0:1.0: USB hub found
[I] Jul 12 20:14:09 kernel: hub 2-0:1.0: 1 port detected
[I] Jul 12 20:14:09 kernel: Disable SMB fastpath
[I] Jul 12 20:14:09 kernel: Enable SMB fastpath for 192.168.1.1/255.255.255.0
[I] Jul 12 20:14:09 ndm: Http::Manager: disabled NDMP passthrough. 
[I] Jul 12 20:14:09 ndm: Core::System::DriverManager: loading /lib/modules/4.9-ndm-5/igmpsn.ko. 
[I] Jul 12 20:14:09 kernel: igmpsn: NDM IGMP Switch Snooping Module, v4.3.5
[I] Jul 12 20:14:09 ndm: Network::Interface::Mtk::WifiMaster: "WifiMaster1": auto channel mode set. 
[I] Jul 12 20:14:10 ndm: Http::Nginx: loaded SSL certificate for "12044d7e7149778e43052bab.keenetic.io". 
[I] Jul 12 20:14:10 telnetd: waiting for connections... 
[I] Jul 12 20:14:10 kernel: usb 1-2: new high-speed USB device number 2 using xhci-mtk
[I] Jul 12 20:14:10 ndm: Core::Server: started Session /var/run/ndm.core.socket. 
[I] Jul 12 20:14:10 ndm: Core::Session: client disconnected. 
[I] Jul 12 20:14:10 kernel: usb 1-2: New USB device found, idVendor=1286, idProduct=8181, bcdDevice= 0.00
[I] Jul 12 20:14:10 kernel: usb 1-2: New USB device strings: Mfr=3, Product=2, SerialNumber=0
[I] Jul 12 20:14:10 kernel: usb 1-2: Product: NZHA3
[I] Jul 12 20:14:10 kernel: usb 1-2: Manufacturer: MARVELL
[I] Jul 12 20:14:10 mtkiappd: MediaTek IAPP daemon v2.0.11 started on br0. 
[I] Jul 12 20:14:10 ndm: Http::Manager: updated configuration. 
[I] Jul 12 20:14:10 ndm: Core::System::DriverManager: loading /lib/modules/4.9-ndm-5/hw_nat.ko. 
